Component: ARM Compiler 5.06 update 5 (build 528) Tool: armlink [4d35e2]

==============================================================================

Section Cross References

    startup_stm32f407xx.o(RESET) refers to startup_stm32f407xx.o(STACK) for __initial_sp
    startup_stm32f407xx.o(RESET) refers to startup_stm32f407xx.o(.text) for Reset_Handler
    startup_stm32f407xx.o(RESET) refers to stm32f4xx_it.o(i.NMI_Handler) for NMI_Handler
    startup_stm32f407xx.o(RESET) refers to stm32f4xx_it.o(i.HardFault_Handler) for HardFault_Handler
    startup_stm32f407xx.o(RESET) refers to stm32f4xx_it.o(i.MemManage_Handler) for MemManage_Handler
    startup_stm32f407xx.o(RESET) refers to stm32f4xx_it.o(i.BusFault_Handler) for BusFault_Handler
    startup_stm32f407xx.o(RESET) refers to stm32f4xx_it.o(i.UsageFault_Handler) for UsageFault_Handler
    startup_stm32f407xx.o(RESET) refers to stm32f4xx_it.o(i.SVC_Handler) for SVC_Handler
    startup_stm32f407xx.o(RESET) refers to stm32f4xx_it.o(i.DebugMon_Handler) for DebugMon_Handler
    startup_stm32f407xx.o(RESET) refers to stm32f4xx_it.o(i.PendSV_Handler) for PendSV_Handler
    startup_stm32f407xx.o(RESET) refers to stm32f4xx_it.o(i.SysTick_Handler) for SysTick_Handler
    startup_stm32f407xx.o(RESET) refers to stm32f4xx_it.o(i.OTG_FS_IRQHandler) for OTG_FS_IRQHandler
    startup_stm32f407xx.o(.text) refers to system_stm32f4xx.o(i.SystemInit) for SystemInit
    startup_stm32f407xx.o(.text) refers to entry.o(.ARM.Collect$$$$00000000) for __main
    maincpp.o(i.Error_Handler) refers to stm32f4xx_hal_gpio.o(i.HAL_GPIO_WritePin) for HAL_GPIO_WritePin
    maincpp.o(i.Error_Handler) refers to stm32f4xx_hal.o(i.HAL_Delay) for HAL_Delay
    maincpp.o(i._Z12MX_GPIO_Initv) refers to memseta.o(.text) for __aeabi_memclr4
    maincpp.o(i._Z12MX_GPIO_Initv) refers to stm32f4xx_hal_gpio.o(i.HAL_GPIO_WritePin) for HAL_GPIO_WritePin
    maincpp.o(i._Z12MX_GPIO_Initv) refers to stm32f4xx_hal_gpio.o(i.HAL_GPIO_Init) for HAL_GPIO_Init
    maincpp.o(i._Z12MX_SPI1_Initv) refers to stm32f4xx_hal_spi.o(i.HAL_SPI_Init) for HAL_SPI_Init
    maincpp.o(i._Z12MX_SPI1_Initv) refers to maincpp.o(i.Error_Handler) for Error_Handler
    maincpp.o(i._Z12MX_SPI1_Initv) refers to maincpp.o(.bss) for hspi1
    maincpp.o(i._Z13MX_UART4_Initv) refers to stm32f4xx_hal_uart.o(i.HAL_UART_Init) for HAL_UART_Init
    maincpp.o(i._Z13MX_UART4_Initv) refers to maincpp.o(i.Error_Handler) for Error_Handler
    maincpp.o(i._Z13MX_UART4_Initv) refers to maincpp.o(.bss) for huart4
    maincpp.o(i._Z18SystemClock_Configv) refers to memseta.o(.text) for __aeabi_memclr4
    maincpp.o(i._Z18SystemClock_Configv) refers to stm32f4xx_hal_rcc.o(i.HAL_RCC_OscConfig) for HAL_RCC_OscConfig
    maincpp.o(i._Z18SystemClock_Configv) refers to maincpp.o(i.Error_Handler) for Error_Handler
    maincpp.o(i._Z18SystemClock_Configv) refers to stm32f4xx_hal_rcc.o(i.HAL_RCC_ClockConfig) for HAL_RCC_ClockConfig
    maincpp.o(i.main) refers to stm32f4xx_hal.o(i.HAL_Init) for HAL_Init
    maincpp.o(i.main) refers to maincpp.o(i._Z18SystemClock_Configv) for SystemClock_Config()
    maincpp.o(i.main) refers to maincpp.o(i._Z12MX_GPIO_Initv) for MX_GPIO_Init()
    maincpp.o(i.main) refers to maincpp.o(i._Z12MX_SPI1_Initv) for MX_SPI1_Init()
    maincpp.o(i.main) refers to maincpp.o(i._Z13MX_UART4_Initv) for MX_UART4_Init()
    maincpp.o(i.main) refers to usb_device.o(i.MX_USB_DEVICE_Init) for MX_USB_DEVICE_Init
    maincpp.o(i.main) refers to stm32f4xx_hal_gpio.o(i.HAL_GPIO_ReadPin) for HAL_GPIO_ReadPin
    maincpp.o(i.main) refers to a_rf24.o(i._ZN4RF24C1Ett) for RF24::RF24(unsigned short, unsigned short)
    maincpp.o(i.main) refers to a_rf24.o(i._ZN4RF245beginEv) for RF24::begin()
    maincpp.o(i.main) refers to a_rf24.o(i._ZN4RF2415openWritingPipeEPKh) for RF24::openWritingPipe(const unsigned char*)
    maincpp.o(i.main) refers to a_rf24.o(i._ZN4RF2410setPALevelEh) for RF24::setPALevel(unsigned char)
    maincpp.o(i.main) refers to a_rf24.o(i._ZN4RF2411setDataRateE15rf24_datarate_e) for RF24::setDataRate(rf24_datarate_e)
    maincpp.o(i.main) refers to a_rf24.o(i._ZN4RF2410setChannelEh) for RF24::setChannel(unsigned char)
    maincpp.o(i.main) refers to a_rf24.o(i._ZN4RF2413stopListeningEv) for RF24::stopListening()
    maincpp.o(i.main) refers to memcpya.o(.text) for __aeabi_memcpy4
    maincpp.o(i.main) refers to a_rf24.o(i._ZN4RF2410getChannelEv) for RF24::getChannel()
    maincpp.o(i.main) refers to printf8.o(i.__0sprintf$8) for __2sprintf
    maincpp.o(i.main) refers to usbd_cdc_if.o(i.CDC_Transmit_FS) for CDC_Transmit_FS
    maincpp.o(i.main) refers to a_rf24.o(i._ZN4RF2411getDataRateEv) for RF24::getDataRate()
    maincpp.o(i.main) refers to a_rf24.o(i._ZN4RF2410get_statusEv) for RF24::get_status()
    maincpp.o(i.main) refers to a_rf24.o(i._ZN4RF245writeEPKvh) for RF24::write(const void*, unsigned char)
    maincpp.o(i.main) refers to stm32f4xx_hal.o(i.HAL_Delay) for HAL_Delay
[...]
    USBD_GetDescriptor                       0x08002f33   Thumb Code   338  usbd_ctlreq.o(i.USBD_GetDescriptor)
    i.USBD_GetLen                            0x08003084   Section        0  usbd_ctlreq.o(i.USBD_GetLen)
    USBD_GetLen                              0x08003085   Thumb Code    20  usbd_ctlreq.o(i.USBD_GetLen)
    i.USBD_GetStatus                         0x08003098   Section        0  usbd_ctlreq.o(i.USBD_GetStatus)
    USBD_GetStatus                           0x08003099   Thumb Code    90  usbd_ctlreq.o(i.USBD_GetStatus)
    i.USBD_GetString                         0x080030f2   Section        0  usbd_ctlreq.o(i.USBD_GetString)
    i.USBD_Get_USB_Status                    0x08003144   Section        0  usbd_conf.o(i.USBD_Get_USB_Status)
    i.USBD_Init                              0x08003170   Section        0  usbd_core.o(i.USBD_Init)
    i.USBD_LL_ClearStallEP                   0x080031a2   Section        0  usbd_conf.o(i.USBD_LL_ClearStallEP)
    i.USBD_LL_CloseEP                        0x080031c8   Section        0  usbd_conf.o(i.USBD_LL_CloseEP)
    i.USBD_LL_DataInStage                    0x080031ee   Section        0  usbd_core.o(i.USBD_LL_DataInStage)
    i.USBD_LL_DataOutStage                   0x080032ee   Section        0  usbd_core.o(i.USBD_LL_DataOutStage)
    i.USBD_LL_DevConnected                   0x08003394   Section        0  usbd_core.o(i.USBD_LL_DevConnected)
    i.USBD_LL_DevDisconnected                0x0800339a   Section        0  usbd_core.o(i.USBD_LL_DevDisconnected)
    i.USBD_LL_GetRxDataSize                  0x080033b4   Section        0  usbd_conf.o(i.USBD_LL_GetRxDataSize)
    i.USBD_LL_Init                           0x080033c8   Section        0  usbd_conf.o(i.USBD_LL_Init)
    i.USBD_LL_IsStallEP                      0x08003430   Section        0  usbd_conf.o(i.USBD_LL_IsStallEP)
    i.USBD_LL_IsoINIncomplete                0x08003468   Section        0  usbd_core.o(i.USBD_LL_IsoINIncomplete)
    i.USBD_LL_IsoOUTIncomplete               0x0800346e   Section        0  usbd_core.o(i.USBD_LL_IsoOUTIncomplete)
    i.USBD_LL_OpenEP                         0x08003474   Section        0  usbd_conf.o(i.USBD_LL_OpenEP)
    i.USBD_LL_PrepareReceive                 0x080034a4   Section        0  usbd_conf.o(i.USBD_LL_PrepareReceive)
    i.USBD_LL_Reset                          0x080034d4   Section        0  usbd_core.o(i.USBD_LL_Reset)
    i.USBD_LL_Resume                         0x08003530   Section        0  usbd_core.o(i.USBD_LL_Resume)
    i.USBD_LL_SOF                            0x0800353e   Section        0  usbd_core.o(i.USBD_LL_SOF)
    i.USBD_LL_SetSpeed                       0x08003560   Section        0  usbd_core.o(i.USBD_LL_SetSpeed)
    i.USBD_LL_SetUSBAddress                  0x08003568   Section        0  usbd_conf.o(i.USBD_LL_SetUSBAddress)
    i.USBD_LL_SetupStage                     0x0800358e   Section        0  usbd_core.o(i.USBD_LL_SetupStage)
    i.USBD_LL_StallEP                        0x080035fc   Section        0  usbd_conf.o(i.USBD_LL_StallEP)
    i.USBD_LL_Start                          0x08003622   Section        0  usbd_conf.o(i.USBD_LL_Start)
    i.USBD_LL_Suspend                        0x08003640   Section        0  usbd_core.o(i.USBD_LL_Suspend)
    i.USBD_LL_Transmit                       0x08003654   Section        0  usbd_conf.o(i.USBD_LL_Transmit)
    i.USBD_ParseSetupRequest                 0x08003684   Section        0  usbd_ctlreq.o(i.USBD_ParseSetupRequest)
    i.USBD_RegisterClass                     0x080036ac   Section        0  usbd_core.o(i.USBD_RegisterClass)
    i.USBD_RunTestMode                       0x080036bc   Section        0  usbd_core.o(i.USBD_RunTestMode)
    i.USBD_SetAddress                        0x080036c2   Section        0  usbd_ctlreq.o(i.USBD_SetAddress)
    USBD_SetAddress                          0x080036c3   Thumb Code    90  usbd_ctlreq.o(i.USBD_SetAddress)
    i.USBD_SetClassConfig                    0x0800371c   Section        0  usbd_core.o(i.USBD_SetClassConfig)
    i.USBD_SetConfig                         0x08003740   Section        0  usbd_ctlreq.o(i.USBD_SetConfig)
    USBD_SetConfig                           0x08003741   Thumb Code   228  usbd_ctlreq.o(i.USBD_SetConfig)
    i.USBD_SetFeature                        0x08003828   Section        0  usbd_ctlreq.o(i.USBD_SetFeature)
    USBD_SetFeature                          0x08003829   Thumb Code    24  usbd_ctlreq.o(i.USBD_SetFeature)
    i.USBD_Start                             0x08003840   Section        0  usbd_core.o(i.USBD_Start)
    i.USBD_StdDevReq                         0x0800384e   Section        0  usbd_ctlreq.o(i.USBD_StdDevReq)
    i.USBD_StdEPReq                          0x080038f0   Section        0  usbd_ctlreq.o(i.USBD_StdEPReq)
    i.USBD_StdItfReq                         0x08003b28   Section        0  usbd_ctlreq.o(i.USBD_StdItfReq)
    i.USB_ActivateEndpoint                   0x08003ba8   Section        0  stm32f4xx_ll_usb.o(i.USB_ActivateEndpoint)
    i.USB_ActivateSetup                      0x08003c78   Section        0  stm32f4xx_ll_usb.o(i.USB_ActivateSetup)
    i.USB_CoreInit                           0x08003cc0   Section        0  stm32f4xx_ll_usb.o(i.USB_CoreInit)
    i.USB_CoreReset                          0x08003d44   Section        0  stm32f4xx_ll_usb.o(i.USB_CoreReset)
    USB_CoreReset                            0x08003d45   Thumb Code    70  stm32f4xx_ll_usb.o(i.USB_CoreReset)
    i.USB_DeactivateEndpoint                 0x08003d90   Section        0  stm32f4xx_ll_usb.o(i.USB_DeactivateEndpoint)
    i.USB_DevConnect                         0x08003e54   Section        0  stm32f4xx_ll_usb.o(i.USB_DevConnect)
    i.USB_DevDisconnect                      0x08003e74   Section        0  stm32f4xx_ll_usb.o(i.USB_DevDisconnect)
    i.USB_DevInit                            0x08003e94   Section        0  stm32f4xx_ll_usb.o(i.USB_DevInit)
    i.USB_DisableGlobalInt                   0x08004088   Section        0  stm32f4xx_ll_usb.o(i.USB_DisableGlobalInt)
    i.USB_EP0StartXfer                       0x08004098   Section        0  stm32f4xx_ll_usb.o(i.USB_EP0StartXfer)
    i.USB_EP0_OutStart                       0x08004258   Section        0  stm32f4xx_ll_usb.o(i.USB_EP0_OutStart)
    i.USB_EPClearStall                       0x080042c8   Section        0  stm32f4xx_ll_usb.o(i.USB_EPClearStall)
    i.USB_EPSetStall                         0x08004356   Section        0  stm32f4xx_ll_usb.o(i.USB_EPSetStall)
    i.USB_EPStartXfer                        0x080043f0   Section        0  stm32f4xx_ll_usb.o(i.USB_EPStartXfer)
    i.USB_EnableGlobalInt                    0x080046e0   Section        0  stm32f4xx_ll_usb.o(i.USB_EnableGlobalInt)
    i.USB_FlushRxFifo                        0x080046f0   Section        0  stm32f4xx_ll_usb.o(i.USB_FlushRxFifo)
    i.USB_FlushTxFifo                        0x0800471c   Section        0  stm32f4xx_ll_usb.o(i.USB_FlushTxFifo)
    i.USB_GetDevSpeed                        0x0800474c   Section        0  stm32f4xx_ll_usb.o(i.USB_GetDevSpeed)
    i.USB_GetMode                            0x08004772   Section        0  stm32f4xx_ll_usb.o(i.USB_GetMode)
    i.USB_ReadDevAllInEpInterrupt            0x0800477c   Section        0  stm32f4xx_ll_usb.o(i.USB_ReadDevAllInEpInterrupt)
    i.USB_ReadDevAllOutEpInterrupt           0x08004790   Section        0  stm32f4xx_ll_usb.o(i.USB_ReadDevAllOutEpInterrupt)
    i.USB_ReadDevInEPInterrupt               0x080047a4   Section        0  stm32f4xx_ll_usb.o(i.USB_ReadDevInEPInterrupt)
    i.USB_ReadDevOutEPInterrupt              0x080047d6   Section        0  stm32f4xx_ll_usb.o(i.USB_ReadDevOutEPInterrupt)
    i.USB_ReadInterrupts                     0x080047f0   Section        0  stm32f4xx_ll_usb.o(i.USB_ReadInterrupts)
    i.USB_ReadPacket                         0x080047fa   Section        0  stm32f4xx_ll_usb.o(i.USB_ReadPacket)
    i.USB_SetCurrentMode                     0x0800481c   Section        0  stm32f4xx_ll_usb.o(i.USB_SetCurrentMode)
    i.USB_SetDevAddress                      0x08004852   Section        0  stm32f4xx_ll_usb.o(i.USB_SetDevAddress)
    i.USB_SetDevSpeed                        0x0800487c   Section        0  stm32f4xx_ll_usb.o(i.USB_SetDevSpeed)
    i.USB_SetTurnaroundTime                  0x08004890   Section        0  stm32f4xx_ll_usb.o(i.USB_SetTurnaroundTime)
    i.USB_WritePacket                        0x08004978   Section        0  stm32f4xx_ll_usb.o(i.USB_WritePacket)
    i.UsageFault_Handler                     0x080049b4   Section        0  stm32f4xx_it.o(i.UsageFault_Handler)
    i._Z12MX_GPIO_Initv                      0x080049b8   Section        0  maincpp.o(i._Z12MX_GPIO_Initv)
    MX_GPIO_Init()                           0x080049b9   Thumb Code   306  maincpp.o(i._Z12MX_GPIO_Initv)
    i._Z12MX_SPI1_Initv                      0x08004b00   Section        0  maincpp.o(i._Z12MX_SPI1_Initv)
    MX_SPI1_Init()                           0x08004b01   Thumb Code    60  maincpp.o(i._Z12MX_SPI1_Initv)
    i._Z13MX_UART4_Initv                     0x08004b44   Section        0  maincpp.o(i._Z13MX_UART4_Initv)
    MX_UART4_Init()                          0x08004b45   Thumb Code    46  maincpp.o(i._Z13MX_UART4_Initv)
    i._Z17delayMicrosecondsj                 0x08004b7c   Section        0  a_rf24.o(i._Z17delayMicrosecondsj)
    i._Z18SystemClock_Configv                0x08004bbc   Section        0  maincpp.o(i._Z18SystemClock_Configv)
    i._ZN4RF2410getChannelEv                 0x08004c64   Section        0  a_rf24.o(i._ZN4RF2410getChannelEv)
    i._ZN4RF2410get_statusEv                 0x08004c72   Section        0  a_rf24.o(i._ZN4RF2410get_statusEv)
    i._ZN4RF2410setChannelEh                 0x08004c80   Section        0  a_rf24.o(i._ZN4RF2410setChannelEh)
    i._ZN4RF2410setPALevelEh                 0x08004c9e   Section        0  a_rf24.o(i._ZN4RF2410setPALevelEh)
    i._ZN4RF2410setRetriesEhh                0x08004cd2   Section        0  a_rf24.o(i._ZN4RF2410setRetriesEhh)
    i._ZN4RF2411getDataRateEv                0x08004cf0   Section        0  a_rf24.o(i._ZN4RF2411getDataRateEv)
    i._ZN4RF2411setDataRateE15rf24_datarate_e 0x08004d16   Section        0  a_rf24.o(i._ZN4RF2411setDataRateE15rf24_datarate_e)
    i._ZN4RF2412digitalWriteEtb              0x08004d6c   Section        0  a_rf24.o(i._ZN4RF2412digitalWriteEtb)
    i._ZN4RF2413read_registerEh              0x08004dfc   Section        0  a_rf24.o(i._ZN4RF2413read_registerEh)
    i._ZN4RF2413stopListeningEv              0x08004e2c   Section        0  a_rf24.o(i._ZN4RF2413stopListeningEv)
    i._ZN4RF2413write_payloadEPKvhh          0x08004e94   Section        0  a_rf24.o(i._ZN4RF2413write_payloadEPKvhh)
    i._ZN4RF2414endTransactionEv             0x08004f10   Section        0  a_rf24.o(i._ZN4RF2414endTransactionEv)
    i._ZN4RF2414startFastWriteEPKvhbb        0x08004f1e   Section        0  a_rf24.o(i._ZN4RF2414startFastWriteEPKvhbb)
    i._ZN4RF2414write_registerEhPKhh         0x08004f54   Section        0  a_rf24.o(i._ZN4RF2414write_registerEhPKhh)
    i._ZN4RF2414write_registerEhh            0x08004f9c   Section        0  a_rf24.o(i._ZN4RF2414write_registerEhh)
    i._ZN4RF2415openWritingPipeEPKh          0x08004fd4   Section        0  a_rf24.o(i._ZN4RF2415openWritingPipeEPKh)
    i._ZN4RF2415toggle_featuresEv            0x08005000   Section        0  a_rf24.o(i._ZN4RF2415toggle_featuresEv)
    i._ZN4RF2416beginTransactionEv           0x08005028   Section        0  a_rf24.o(i._ZN4RF2416beginTransactionEv)
    i._ZN4RF242ceEb                          0x08005036   Section        0  a_rf24.o(i._ZN4RF242ceEb)
    i._ZN4RF243csnEb                         0x08005050   Section        0  a_rf24.o(i._ZN4RF243csnEb)
    i._ZN4RF245beginEv                       0x08005068   Section        0  a_rf24.o(i._ZN4RF245beginEv)
    i._ZN4RF245writeEPKvh                    0x08005128   Section        0  a_rf24.o(i._ZN4RF245writeEPKvh)
    i._ZN4RF245writeEPKvhb                   0x0800513e   Section        0  a_rf24.o(i._ZN4RF245writeEPKvhb)
    i._ZN4RF247powerUpEv                     0x08005194   Section        0  a_rf24.o(i._ZN4RF247powerUpEv)
    i._ZN4RF248flush_rxEv                    0x080051bc   Section        0  a_rf24.o(i._ZN4RF248flush_rxEv)
    i._ZN4RF248flush_txEv                    0x080051ca   Section        0  a_rf24.o(i._ZN4RF248flush_txEv)
    i._ZN4RF248spiTransEh                    0x080051d8   Section        0  a_rf24.o(i._ZN4RF248spiTransEh)
    i._ZN4RF24C1Ett                          0x080051fc   Section        0  a_rf24.o(i._ZN4RF24C1Ett)
    i._ZN8SerialPI5beginEv                   0x08005218   Section        0  a_rf24.o(i._ZN8SerialPI5beginEv)
    i._ZN8SerialPI8transferEh                0x0800522c   Section        0  a_rf24.o(i._ZN8SerialPI8transferEh)
    i.__0sprintf$8                           0x080052ac   Section        0  printf8.o(i.__0sprintf$8)
    i.__NVIC_GetPriorityGrouping             0x080052d4   Section        0  stm32f4xx_hal_cortex.o(i.__NVIC_GetPriorityGrouping)
    __NVIC_GetPriorityGrouping               0x080052d5   Thumb Code    10  stm32f4xx_hal_cortex.o(i.__NVIC_GetPriorityGrouping)
    i.__NVIC_SetPriority                     0x080052e4   Section        0  stm32f4xx_hal_cortex.o(i.__NVIC_SetPriority)
    __NVIC_SetPriority                       0x080052e5   Thumb Code    32  stm32f4xx_hal_cortex.o(i.__NVIC_SetPriority)
    i.__scatterload_copy                     0x0800530c   Section       14  handlers.o(i.__scatterload_copy)
    i.__scatterload_null                     0x0800531a   Section        2  handlers.o(i.__scatterload_null)
    i.__scatterload_zeroinit                 0x0800531c   Section       14  handlers.o(i.__scatterload_zeroinit)
    i._printf_core                           0x0800532c   Section        0  printf8.o(i._printf_core)
    _printf_core                             0x0800532d   Thumb Code   996  printf8.o(i._printf_core)
    i._printf_post_padding                   0x0800573c   Section        0  printf8.o(i._printf_post_padding)
    _printf_post_padding                     0x0800573d   Thumb Code    36  printf8.o(i._printf_post_padding)
    i._printf_pre_padding                    0x08005760   Section        0  printf8.o(i._printf_pre_padding)
    _printf_pre_padding                      0x08005761   Thumb Code    46  printf8.o(i._printf_pre_padding)
    i._sputc                                 0x0800578e   Section        0  printf8.o(i._sputc)
    _sputc                                   0x0800578f   Thumb Code    10  printf8.o(i._sputc)
    i.free                                   0x08005798   Section        0  malloc.o(i.free)
    i.main                                   0x080057e8   Section        0  maincpp.o(i.main)
    i.malloc                                 0x08005950   Section        0  malloc.o(i.malloc)
    .constdata                               0x080059bc   Section       24  system_stm32f4xx.o(.constdata)
    .constdata                               0x080059d4   Section      174  a_rf24.o(.constdata)
    child_pipe_enable                        0x080059d4   Data           6  a_rf24.o(.constdata)
    child_pipe                               0x080059da   Data           6  a_rf24.o(.constdata)
    child_payload_size                       0x080059e0   Data           6  a_rf24.o(.constdata)
    .data                                    0x20000000   Section       16  usbd_cdc_if.o(.data)
    .data                                    0x20000010   Section       78  usbd_desc.o(.data)
    .data                                    0x20000060   Section        9  stm32f4xx_hal.o(.data)
    .data                                    0x2000006c   Section        4  system_stm32f4xx.o(.data)
    .data                                    0x20000070   Section        1  usbd_ctlreq.o(.data)
    cfgidx                                   0x20000070   Data           1  usbd_ctlreq.o(.data)
    .data                                    0x20000074   Section      271  usbd_cdc.o(.data)
    USBD_CDC_DeviceQualifierDesc             0x20000074   Data          10  usbd_cdc.o(.data)
    .data                                    0x20000183   Section        1  a_rf24.o(.data)
    .data                                    0x20000184   Section        4  mvars.o(.data)
    .data                                    0x20000188   Section        4  mvars.o(.data)
    .bss                                     0x2000018c   Section      352  maincpp.o(.bss)
    .bss                                     0x200002ec   Section      668  usb_device.o(.bss)
    .bss                                     0x20000588   Section     4096  usbd_cdc_if.o(.bss)
    .bss                                     0x20001588   Section     1032  usbd_conf.o(.bss)
    .bss                                     0x20001990   Section      512  usbd_desc.o(.bss)
    HEAP                                     0x20001b90   Section     8192  startup_stm32f407xx.o(HEAP)
    STACK                                    0x20003b90   Section    16384  startup_stm32f407xx.o(STACK)

    Global Symbols

    Symbol Name                              Value     Ov Type        Size  Object(Section)

    BuildAttributes$$THM_ISAv4$E$P$D$K$B$S$7EM$VFPi3$EXTD16$VFPS$VFMA$PE$A:L22UL41UL21$X:L11$S22US41US21$IEEE1$IW$USESV6$~STKCKD$USESV7$~SHL$OSPACE$ROPI$EBA8$MICROLIB$REQ8$PRES8$EABIv2 0x00000000   Number         0  anon$$obj.o ABSOLUTE
    __ARM_use_no_argv                        0x00000000   Number         0  maincpp.o ABSOLUTE
    _printf_a                                0x00000000   Number         0  stubs.o ABSOLUTE
    _printf_c                                0x00000000   Number         0  stubs.o ABSOLUTE
    _printf_charcount                        0x00000000   Number         0  stubs.o ABSOLUTE
    _printf_d                                0x00000000   Number         0  stubs.o ABSOLUTE
    _printf_e                                0x00000000   Number         0  stubs.o ABSOLUTE
    _printf_f                                0x00000000   Number         0  stubs.o ABSOLUTE
    _printf_flags                            0x00000000   Number         0  stubs.o ABSOLUTE
    _printf_fp_dec                           0x00000000   Number         0  stubs.o ABSOLUTE
    _printf_fp_hex                           0x00000000   Number         0  stubs.o ABSOLUTE
    _printf_g                                0x00000000   Number         0  stubs.o ABSOLUTE
    _printf_i                                0x00000000   Number         0  stubs.o ABSOLUTE
    _printf_int_dec                          0x00000000   Number         0  stubs.o ABSOLUTE
    _printf_l                                0x00000000   Number         0  stubs.o ABSOLUTE
    _printf_lc                               0x00000000   Number         0  stubs.o ABSOLUTE
    _printf_ll                               0x00000000   Number         0  stubs.o ABSOLUTE
    _printf_lld                              0x00000000   Number         0  stubs.o ABSOLUTE
    _printf_lli                              0x00000000   Number         0  stubs.o ABSOLUTE
    _printf_llo                              0x00000000   Number         0  stubs.o ABSOLUTE
    _printf_llu                              0x00000000   Number         0  stubs.o ABSOLUTE
    _printf_llx                              0x00000000   Number         0  stubs.o ABSOLUTE
    _printf_longlong_dec                     0x00000000   Number         0  stubs.o ABSOLUTE
    _printf_longlong_hex                     0x00000000   Number         0  stubs.o ABSOLUTE
    _printf_longlong_oct                     0x00000000   Number         0  stubs.o ABSOLUTE
    _printf_ls                               0x00000000   Number         0  stubs.o ABSOLUTE
    _printf_mbtowc                           0x00000000   Number         0  stubs.o ABSOLUTE
    _printf_n                                0x00000000   Number         0  stubs.o ABSOLUTE
    _printf_o                                0x00000000   Number         0  stubs.o ABSOLUTE
    _printf_p                                0x00000000   Number         0  stubs.o ABSOLUTE
    _printf_percent                          0x00000000   Number         0  stubs.o ABSOLUTE
    _printf_pre_padding                      0x00000000   Number         0  stubs.o ABSOLUTE
    _printf_return_value                     0x00000000   Number         0  stubs.o ABSOLUTE
    _printf_s                                0x00000000   Number         0  stubs.o ABSOLUTE
    _printf_sizespec                         0x00000000   Number         0  stubs.o ABSOLUTE
    _printf_str                              0x00000000   Number         0  stubs.o ABSOLUTE
    _printf_truncate_signed                  0x00000000   Number         0  stubs.o ABSOLUTE
    _printf_truncate_unsigned                0x00000000   Number         0  stubs.o ABSOLUTE
    _printf_u                                0x00000000   Number         0  stubs.o ABSOLUTE
    _printf_wc                               0x00000000   Number         0  stubs.o ABSOLUTE
    _printf_wctomb                           0x00000000   Number         0  stubs.o ABSOLUTE
    _printf_widthprec                        0x00000000   Number         0  stubs.o ABSOLUTE
    _printf_x                                0x00000000   Number         0  stubs.o ABSOLUTE
    __cpp_initialize__aeabi_                  - Undefined Weak Reference
    __cxa_finalize                            - Undefined Weak Reference
    _clock_init                               - Undefined Weak Reference
    _microlib_exit                            - Undefined Weak Reference
    __Vectors_Size                           0x00000188   Number         0  startup_stm32f407xx.o ABSOLUTE
    __Vectors                                0x08000000   Data           4  startup_stm32f407xx.o(RESET)
    __Vectors_End                            0x08000188   Data           0  startup_stm32f407xx.o(RESET)
    __main                                   0x08000189   Thumb Code     0  entry.o(.ARM.Collect$$$$00000000)
    _main_stk                                0x08000189   Thumb Code     0  entry2.o(.ARM.Collect$$$$00000001)
    _main_scatterload                        0x0800018d   Thumb Code     0  entry5.o(.ARM.Collect$$$$00000004)
    __main_after_scatterload                 0x08000191   Thumb Code     0  entry5.o(.ARM.Collect$$$$00000004)
    _main_clock                              0x08000191   Thumb Code     0  entry7b.o(.ARM.Collect$$$$00000008)
    _main_cpp_init                           0x08000191   Thumb Code     0  entry8b.o(.ARM.Collect$$$$0000000A)
    _main_init                               0x08000191   Thumb Code     0  entry9a.o(.ARM.Collect$$$$0000000B)
    __rt_final_cpp                           0x08000199   Thumb Code     0  entry10a.o(.ARM.Collect$$$$0000000D)
    __rt_final_exit                          0x08000199   Thumb Code     0  entry11a.o(.ARM.Collect$$$$0000000F)
    Reset_Handler                            0x0800019d   Thumb Code     8  startup_stm32f407xx.o(.text)
    ADC_IRQHandler                           0x080001b7   Thumb Code     0  startup_stm32f407xx.o(.text)
    CAN1_RX0_IRQHandler                      0x080001b7   Thumb Code     0  startup_stm32f407xx.o(.text)
    CAN1_RX1_IRQHandler                      0x080001b7   Thumb Code     0  startup_stm32f407xx.o(.text)
    CAN1_SCE_IRQHandler                      0x080001b7   Thumb Code     0  startup_stm32f407xx.o(.text)
    CAN1_TX_IRQHandler                       0x080001b7   Thumb Code     0  startup_stm32f407xx.o(.text)
    CAN2_RX0_IRQHandler                      0x080001b7   Thumb Code     0  startup_stm32f407xx.o(.text)
    CAN2_RX1_IRQHandler                      0x080001b7   Thumb Code     0  startup_stm32f407xx.o(.text)
    CAN2_SCE_IRQHandler                      0x080001b7   Thumb Code     0  startup_stm32f407xx.o(.text)
    CAN2_TX_IRQHandler                       0x080001b7   Thumb Code     0  startup_stm32f407xx.o(.text)
    DCMI_IRQHandler                          0x080001b7   Thumb Code     0  startup_stm32f407xx.o(.text)
    DMA1_Stream0_IRQHandler                  0x080001b7   Thumb Code     0  startup_stm32f407xx.o(.text)
    DMA1_Stream1_IRQHandler                  0x080001b7   Thumb Code     0  startup_stm32f407xx.o(.text)
    DMA1_Stream2_IRQHandler                  0x080001b7   Thumb Code     0  startup_stm32f407xx.o(.text)
    DMA1_Stream3_IRQHandler                  0x080001b7   Thumb Code     0  startup_stm32f407xx.o(.text)
    DMA1_Stream4_IRQHandler                  0x080001b7   Thumb Code     0  startup_stm32f407xx.o(.text)
    DMA1_Stream5_IRQHandler                  0x080001b7   Thumb Code     0  startup_stm32f407xx.o(.text)
    DMA1_Stream6_IRQHandler                  0x080001b7   Thumb Code     0  startup_stm32f407xx.o(.text)
    DMA1_Stream7_IRQHandler                  0x080001b7   Thumb Code     0  startup_stm32f407xx.o(.text)
    DMA2_Stream0_IRQHandler                  0x080001b7   Thumb Code     0  startup_stm32f407xx.o(.text)
    DMA2_Stream1_IRQHandler                  0x080001b7   Thumb Code     0  startup_stm32f407xx.o(.text)
    DMA2_Stream2_IRQHandler                  0x080001b7   Thumb Code     0  startup_stm32f407xx.o(.text)
    DMA2_Stream3_IRQHandler                  0x080001b7   Thumb Code     0  startup_stm32f407xx.o(.text)
    DMA2_Stream4_IRQHandler                  0x080001b7   Thumb Code     0  startup_stm32f407xx.o(.text)
    DMA2_Stream5_IRQHandler                  0x080001b7   Thumb Code     0  startup_stm32f407xx.o(.text)
    DMA2_Stream6_IRQHandler                  0x080001b7   Thumb Code     0  startup_stm32f407xx.o(.text)
    DMA2_Stream7_IRQHandler                  0x080001b7   Thumb Code     0  startup_stm32f407xx.o(.text)
    ETH_IRQHandler                           0x080001b7   Thumb Code     0  startup_stm32f407xx.o(.text)
    ETH_WKUP_IRQHandler                      0x080001b7   Thumb Code     0  startup_stm32f407xx.o(.text)
    EXTI0_IRQHandler                         0x080001b7   Thumb Code     0  startup_stm32f407xx.o(.text)
    EXTI15_10_IRQHandler                     0x080001b7   Thumb Code     0  startup_stm32f407xx.o(.text)
    EXTI1_IRQHandler                         0x080001b7   Thumb Code     0  startup_stm32f407xx.o(.text)
    EXTI2_IRQHandler                         0x080001b7   Thumb Code     0  startup_stm32f407xx.o(.text)
    EXTI3_IRQHandler                         0x080001b7   Thumb Code     0  startup_stm32f407xx.o(.text)
    EXTI4_IRQHandler                         0x080001b7   Thumb Code     0  startup_stm32f407xx.o(.text)
    EXTI9_5_IRQHandler                       0x080001b7   Thumb Code     0  startup_stm32f407xx.o(.text)
    FLASH_IRQHandler                         0x080001b7   Thumb Code     0  startup_stm32f407xx.o(.text)
    FMC_IRQHandler                           0x080001b7   Thumb Code     0  startup_stm32f407xx.o(.text)
    FPU_IRQHandler                           0x080001b7   Thumb Code     0  startup_stm32f407xx.o(.text)
    HASH_RNG_IRQHandler                      0x080001b7   Thumb Code     0  startup_stm32f407xx.o(.text)
    I2C1_ER_IRQHandler                       0x080001b7   Thumb Code     0  startup_stm32f407xx.o(.text)
    I2C1_EV_IRQHandler                       0x080001b7   Thumb Code     0  startup_stm32f407xx.o(.text)
    I2C2_ER_IRQHandler                       0x080001b7   Thumb Code     0  startup_stm32f407xx.o(.text)
    I2C2_EV_IRQHandler                       0x080001b7   Thumb Code     0  startup_stm32f407xx.o(.text)
    I2C3_ER_IRQHandler                       0x080001b7   Thumb Code     0  startup_stm32f407xx.o(.text)
    I2C3_EV_IRQHandler                       0x080001b7   Thumb Code     0  startup_stm32f407xx.o(.text)
    OTG_FS_WKUP_IRQHandler                   0x080001b7   Thumb Code     0  startup_stm32f407xx.o(.text)
    OTG_HS_EP1_IN_IRQHandler                 0x080001b7   Thumb Code     0  startup_stm32f407xx.o(.text)
    OTG_HS_EP1_OUT_IRQHandler                0x080001b7   Thumb Code     0  startup_stm32f407xx.o(.text)
    OTG_HS_IRQHandler                        0x080001b7   Thumb Code     0  startup_stm32f407xx.o(.text)
    OTG_HS_WKUP_IRQHandler                   0x080001b7   Thumb Code     0  startup_stm32f407xx.o(.text)
    PVD_IRQHandler                           0x080001b7   Thumb Code     0  startup_stm32f407xx.o(.text)
    RCC_IRQHandler                           0x080001b7   Thumb Code     0  startup_stm32f407xx.o(.text)
    RTC_Alarm_IRQHandler                     0x080001b7   Thumb Code     0  startup_stm32f407xx.o(.text)
    RTC_WKUP_IRQHandler                      0x080001b7   Thumb Code     0  startup_stm32f407xx.o(.text)
    SDIO_IRQHandler                          0x080001b7   Thumb Code     0  startup_stm32f407xx.o(.text)
    SPI1_IRQHandler                          0x080001b7   Thumb Code     0  startup_stm32f407xx.o(.text)
    SPI2_IRQHandler                          0x080001b7   Thumb Code     0  startup_stm32f407xx.o(.text)
    SPI3_IRQHandler                          0x080001b7   Thumb Code     0  startup_stm32f407xx.o(.text)
    TAMP_STAMP_IRQHandler                    0x080001b7   Thumb Code     0  startup_stm32f407xx.o(.text)
    TIM1_BRK_TIM9_IRQHandler                 0x080001b7   Thumb Code     0  startup_stm32f407xx.o(.text)
    TIM1_CC_IRQHandler                       0x080001b7   Thumb Code     0  startup_stm32f407xx.o(.text)
    TIM1_TRG_COM_TIM11_IRQHandler            0x080001b7   Thumb Code     0  startup_stm32f407xx.o(.text)
    TIM1_UP_TIM10_IRQHandler                 0x080001b7   Thumb Code     0  startup_stm32f407xx.o(.text)
    TIM2_IRQHandler                          0x080001b7   Thumb Code     0  startup_stm32f407xx.o(.text)
    TIM3_IRQHandler                          0x080001b7   Thumb Code     0  startup_stm32f407xx.o(.text)
    TIM4_IRQHandler                          0x080001b7   Thumb Code     0  startup_stm32f407xx.o(.text)
    TIM5_IRQHandler                          0x080001b7   Thumb Code     0  startup_stm32f407xx.o(.text)
    TIM6_DAC_IRQHandler                      0x080001b7   Thumb Code     0  startup_stm32f407xx.o(.text)
    TIM7_IRQHandler                          0x080001b7   Thumb Code     0  startup_stm32f407xx.o(.text)
    TIM8_BRK_TIM12_IRQHandler                0x080001b7   Thumb Code     0  startup_stm32f407xx.o(.text)
    TIM8_CC_IRQHandler                       0x080001b7   Thumb Code     0  startup_stm32f407xx.o(.text)
    TIM8_TRG_COM_TIM14_IRQHandler            0x080001b7   Thumb Code     0  startup_stm32f407xx.o(.text)
    TIM8_UP_TIM13_IRQHandler                 0x080001b7   Thumb Code     0  startup_stm32f407xx.o(.text)
    UART4_IRQHandler                         0x080001b7   Thumb Code     0  startup_stm32f407xx.o(.text)
    UART5_IRQHandler                         0x080001b7   Thumb Code     0  startup_stm32f407xx.o(.text)
    USART1_IRQHandler                        0x080001b7   Thumb Code     0  startup_stm32f407xx.o(.text)
    USART2_IRQHandler                        0x080001b7   Thumb Code     0  startup_stm32f407xx.o(.text)
    USART3_IRQHandler                        0x080001b7   Thumb Code     0  startup_stm32f407xx.o(.text)
    USART6_IRQHandler                        0x080001b7   Thumb Code     0  startup_stm32f407xx.o(.text)
    WWDG_IRQHandler                          0x080001b7   Thumb Code     0  startup_stm32f407xx.o(.text)
    __aeabi_uldivmod                         0x080001c1   Thumb Code    98  uldiv.o(.text)
    __aeabi_memcpy                           0x08000223   Thumb Code    36  memcpya.o(.text)
    __aeabi_memcpy4                          0x08000223   Thumb Code     0  memcpya.o(.text)
    __aeabi_memcpy8                          0x08000223   Thumb Code     0  memcpya.o(.text)
    __aeabi_memset                           0x08000247   Thumb Code    14  memseta.o(.text)
    __aeabi_memset4                          0x08000247   Thumb Code     0  memseta.o(.text)
    __aeabi_memset8                          0x08000247   Thumb Code     0  memseta.o(.text)
    __aeabi_memclr                           0x08000255   Thumb Code     4  memseta.o(.text)
    __aeabi_memclr4                          0x08000255   Thumb Code     0  memseta.o(.text)
    __aeabi_memclr8                          0x08000255   Thumb Code     0  memseta.o(.text)
    _memset$wrapper                          0x08000259   Thumb Code    18  memseta.o(.text)
    __aeabi_dmul                             0x0800026b   Thumb Code   228  dmul.o(.text)
    __aeabi_ui2d                             0x0800034f   Thumb Code    26  dfltui.o(.text)
    __aeabi_d2uiz                            0x08000369   Thumb Code    50  dfixui.o(.text)
    __aeabi_llsl                             0x0800039b   Thumb Code    30  llshl.o(.text)
    _ll_shift_l                              0x0800039b   Thumb Code     0  llshl.o(.text)
    __aeabi_llsr                             0x080003b9   Thumb Code    32  llushr.o(.text)
    _ll_ushift_r                             0x080003b9   Thumb Code     0  llushr.o(.text)
    __I$use$fp                               0x080003d9   Thumb Code     0  iusefp.o(.text)
    _double_round                            0x080003d9   Thumb Code    30  depilogue.o(.text)
    _double_epilogue                         0x080003f7   Thumb Code   156  depilogue.o(.text)
    __scatterload                            0x08000495   Thumb Code    28  init.o(.text)
    __scatterload_rt2                        0x08000495   Thumb Code     0  init.o(.text)
    __decompress                             0x080004b9   Thumb Code     0  __dczerorl2.o(.text)
    __decompress1                            0x080004b9   Thumb Code    86  __dczerorl2.o(.text)
    BusFault_Handler                         0x0800050f   Thumb Code     4  stm32f4xx_it.o(i.BusFault_Handler)
    CDC_Transmit_FS                          0x0800059d   Thumb Code    50  usbd_cdc_if.o(i.CDC_Transmit_FS)
    DebugMon_Handler                         0x080005d5   Thumb Code     2  stm32f4xx_it.o(i.DebugMon_Handler)
    Error_Handler                            0x080005d9   Thumb Code    42  maincpp.o(i.Error_Handler)
    HAL_Delay                                0x0800063d   Thumb Code    36  stm32f4xx_hal.o(i.HAL_Delay)
    HAL_GPIO_Init                            0x08000665   Thumb Code   466  stm32f4xx_hal_gpio.o(i.HAL_GPIO_Init)
    HAL_GPIO_ReadPin                         0x08000865   Thumb Code    16  stm32f4xx_hal_gpio.o(i.HAL_GPIO_ReadPin)
    HAL_GPIO_WritePin                        0x08000875   Thumb Code    12  stm32f4xx_hal_gpio.o(i.HAL_GPIO_WritePin)
    HAL_GetTick                              0x08000881   Thumb Code     6  stm32f4xx_hal.o(i.HAL_GetTick)
    HAL_IncTick                              0x0800088d   Thumb Code    16  stm32f4xx_hal.o(i.HAL_IncTick)
    HAL_Init                                 0x080008a5   Thumb Code    54  stm32f4xx_hal.o(i.HAL_Init)
    HAL_InitTick                             0x080008e1   Thumb Code    64  stm32f4xx_hal.o(i.HAL_InitTick)
    HAL_MspInit                              0x0800092d   Thumb Code    68  stm32f4xx_hal_msp.o(i.HAL_MspInit)
    HAL_NVIC_EnableIRQ                       0x08000975   Thumb Code    32  stm32f4xx_hal_cortex.o(i.HAL_NVIC_EnableIRQ)
    HAL_NVIC_SetPriority                     0x08000995   Thumb Code   124  stm32f4xx_hal_cortex.o(i.HAL_NVIC_SetPriority)
    HAL_NVIC_SetPriorityGrouping             0x08000a11   Thumb Code    32  stm32f4xx_hal_cortex.o(i.HAL_NVIC_SetPriorityGrouping)
    HAL_PCDEx_LPM_Callback                   0x08000a39   Thumb Code     2  stm32f4xx_hal_pcd_ex.o(i.HAL_PCDEx_LPM_Callback)
    HAL_PCDEx_SetRxFiFo                      0x08000a3b   Thumb Code    10  stm32f4xx_hal_pcd_ex.o(i.HAL_PCDEx_SetRxFiFo)
    HAL_PCDEx_SetTxFiFo                      0x08000a45   Thumb Code    78  stm32f4xx_hal_pcd_ex.o(i.HAL_PCDEx_SetTxFiFo)
    HAL_PCD_ConnectCallback                  0x08000a93   Thumb Code    14  usbd_conf.o(i.HAL_PCD_ConnectCallback)
    HAL_PCD_DataInStageCallback              0x08000aa1   Thumb Code    32  usbd_conf.o(i.HAL_PCD_DataInStageCallback)
    HAL_PCD_DataOutStageCallback             0x08000ac1   Thumb Code    32  usbd_conf.o(i.HAL_PCD_DataOutStageCallback)
    HAL_PCD_DisconnectCallback               0x08000ae1   Thumb Code    14  usbd_conf.o(i.HAL_PCD_DisconnectCallback)
    HAL_PCD_EP_Close                         0x08000aef   Thumb Code   106  stm32f4xx_hal_pcd.o(i.HAL_PCD_EP_Close)
    HAL_PCD_EP_ClrStall                      0x08000b59   Thumb Code   124  stm32f4xx_hal_pcd.o(i.HAL_PCD_EP_ClrStall)
    HAL_PCD_EP_GetRxCount                    0x08000bd5   Thumb Code    22  stm32f4xx_hal_pcd.o(i.HAL_PCD_EP_GetRxCount)
    HAL_PCD_EP_Open                          0x08000beb   Thumb Code   140  stm32f4xx_hal_pcd.o(i.HAL_PCD_EP_Open)
    HAL_PCD_EP_Receive                       0x08000c77   Thumb Code    88  stm32f4xx_hal_pcd.o(i.HAL_PCD_EP_Receive)
    HAL_PCD_EP_SetStall                      0x08000ccf   Thumb Code   138  stm32f4xx_hal_pcd.o(i.HAL_PCD_EP_SetStall)
    HAL_PCD_EP_Transmit                      0x08000d59   Thumb Code    90  stm32f4xx_hal_pcd.o(i.HAL_PCD_EP_Transmit)
    HAL_PCD_IRQHandler                       0x08000db3   Thumb Code  1350  stm32f4xx_hal_pcd.o(i.HAL_PCD_IRQHandler)
    HAL_PCD_ISOINIncompleteCallback          0x080012f9   Thumb Code    18  usbd_conf.o(i.HAL_PCD_ISOINIncompleteCallback)
    HAL_PCD_ISOOUTIncompleteCallback         0x0800130b   Thumb Code    18  usbd_conf.o(i.HAL_PCD_ISOOUTIncompleteCallback)
    HAL_PCD_Init                             0x0800131d   Thumb Code   344  stm32f4xx_hal_pcd.o(i.HAL_PCD_Init)
    HAL_PCD_MspInit                          0x08001475   Thumb Code   160  usbd_conf.o(i.HAL_PCD_MspInit)
    HAL_PCD_ResetCallback                    0x0800151d   Thumb Code    48  usbd_conf.o(i.HAL_PCD_ResetCallback)
    HAL_PCD_ResumeCallback                   0x0800154d   Thumb Code    14  usbd_conf.o(i.HAL_PCD_ResumeCallback)
    HAL_PCD_SOFCallback                      0x0800155b   Thumb Code    14  usbd_conf.o(i.HAL_PCD_SOFCallback)
    HAL_PCD_SetAddress                       0x08001569   Thumb Code    54  stm32f4xx_hal_pcd.o(i.HAL_PCD_SetAddress)
    HAL_PCD_SetupStageCallback               0x0800159f   Thumb Code    18  usbd_conf.o(i.HAL_PCD_SetupStageCallback)
    HAL_PCD_Start                            0x080015b1   Thumb Code    74  stm32f4xx_hal_pcd.o(i.HAL_PCD_Start)
    HAL_PCD_SuspendCallback                  0x080015fd   Thumb Code    46  usbd_conf.o(i.HAL_PCD_SuspendCallback)
    HAL_RCC_ClockConfig                      0x08001631   Thumb Code   366  stm32f4xx_hal_rcc.o(i.HAL_RCC_ClockConfig)
    HAL_RCC_GetHCLKFreq                      0x080017b1   Thumb Code     6  stm32f4xx_hal_rcc.o(i.HAL_RCC_GetHCLKFreq)
    HAL_RCC_GetPCLK1Freq                     0x080017bd   Thumb Code    22  stm32f4xx_hal_rcc.o(i.HAL_RCC_GetPCLK1Freq)
    HAL_RCC_GetPCLK2Freq                     0x080017dd   Thumb Code    22  stm32f4xx_hal_rcc.o(i.HAL_RCC_GetPCLK2Freq)
    HAL_RCC_GetSysClockFreq                  0x080017fd   Thumb Code   162  stm32f4xx_hal_rcc.o(i.HAL_RCC_GetSysClockFreq)
    HAL_RCC_OscConfig                        0x080018ad   Thumb Code  1086  stm32f4xx_hal_rcc.o(i.HAL_RCC_OscConfig)
    HAL_SPI_Init                             0x08001cf5   Thumb Code   140  stm32f4xx_hal_spi.o(i.HAL_SPI_Init)
    HAL_SPI_MspInit                          0x08001d81   Thumb Code   122  stm32f4xx_hal_msp.o(i.HAL_SPI_MspInit)
    HAL_SPI_TransmitReceive                  0x08001e09   Thumb Code   554  stm32f4xx_hal_spi.o(i.HAL_SPI_TransmitReceive)
    HAL_SYSTICK_Config                       0x08002033   Thumb Code    52  stm32f4xx_hal_cortex.o(i.HAL_SYSTICK_Config)
    HAL_UART_Init                            0x08002067   Thumb Code   114  stm32f4xx_hal_uart.o(i.HAL_UART_Init)
    HAL_UART_MspInit                         0x080020d9   Thumb Code     2  stm32f4xx_hal_uart.o(i.HAL_UART_MspInit)
    HardFault_Handler                        0x080020db   Thumb Code     4  stm32f4xx_it.o(i.HardFault_Handler)
    MX_USB_DEVICE_Init                       0x0800211d   Thumb Code    60  usb_device.o(i.MX_USB_DEVICE_Init)
    MemManage_Handler                        0x08002169   Thumb Code     4  stm32f4xx_it.o(i.MemManage_Handler)
    NMI_Handler                              0x0800216d   Thumb Code     2  stm32f4xx_it.o(i.NMI_Handler)
    OTG_FS_IRQHandler                        0x08002171   Thumb Code    10  stm32f4xx_it.o(i.OTG_FS_IRQHandler)
    PendSV_Handler                           0x08002443   Thumb Code     2  stm32f4xx_it.o(i.PendSV_Handler)
    SVC_Handler                              0x08002515   Thumb Code     2  stm32f4xx_it.o(i.SVC_Handler)
    SysTick_Handler                          0x08002517   Thumb Code     8  stm32f4xx_it.o(i.SysTick_Handler)
    SystemInit                               0x08002521   Thumb Code    82  system_stm32f4xx.o(i.SystemInit)
    USBD_CDC_GetDeviceQualifierDescriptor    0x08002a1d   Thumb Code    10  usbd_cdc.o(i.USBD_CDC_GetDeviceQualifierDescriptor)
    USBD_CDC_ReceivePacket                   0x08002b15   Thumb Code    58  usbd_cdc.o(i.USBD_CDC_ReceivePacket)
    USBD_CDC_RegisterInterface               0x08002b4f   Thumb Code    14  usbd_cdc.o(i.USBD_CDC_RegisterInterface)
    USBD_CDC_SetRxBuffer                     0x08002b5d   Thumb Code    14  usbd_cdc.o(i.USBD_CDC_SetRxBuffer)
    USBD_CDC_SetTxBuffer                     0x08002b6b   Thumb Code    20  usbd_cdc.o(i.USBD_CDC_SetTxBuffer)
    USBD_CDC_TransmitPacket                  0x08002c73   Thumb Code    62  usbd_cdc.o(i.USBD_CDC_TransmitPacket)
    USBD_ClrClassConfig                      0x08002cb1   Thumb Code    22  usbd_core.o(i.USBD_ClrClassConfig)
    USBD_CtlContinueRx                       0x08002d05   Thumb Code    24  usbd_ioreq.o(i.USBD_CtlContinueRx)
    USBD_CtlContinueSendData                 0x08002d1d   Thumb Code    24  usbd_ioreq.o(i.USBD_CtlContinueSendData)
    USBD_CtlError                            0x08002d35   Thumb Code    24  usbd_ctlreq.o(i.USBD_CtlError)
    USBD_CtlPrepareRx                        0x08002d4d   Thumb Code    40  usbd_ioreq.o(i.USBD_CtlPrepareRx)
    USBD_CtlReceiveStatus                    0x08002d75   Thumb Code    26  usbd_ioreq.o(i.USBD_CtlReceiveStatus)
    USBD_CtlSendData                         0x08002d8f   Thumb Code    34  usbd_ioreq.o(i.USBD_CtlSendData)
    USBD_CtlSendStatus                       0x08002db1   Thumb Code    26  usbd_ioreq.o(i.USBD_CtlSendStatus)
    USBD_FS_ConfigStrDescriptor              0x08002dcd   Thumb Code    34  usbd_desc.o(i.USBD_FS_ConfigStrDescriptor)
    USBD_FS_DeviceDescriptor                 0x08002e01   Thumb Code    10  usbd_desc.o(i.USBD_FS_DeviceDescriptor)
    USBD_FS_InterfaceStrDescriptor           0x08002e11   Thumb Code    34  usbd_desc.o(i.USBD_FS_InterfaceStrDescriptor)
    USBD_FS_LangIDStrDescriptor              0x08002e49   Thumb Code    10  usbd_desc.o(i.USBD_FS_LangIDStrDescriptor)
    USBD_FS_ManufacturerStrDescriptor        0x08002e59   Thumb Code    20  usbd_desc.o(i.USBD_FS_ManufacturerStrDescriptor)
    USBD_FS_ProductStrDescriptor             0x08002e85   Thumb Code    34  usbd_desc.o(i.USBD_FS_ProductStrDescriptor)
    USBD_FS_SerialStrDescriptor              0x08002ec5   Thumb Code    18  usbd_desc.o(i.USBD_FS_SerialStrDescriptor)
    USBD_GetString                           0x080030f3   Thumb Code    82  usbd_ctlreq.o(i.USBD_GetString)
    USBD_Get_USB_Status                      0x08003145   Thumb Code    44  usbd_conf.o(i.USBD_Get_USB_Status)
    USBD_Init                                0x08003171   Thumb Code    50  usbd_core.o(i.USBD_Init)
    USBD_LL_ClearStallEP                     0x080031a3   Thumb Code    38  usbd_conf.o(i.USBD_LL_ClearStallEP)
    USBD_LL_CloseEP                          0x080031c9   Thumb Code    38  usbd_conf.o(i.USBD_LL_CloseEP)
    USBD_LL_DataInStage                      0x080031ef   Thumb Code   256  usbd_core.o(i.USBD_LL_DataInStage)
    USBD_LL_DataOutStage                     0x080032ef   Thumb Code   166  usbd_core.o(i.USBD_LL_DataOutStage)
    USBD_LL_DevConnected                     0x08003395   Thumb Code     6  usbd_core.o(i.USBD_LL_DevConnected)
    USBD_LL_DevDisconnected                  0x0800339b   Thumb Code    26  usbd_core.o(i.USBD_LL_DevDisconnected)
    USBD_LL_GetRxDataSize                    0x080033b5   Thumb Code    18  usbd_conf.o(i.USBD_LL_GetRxDataSize)
    USBD_LL_Init                             0x080033c9   Thumb Code   100  usbd_conf.o(i.USBD_LL_Init)
    USBD_LL_IsStallEP                        0x08003431   Thumb Code    56  usbd_conf.o(i.USBD_LL_IsStallEP)
    USBD_LL_IsoINIncomplete                  0x08003469   Thumb Code     6  usbd_core.o(i.USBD_LL_IsoINIncomplete)
    USBD_LL_IsoOUTIncomplete                 0x0800346f   Thumb Code     6  usbd_core.o(i.USBD_LL_IsoOUTIncomplete)
    USBD_LL_OpenEP                           0x08003475   Thumb Code    48  usbd_conf.o(i.USBD_LL_OpenEP)
    USBD_LL_PrepareReceive                   0x080034a5   Thumb Code    48  usbd_conf.o(i.USBD_LL_PrepareReceive)
    USBD_LL_Reset                            0x080034d5   Thumb Code    92  usbd_core.o(i.USBD_LL_Reset)
    USBD_LL_Resume                           0x08003531   Thumb Code    14  usbd_core.o(i.USBD_LL_Resume)
    USBD_LL_SOF                              0x0800353f   Thumb Code    34  usbd_core.o(i.USBD_LL_SOF)
    USBD_LL_SetSpeed                         0x08003561   Thumb Code     8  usbd_core.o(i.USBD_LL_SetSpeed)
    USBD_LL_SetUSBAddress                    0x08003569   Thumb Code    38  usbd_conf.o(i.USBD_LL_SetUSBAddress)
    USBD_LL_SetupStage                       0x0800358f   Thumb Code   110  usbd_core.o(i.USBD_LL_SetupStage)
    USBD_LL_StallEP                          0x080035fd   Thumb Code    38  usbd_conf.o(i.USBD_LL_StallEP)
    USBD_LL_Start                            0x08003623   Thumb Code    30  usbd_conf.o(i.USBD_LL_Start)
    USBD_LL_Suspend                          0x08003641   Thumb Code    20  usbd_core.o(i.USBD_LL_Suspend)
    USBD_LL_Transmit                         0x08003655   Thumb Code    48  usbd_conf.o(i.USBD_LL_Transmit)
    USBD_ParseSetupRequest                   0x08003685   Thumb Code    40  usbd_ctlreq.o(i.USBD_ParseSetupRequest)
    USBD_RegisterClass                       0x080036ad   Thumb Code    16  usbd_core.o(i.USBD_RegisterClass)
    USBD_RunTestMode                         0x080036bd   Thumb Code     6  usbd_core.o(i.USBD_RunTestMode)
    USBD_SetClassConfig                      0x0800371d   Thumb Code    34  usbd_core.o(i.USBD_SetClassConfig)
    USBD_Start                               0x08003841   Thumb Code    14  usbd_core.o(i.USBD_Start)
    USBD_StdDevReq                           0x0800384f   Thumb Code   162  usbd_ctlreq.o(i.USBD_StdDevReq)
    USBD_StdEPReq                            0x080038f1   Thumb Code   568  usbd_ctlreq.o(i.USBD_StdEPReq)
    USBD_StdItfReq                           0x08003b29   Thumb Code   126  usbd_ctlreq.o(i.USBD_StdItfReq)
    USB_ActivateEndpoint                     0x08003ba9   Thumb Code   202  stm32f4xx_ll_usb.o(i.USB_ActivateEndpoint)
    USB_ActivateSetup                        0x08003c79   Thumb Code    70  stm32f4xx_ll_usb.o(i.USB_ActivateSetup)
    USB_CoreInit                             0x08003cc1   Thumb Code   128  stm32f4xx_ll_usb.o(i.USB_CoreInit)
    USB_DeactivateEndpoint                   0x08003d91   Thumb Code   182  stm32f4xx_ll_usb.o(i.USB_DeactivateEndpoint)
    USB_DevConnect                           0x08003e55   Thumb Code    32  stm32f4xx_ll_usb.o(i.USB_DevConnect)
    USB_DevDisconnect                        0x08003e75   Thumb Code    32  stm32f4xx_ll_usb.o(i.USB_DevDisconnect)
    USB_DevInit                              0x08003e95   Thumb Code   482  stm32f4xx_ll_usb.o(i.USB_DevInit)
    USB_DisableGlobalInt                     0x08004089   Thumb Code    14  stm32f4xx_ll_usb.o(i.USB_DisableGlobalInt)
    USB_EP0StartXfer                         0x08004099   Thumb Code   444  stm32f4xx_ll_usb.o(i.USB_EP0StartXfer)
    USB_EP0_OutStart                         0x08004259   Thumb Code   106  stm32f4xx_ll_usb.o(i.USB_EP0_OutStart)
    USB_EPClearStall                         0x080042c9   Thumb Code   142  stm32f4xx_ll_usb.o(i.USB_EPClearStall)
    USB_EPSetStall                           0x08004357   Thumb Code   154  stm32f4xx_ll_usb.o(i.USB_EPSetStall)
    USB_EPStartXfer                          0x080043f1   Thumb Code   748  stm32f4xx_ll_usb.o(i.USB_EPStartXfer)
    USB_EnableGlobalInt                      0x080046e1   Thumb Code    14  stm32f4xx_ll_usb.o(i.USB_EnableGlobalInt)
    USB_FlushRxFifo                          0x080046f1   Thumb Code    38  stm32f4xx_ll_usb.o(i.USB_FlushRxFifo)
    USB_FlushTxFifo                          0x0800471d   Thumb Code    44  stm32f4xx_ll_usb.o(i.USB_FlushTxFifo)
    USB_GetDevSpeed                          0x0800474d   Thumb Code    38  stm32f4xx_ll_usb.o(i.USB_GetDevSpeed)
    USB_GetMode                              0x08004773   Thumb Code    10  stm32f4xx_ll_usb.o(i.USB_GetMode)
    USB_ReadDevAllInEpInterrupt              0x0800477d   Thumb Code    20  stm32f4xx_ll_usb.o(i.USB_ReadDevAllInEpInterrupt)
    USB_ReadDevAllOutEpInterrupt             0x08004791   Thumb Code    20  stm32f4xx_ll_usb.o(i.USB_ReadDevAllOutEpInterrupt)
    USB_ReadDevInEPInterrupt                 0x080047a5   Thumb Code    50  stm32f4xx_ll_usb.o(i.USB_ReadDevInEPInterrupt)
    USB_ReadDevOutEPInterrupt                0x080047d7   Thumb Code    26  stm32f4xx_ll_usb.o(i.USB_ReadDevOutEPInterrupt)
    USB_ReadInterrupts                       0x080047f1   Thumb Code    10  stm32f4xx_ll_usb.o(i.USB_ReadInterrupts)
    USB_ReadPacket                           0x080047fb   Thumb Code    34  stm32f4xx_ll_usb.o(i.USB_ReadPacket)
    USB_SetCurrentMode                       0x0800481d   Thumb Code    54  stm32f4xx_ll_usb.o(i.USB_SetCurrentMode)
    USB_SetDevAddress                        0x08004853   Thumb Code    42  stm32f4xx_ll_usb.o(i.USB_SetDevAddress)
    USB_SetDevSpeed                          0x0800487d   Thumb Code    18  stm32f4xx_ll_usb.o(i.USB_SetDevSpeed)
    USB_SetTurnaroundTime                    0x08004891   Thumb Code   192  stm32f4xx_ll_usb.o(i.USB_SetTurnaroundTime)
    USB_WritePacket                          0x08004979   Thumb Code    60  stm32f4xx_ll_usb.o(i.USB_WritePacket)
    UsageFault_Handler                       0x080049b5   Thumb Code     4  stm32f4xx_it.o(i.UsageFault_Handler)
    delayMicroseconds(unsigned)              0x08004b7d   Thumb Code    56  a_rf24.o(i._Z17delayMicrosecondsj)
    SystemClock_Config()                     0x08004bbd   Thumb Code   160  maincpp.o(i._Z18SystemClock_Configv)
    RF24::getChannel()                       0x08004c65   Thumb Code    14  a_rf24.o(i._ZN4RF2410getChannelEv)
    RF24::get_status()                       0x08004c73   Thumb Code    14  a_rf24.o(i._ZN4RF2410get_statusEv)
    RF24::setChannel(unsigned char)          0x08004c81   Thumb Code    30  a_rf24.o(i._ZN4RF2410setChannelEh)
    RF24::setPALevel(unsigned char)          0x08004c9f   Thumb Code    52  a_rf24.o(i._ZN4RF2410setPALevelEh)
    RF24::setRetries(unsigned char, unsigned char) 0x08004cd3   Thumb Code    30  a_rf24.o(i._ZN4RF2410setRetriesEhh)
    RF24::getDataRate()                      0x08004cf1   Thumb Code    38  a_rf24.o(i._ZN4RF2411getDataRateEv)
    RF24::setDataRate(rf24_datarate_e)       0x08004d17   Thumb Code    86  a_rf24.o(i._ZN4RF2411setDataRateE15rf24_datarate_e)
    RF24::digitalWrite(unsigned short, bool) 0x08004d6d   Thumb Code    98  a_rf24.o(i._ZN4RF2412digitalWriteEtb)
    RF24::read_register(unsigned char)       0x08004dfd   Thumb Code    42  a_rf24.o(i._ZN4RF2413read_registerEh)
    RF24::stopListening()                    0x08004e2d   Thumb Code    98  a_rf24.o(i._ZN4RF2413stopListeningEv)
    RF24::write_payload(const void*, unsigned char, unsigned char) 0x08004e95   Thumb Code   118  a_rf24.o(i._ZN4RF2413write_payloadEPKvhh)
    RF24::endTransaction()                   0x08004f11   Thumb Code    14  a_rf24.o(i._ZN4RF2414endTransactionEv)
    RF24::startFastWrite(const void*, unsigned char, bool, bool) 0x08004f1f   Thumb Code    54  a_rf24.o(i._ZN4RF2414startFastWriteEPKvhbb)
    RF24::write_register(unsigned char, const unsigned char*, unsigned char) 0x08004f55   Thumb Code    68  a_rf24.o(i._ZN4RF2414write_registerEhPKhh)
    RF24::write_register(unsigned char, unsigned char) 0x08004f9d   Thumb Code    52  a_rf24.o(i._ZN4RF2414write_registerEhh)
    RF24::openWritingPipe(const unsigned char*) 0x08004fd5   Thumb Code    42  a_rf24.o(i._ZN4RF2415openWritingPipeEPKh)
    RF24::toggle_features()                  0x08005001   Thumb Code    34  a_rf24.o(i._ZN4RF2415toggle_featuresEv)
    RF24::beginTransaction()                 0x08005029   Thumb Code    14  a_rf24.o(i._ZN4RF2416beginTransactionEv)
    RF24::ce(bool)                           0x08005037   Thumb Code    26  a_rf24.o(i._ZN4RF242ceEb)
    RF24::csn(bool)                          0x08005051   Thumb Code    24  a_rf24.o(i._ZN4RF243csnEb)
    RF24::begin()                            0x08005069   Thumb Code   188  a_rf24.o(i._ZN4RF245beginEv)
    RF24::write(const void*, unsigned char)  0x08005129   Thumb Code    22  a_rf24.o(i._ZN4RF245writeEPKvh)
    RF24::write(const void*, unsigned char, bool) 0x0800513f   Thumb Code    86  a_rf24.o(i._ZN4RF245writeEPKvhb)
    RF24::powerUp()                          0x08005195   Thumb Code    40  a_rf24.o(i._ZN4RF247powerUpEv)
    RF24::flush_rx()                         0x080051bd   Thumb Code    14  a_rf24.o(i._ZN4RF248flush_rxEv)
    RF24::flush_tx()                         0x080051cb   Thumb Code    14  a_rf24.o(i._ZN4RF248flush_txEv)
    RF24::spiTrans(unsigned char)            0x080051d9   Thumb Code    32  a_rf24.o(i._ZN4RF248spiTransEh)
    RF24::RF24(unsigned short, unsigned short) 0x080051fd   Thumb Code    28  a_rf24.o(i._ZN4RF24C1Ett)
    RF24::RF24__sub_object(unsigned short, unsigned short) 0x080051fd   Thumb Code     0  a_rf24.o(i._ZN4RF24C1Ett)
    SerialPI::begin()                        0x08005219   Thumb Code    16  a_rf24.o(i._ZN8SerialPI5beginEv)
    SerialPI::transfer(unsigned char)        0x0800522d   Thumb Code   120  a_rf24.o(i._ZN8SerialPI8transferEh)
    __0sprintf$8                             0x080052ad   Thumb Code    34  printf8.o(i.__0sprintf$8)
    __1sprintf$8                             0x080052ad   Thumb Code     0  printf8.o(i.__0sprintf$8)
    __2sprintf                               0x080052ad   Thumb Code     0  printf8.o(i.__0sprintf$8)
    __scatterload_copy                       0x0800530d   Thumb Code    14  handlers.o(i.__scatterload_copy)
    __scatterload_null                       0x0800531b   Thumb Code     2  handlers.o(i.__scatterload_null)
    __scatterload_zeroinit                   0x0800531d   Thumb Code    14  handlers.o(i.__scatterload_zeroinit)
    free                                     0x08005799   Thumb Code    76  malloc.o(i.free)
    main                                     0x080057e9   Thumb Code   256  maincpp.o(i.main)
    malloc                                   0x08005951   Thumb Code    92  malloc.o(i.malloc)
    AHBPrescTable                            0x080059bc   Data          16  system_stm32f4xx.o(.constdata)
    APBPrescTable                            0x080059cc   Data           8  system_stm32f4xx.o(.constdata)
    Region$$Table$$Base                      0x08005a84   Number         0  anon$$obj.o(Region$$Table)
    Region$$Table$$Limit                     0x08005aa4   Number         0  anon$$obj.o(Region$$Table)
    USBD_Interface_fops_FS                   0x20000000   Data          16  usbd_cdc_if.o(.data)
    FS_Desc                                  0x20000010   Data          28  usbd_desc.o(.data)
    USBD_FS_DeviceDesc                       0x2000002c   Data          18  usbd_desc.o(.data)
    USBD_LangIDDesc                          0x20000040   Data           4  usbd_desc.o(.data)
    USBD_StringSerial                        0x20000044   Data          26  usbd_desc.o(.data)
    uwTick                                   0x20000060   Data           4  stm32f4xx_hal.o(.data)
    uwTickPrio                               0x20000064   Data           4  stm32f4xx_hal.o(.data)
    uwTickFreq                               0x20000068   Data           1  stm32f4xx_hal.o(.data)
    SystemCoreClock                          0x2000006c   Data           4  system_stm32f4xx.o(.data)
    USBD_CDC                                 0x20000080   Data          56  usbd_cdc.o(.data)
    USBD_CDC_CfgHSDesc                       0x200000b8   Data          67  usbd_cdc.o(.data)
    USBD_CDC_CfgFSDesc                       0x200000fc   Data          67  usbd_cdc.o(.data)
    USBD_CDC_OtherSpeedCfgDesc               0x20000140   Data          67  usbd_cdc.o(.data)
    _SPI                                     0x20000183   Data           1  a_rf24.o(.data)
    __microlib_freelist                      0x20000184   Data           4  mvars.o(.data)
    __microlib_freelist_initialised          0x20000188   Data           4  mvars.o(.data)
    hspi1                                    0x2000018c   Data          88  maincpp.o(.bss)
    huart4                                   0x200001e4   Data          64  maincpp.o(.bss)
    print_buffer                             0x20000224   Data         100  maincpp.o(.bss)
    nrf_receive                              0x20000288   Data         100  maincpp.o(.bss)
    hUsbDeviceFS                             0x200002ec   Data         668  usb_device.o(.bss)
    UserRxBufferFS                           0x20000588   Data        2048  usbd_cdc_if.o(.bss)
    UserTxBufferFS                           0x20000d88   Data        2048  usbd_cdc_if.o(.bss)
    hpcd_USB_OTG_FS                          0x20001588   Data        1032  usbd_conf.o(.bss)
    USBD_StrDesc                             0x20001990   Data         512  usbd_desc.o(.bss)
    __heap_base                              0x20001b90   Data           0  startup_stm32f407xx.o(HEAP)
    __heap_limit                             0x20003b90   Data           0  startup_stm32f407xx.o(HEAP)
    __initial_sp                             0x20007b90   Data           0  startup_stm32f407xx.o(STACK)



==============================================================================

Memory Map of the image

  Image Entry point : 0x08000189

  Load Region LR_IROM1 (Base: 0x08000000, Size: 0x00005c30, Max: 0x00100000, ABSOLUTE, COMPRESSED[0x00005b68])

    Execution Region ER_IROM1 (Exec base: 0x08000000, Load base: 0x08000000, Size: 0x00005aa4, Max: 0x00100000, ABSOLUTE)

    Exec Addr    Load Addr    Size         Type   Attr      Idx    E Section Name        Object

    0x08000000   0x08000000   0x00000188   Data   RO            3    RESET               startup_stm32f407xx.o
    0x08000188   0x08000188   0x00000000   Code   RO         4229  * .ARM.Collect$$$$00000000  mc_w.l(entry.o)
    0x08000188   0x08000188   0x00000004   Code   RO         4535    .ARM.Collect$$$$00000001  mc_w.l(entry2.o)
    0x0800018c   0x0800018c   0x00000004   Code   RO         4538    .ARM.Collect$$$$00000004  mc_w.l(entry5.o)
    0x08000190   0x08000190   0x00000000   Code   RO         4540    .ARM.Collect$$$$00000008  mc_w.l(entry7b.o)
    0x08000190   0x08000190   0x00000000   Code   RO         4542    .ARM.Collect$$$$0000000A  mc_w.l(entry8b.o)
    0x08000190   0x08000190   0x00000008   Code   RO         4543    .ARM.Collect$$$$0000000B  mc_w.l(entry9a.o)
    0x08000198   0x08000198   0x00000000   Code   RO         4545    .ARM.Collect$$$$0000000D  mc_w.l(entry10a.o)
    0x08000198   0x08000198   0x00000000   Code   RO         4547    .ARM.Collect$$$$0000000F  mc_w.l(entry11a.o)
    0x08000198   0x08000198   0x00000004   Code   RO         4536    .ARM.Collect$$$$00002712  mc_w.l(entry2.o)
    0x0800019c   0x0800019c   0x00000024   Code   RO            4    .text               startup_stm32f407xx.o
    0x080001c0   0x080001c0   0x00000062   Code   RO         4232    .text               mc_w.l(uldiv.o)
    0x08000222   0x08000222   0x00000024   Code   RO         4234    .text               mc_w.l(memcpya.o)
    0x08000246   0x08000246   0x00000024   Code   RO         4236    .text               mc_w.l(memseta.o)
    0x0800026a   0x0800026a   0x000000e4   Code   RO         4529    .text               mf_w.l(dmul.o)
    0x0800034e   0x0800034e   0x0000001a   Code   RO         4531    .text               mf_w.l(dfltui.o)
    0x08000368   0x08000368   0x00000032   Code   RO         4533    .text               mf_w.l(dfixui.o)
    0x0800039a   0x0800039a   0x0000001e   Code   RO         4554    .text               mc_w.l(llshl.o)
    0x080003b8   0x080003b8   0x00000020   Code   RO         4556    .text               mc_w.l(llushr.o)
    0x080003d8   0x080003d8   0x00000000   Code   RO         4560    .text               mc_w.l(iusefp.o)
    0x080003d8   0x080003d8   0x000000ba   Code   RO         4561    .text               mf_w.l(depilogue.o)
    0x08000492   0x08000492   0x00000002   PAD
    0x08000494   0x08000494   0x00000024   Code   RO         4571    .text               mc_w.l(init.o)
    0x080004b8   0x080004b8   0x00000056   Code   RO         4585    .text               mc_w.l(__dczerorl2.o)
    0x0800050e   0x0800050e   0x00000004   Code   RO          365    i.BusFault_Handler  stm32f4xx_it.o
    0x08000512   0x08000512   0x00000044   Code   RO          510    i.CDC_Control_FS    usbd_cdc_if.o
    0x08000556   0x08000556   0x00000004   Code   RO          511    i.CDC_DeInit_FS     usbd_cdc_if.o
    0x0800055a   0x0800055a   0x00000002   PAD
    0x0800055c   0x0800055c   0x00000024   Code   RO          512    i.CDC_Init_FS       usbd_cdc_if.o
    0x08000580   0x08000580   0x0000001c   Code   RO          513    i.CDC_Receive_FS    usbd_cdc_if.o
    0x0800059c   0x0800059c   0x00000038   Code   RO          514    i.CDC_Transmit_FS   usbd_cdc_if.o
    0x080005d4   0x080005d4   0x00000002   Code   RO          366    i.DebugMon_Handler  stm32f4xx_it.o
    0x080005d6   0x080005d6   0x00000002   PAD
    0x080005d8   0x080005d8   0x00000030   Code   RO           13    i.Error_Handler     maincpp.o
    0x08000608   0x08000608   0x00000034   Code   RO          770    i.Get_SerialNum     usbd_desc.o
    0x0800063c   0x0800063c   0x00000028   Code   RO         3040    i.HAL_Delay         stm32f4xx_hal.o
    0x08000664   0x08000664   0x00000200   Code   RO         2509    i.HAL_GPIO_Init     stm32f4xx_hal_gpio.o
    0x08000864   0x08000864   0x00000010   Code   RO         2511    i.HAL_GPIO_ReadPin  stm32f4xx_hal_gpio.o
    0x08000874   0x08000874   0x0000000c   Code   RO         2513    i.HAL_GPIO_WritePin  stm32f4xx_hal_gpio.o
    0x08000880   0x08000880   0x0000000c   Code   RO         3046    i.HAL_GetTick       stm32f4xx_hal.o
    0x0800088c   0x0800088c   0x00000018   Code   RO         3052    i.HAL_IncTick       stm32f4xx_hal.o
    0x080008a4   0x080008a4   0x0000003c   Code   RO         3053    i.HAL_Init          stm32f4xx_hal.o
    0x080008e0   0x080008e0   0x0000004c   Code   RO         3054    i.HAL_InitTick      stm32f4xx_hal.o
    0x0800092c   0x0800092c   0x00000048   Code   RO          223    i.HAL_MspInit       stm32f4xx_hal_msp.o
    0x08000974   0x08000974   0x00000020   Code   RO         2898    i.HAL_NVIC_EnableIRQ  stm32f4xx_hal_cortex.o
    0x08000994   0x08000994   0x0000007c   Code   RO         2904    i.HAL_NVIC_SetPriority  stm32f4xx_hal_cortex.o
    0x08000a10   0x08000a10   0x00000028   Code   RO         2905    i.HAL_NVIC_SetPriorityGrouping  stm32f4xx_hal_cortex.o
    0x08000a38   0x08000a38   0x00000002   Code   RO         1073    i.HAL_PCDEx_LPM_Callback  stm32f4xx_hal_pcd_ex.o
    0x08000a3a   0x08000a3a   0x0000000a   Code   RO         1074    i.HAL_PCDEx_SetRxFiFo  stm32f4xx_hal_pcd_ex.o
    0x08000a44   0x08000a44   0x0000004e   Code   RO         1075    i.HAL_PCDEx_SetTxFiFo  stm32f4xx_hal_pcd_ex.o
    0x08000a92   0x08000a92   0x0000000e   Code   RO          575    i.HAL_PCD_ConnectCallback  usbd_conf.o
    0x08000aa0   0x08000aa0   0x00000020   Code   RO          576    i.HAL_PCD_DataInStageCallback  usbd_conf.o
    0x08000ac0   0x08000ac0   0x00000020   Code   RO          577    i.HAL_PCD_DataOutStageCallback  usbd_conf.o
    0x08000ae0   0x08000ae0   0x0000000e   Code   RO          578    i.HAL_PCD_DisconnectCallback  usbd_conf.o
    0x08000aee   0x08000aee   0x0000006a   Code   RO          856    i.HAL_PCD_EP_Close  stm32f4xx_hal_pcd.o
    0x08000b58   0x08000b58   0x0000007c   Code   RO          857    i.HAL_PCD_EP_ClrStall  stm32f4xx_hal_pcd.o
    0x08000bd4   0x08000bd4   0x00000016   Code   RO          859    i.HAL_PCD_EP_GetRxCount  stm32f4xx_hal_pcd.o
    0x08000bea   0x08000bea   0x0000008c   Code   RO          860    i.HAL_PCD_EP_Open   stm32f4xx_hal_pcd.o
    0x08000c76   0x08000c76   0x00000058   Code   RO          861    i.HAL_PCD_EP_Receive  stm32f4xx_hal_pcd.o
    0x08000cce   0x08000cce   0x0000008a   Code   RO          862    i.HAL_PCD_EP_SetStall  stm32f4xx_hal_pcd.o
    0x08000d58   0x08000d58   0x0000005a   Code   RO          863    i.HAL_PCD_EP_Transmit  stm32f4xx_hal_pcd.o
    0x08000db2   0x08000db2   0x00000546   Code   RO          865    i.HAL_PCD_IRQHandler  stm32f4xx_hal_pcd.o
    0x080012f8   0x080012f8   0x00000012   Code   RO          579    i.HAL_PCD_ISOINIncompleteCallback  usbd_conf.o
    0x0800130a   0x0800130a   0x00000012   Code   RO          580    i.HAL_PCD_ISOOUTIncompleteCallback  usbd_conf.o
    0x0800131c   0x0800131c   0x00000158   Code   RO          868    i.HAL_PCD_Init      stm32f4xx_hal_pcd.o
    0x08001474   0x08001474   0x000000a8   Code   RO          582    i.HAL_PCD_MspInit   usbd_conf.o
    0x0800151c   0x0800151c   0x00000030   Code   RO          583    i.HAL_PCD_ResetCallback  usbd_conf.o
    0x0800154c   0x0800154c   0x0000000e   Code   RO          584    i.HAL_PCD_ResumeCallback  usbd_conf.o
    0x0800155a   0x0800155a   0x0000000e   Code   RO          585    i.HAL_PCD_SOFCallback  usbd_conf.o
    0x08001568   0x08001568   0x00000036   Code   RO          874    i.HAL_PCD_SetAddress  stm32f4xx_hal_pcd.o
    0x0800159e   0x0800159e   0x00000012   Code   RO          586    i.HAL_PCD_SetupStageCallback  usbd_conf.o
    0x080015b0   0x080015b0   0x0000004a   Code   RO          876    i.HAL_PCD_Start     stm32f4xx_hal_pcd.o
    0x080015fa   0x080015fa   0x00000002   PAD
    0x080015fc   0x080015fc   0x00000034   Code   RO          587    i.HAL_PCD_SuspendCallback  usbd_conf.o
    0x08001630   0x08001630   0x00000180   Code   RO         2110    i.HAL_RCC_ClockConfig  stm32f4xx_hal_rcc.o
    0x080017b0   0x080017b0   0x0000000c   Code   RO         2115    i.HAL_RCC_GetHCLKFreq  stm32f4xx_hal_rcc.o
    0x080017bc   0x080017bc   0x00000020   Code   RO         2117    i.HAL_RCC_GetPCLK1Freq  stm32f4xx_hal_rcc.o
    0x080017dc   0x080017dc   0x00000020   Code   RO         2118    i.HAL_RCC_GetPCLK2Freq  stm32f4xx_hal_rcc.o
    0x080017fc   0x080017fc   0x000000b0   Code   RO         2119    i.HAL_RCC_GetSysClockFreq  stm32f4xx_hal_rcc.o
    0x080018ac   0x080018ac   0x00000448   Code   RO         2122    i.HAL_RCC_OscConfig  stm32f4xx_hal_rcc.o
    0x08001cf4   0x08001cf4   0x0000008c   Code   RO         1431    i.HAL_SPI_Init      stm32f4xx_hal_spi.o
    0x08001d80   0x08001d80   0x00000088   Code   RO          225    i.HAL_SPI_MspInit   stm32f4xx_hal_msp.o
    0x08001e08   0x08001e08   0x0000022a   Code   RO         1440    i.HAL_SPI_TransmitReceive  stm32f4xx_hal_spi.o
    0x08002032   0x08002032   0x00000034   Code   RO         2909    i.HAL_SYSTICK_Config  stm32f4xx_hal_cortex.o
    0x08002066   0x08002066   0x00000072   Code   RO         1803    i.HAL_UART_Init     stm32f4xx_hal_uart.o
    0x080020d8   0x080020d8   0x00000002   Code   RO         1805    i.HAL_UART_MspInit  stm32f4xx_hal_uart.o
    0x080020da   0x080020da   0x00000004   Code   RO          367    i.HardFault_Handler  stm32f4xx_it.o
    0x080020de   0x080020de   0x0000003e   Code   RO          771    i.IntToUnicode      usbd_desc.o
    0x0800211c   0x0800211c   0x0000004c   Code   RO          447    i.MX_USB_DEVICE_Init  usb_device.o
    0x08002168   0x08002168   0x00000004   Code   RO          368    i.MemManage_Handler  stm32f4xx_it.o
    0x0800216c   0x0800216c   0x00000002   Code   RO          369    i.NMI_Handler       stm32f4xx_it.o
    0x0800216e   0x0800216e   0x00000002   PAD
    0x08002170   0x08002170   0x00000010   Code   RO          370    i.OTG_FS_IRQHandler  stm32f4xx_it.o
    0x08002180   0x08002180   0x0000008c   Code   RO          879    i.PCD_EP_OutSetupPacket_int  stm32f4xx_hal_pcd.o
    0x0800220c   0x0800220c   0x00000180   Code   RO          880    i.PCD_EP_OutXfrComplete_int  stm32f4xx_hal_pcd.o
    0x0800238c   0x0800238c   0x000000b6   Code   RO          881    i.PCD_WriteEmptyTxFifo  stm32f4xx_hal_pcd.o
    0x08002442   0x08002442   0x00000002   Code   RO          371    i.PendSV_Handler    stm32f4xx_it.o
    0x08002444   0x08002444   0x00000028   Code   RO         1469    i.SPI_EndRxTxTransaction  stm32f4xx_hal_spi.o
    0x0800246c   0x0800246c   0x000000a8   Code   RO         1474    i.SPI_WaitFlagStateUntilTimeout  stm32f4xx_hal_spi.o
    0x08002514   0x08002514   0x00000002   Code   RO          372    i.SVC_Handler       stm32f4xx_it.o
    0x08002516   0x08002516   0x00000008   Code   RO          373    i.SysTick_Handler   stm32f4xx_it.o
    0x0800251e   0x0800251e   0x00000002   PAD
    0x08002520   0x08002520   0x00000064   Code   RO         3289    i.SystemInit        system_stm32f4xx.o
    0x08002584   0x08002584   0x00000368   Code   RO         1830    i.UART_SetConfig    stm32f4xx_hal_uart.o
    0x080028ec   0x080028ec   0x0000007c   Code   RO         3618    i.USBD_CDC_DataIn   usbd_cdc.o
    0x08002968   0x08002968   0x00000034   Code   RO         3619    i.USBD_CDC_DataOut  usbd_cdc.o
    0x0800299c   0x0800299c   0x0000004e   Code   RO         3620    i.USBD_CDC_DeInit   usbd_cdc.o
    0x080029ea   0x080029ea   0x00000032   Code   RO         3621    i.USBD_CDC_EP0_RxReady  usbd_cdc.o
    0x08002a1c   0x08002a1c   0x00000010   Code   RO         3622    i.USBD_CDC_GetDeviceQualifierDescriptor  usbd_cdc.o
    0x08002a2c   0x08002a2c   0x00000010   Code   RO         3623    i.USBD_CDC_GetFSCfgDesc  usbd_cdc.o
    0x08002a3c   0x08002a3c   0x00000010   Code   RO         3624    i.USBD_CDC_GetHSCfgDesc  usbd_cdc.o
    0x08002a4c   0x08002a4c   0x00000010   Code   RO         3625    i.USBD_CDC_GetOtherSpeedCfgDesc  usbd_cdc.o
    0x08002a5c   0x08002a5c   0x000000b8   Code   RO         3626    i.USBD_CDC_Init     usbd_cdc.o
    0x08002b14   0x08002b14   0x0000003a   Code   RO         3627    i.USBD_CDC_ReceivePacket  usbd_cdc.o
    0x08002b4e   0x08002b4e   0x0000000e   Code   RO         3628    i.USBD_CDC_RegisterInterface  usbd_cdc.o
    0x08002b5c   0x08002b5c   0x0000000e   Code   RO         3629    i.USBD_CDC_SetRxBuffer  usbd_cdc.o
    0x08002b6a   0x08002b6a   0x00000014   Code   RO         3630    i.USBD_CDC_SetTxBuffer  usbd_cdc.o
    0x08002b7e   0x08002b7e   0x000000f4   Code   RO         3631    i.USBD_CDC_Setup    usbd_cdc.o
    0x08002c72   0x08002c72   0x0000003e   Code   RO         3632    i.USBD_CDC_TransmitPacket  usbd_cdc.o
    0x08002cb0   0x08002cb0   0x00000016   Code   RO         3325    i.USBD_ClrClassConfig  usbd_core.o
    0x08002cc6   0x08002cc6   0x0000003e   Code   RO         3463    i.USBD_ClrFeature   usbd_ctlreq.o
    0x08002d04   0x08002d04   0x00000018   Code   RO         3558    i.USBD_CtlContinueRx  usbd_ioreq.o
    0x08002d1c   0x08002d1c   0x00000018   Code   RO         3559    i.USBD_CtlContinueSendData  usbd_ioreq.o
    0x08002d34   0x08002d34   0x00000018   Code   RO         3464    i.USBD_CtlError     usbd_ctlreq.o
    0x08002d4c   0x08002d4c   0x00000028   Code   RO         3560    i.USBD_CtlPrepareRx  usbd_ioreq.o
    0x08002d74   0x08002d74   0x0000001a   Code   RO         3561    i.USBD_CtlReceiveStatus  usbd_ioreq.o
    0x08002d8e   0x08002d8e   0x00000022   Code   RO         3562    i.USBD_CtlSendData  usbd_ioreq.o
    0x08002db0   0x08002db0   0x0000001a   Code   RO         3563    i.USBD_CtlSendStatus  usbd_ioreq.o
    0x08002dca   0x08002dca   0x00000002   PAD
    0x08002dcc   0x08002dcc   0x00000034   Code   RO          772    i.USBD_FS_ConfigStrDescriptor  usbd_desc.o
    0x08002e00   0x08002e00   0x00000010   Code   RO          773    i.USBD_FS_DeviceDescriptor  usbd_desc.o
    0x08002e10   0x08002e10   0x00000038   Code   RO          774    i.USBD_FS_InterfaceStrDescriptor  usbd_desc.o
    0x08002e48   0x08002e48   0x00000010   Code   RO          775    i.USBD_FS_LangIDStrDescriptor  usbd_desc.o
    0x08002e58   0x08002e58   0x0000002c   Code   RO          776    i.USBD_FS_ManufacturerStrDescriptor  usbd_desc.o
    0x08002e84   0x08002e84   0x00000040   Code   RO          777    i.USBD_FS_ProductStrDescriptor  usbd_desc.o
    0x08002ec4   0x08002ec4   0x00000018   Code   RO          778    i.USBD_FS_SerialStrDescriptor  usbd_desc.o
    0x08002edc   0x08002edc   0x00000056   Code   RO         3465    i.USBD_GetConfig    usbd_ctlreq.o
    0x08002f32   0x08002f32   0x00000152   Code   RO         3466    i.USBD_GetDescriptor  usbd_ctlreq.o
    0x08003084   0x08003084   0x00000014   Code   RO         3467    i.USBD_GetLen       usbd_ctlreq.o
    0x08003098   0x08003098   0x0000005a   Code   RO         3468    i.USBD_GetStatus    usbd_ctlreq.o
    0x080030f2   0x080030f2   0x00000052   Code   RO         3469    i.USBD_GetString    usbd_ctlreq.o
    0x08003144   0x08003144   0x0000002c   Code   RO          588    i.USBD_Get_USB_Status  usbd_conf.o
    0x08003170   0x08003170   0x00000032   Code   RO         3327    i.USBD_Init         usbd_core.o
    0x080031a2   0x080031a2   0x00000026   Code   RO          589    i.USBD_LL_ClearStallEP  usbd_conf.o
    0x080031c8   0x080031c8   0x00000026   Code   RO          590    i.USBD_LL_CloseEP   usbd_conf.o
    0x080031ee   0x080031ee   0x00000100   Code   RO         3328    i.USBD_LL_DataInStage  usbd_core.o
    0x080032ee   0x080032ee   0x000000a6   Code   RO         3329    i.USBD_LL_DataOutStage  usbd_core.o
    0x08003394   0x08003394   0x00000006   Code   RO         3330    i.USBD_LL_DevConnected  usbd_core.o
    0x0800339a   0x0800339a   0x0000001a   Code   RO         3331    i.USBD_LL_DevDisconnected  usbd_core.o
    0x080033b4   0x080033b4   0x00000012   Code   RO          594    i.USBD_LL_GetRxDataSize  usbd_conf.o
    0x080033c6   0x080033c6   0x00000002   PAD
    0x080033c8   0x080033c8   0x00000068   Code   RO          595    i.USBD_LL_Init      usbd_conf.o
    0x08003430   0x08003430   0x00000038   Code   RO          596    i.USBD_LL_IsStallEP  usbd_conf.o
    0x08003468   0x08003468   0x00000006   Code   RO         3332    i.USBD_LL_IsoINIncomplete  usbd_core.o
    0x0800346e   0x0800346e   0x00000006   Code   RO         3333    i.USBD_LL_IsoOUTIncomplete  usbd_core.o
    0x08003474   0x08003474   0x00000030   Code   RO          597    i.USBD_LL_OpenEP    usbd_conf.o
    0x080034a4   0x080034a4   0x00000030   Code   RO          598    i.USBD_LL_PrepareReceive  usbd_conf.o
    0x080034d4   0x080034d4   0x0000005c   Code   RO         3334    i.USBD_LL_Reset     usbd_core.o
    0x08003530   0x08003530   0x0000000e   Code   RO         3335    i.USBD_LL_Resume    usbd_core.o
    0x0800353e   0x0800353e   0x00000022   Code   RO         3336    i.USBD_LL_SOF       usbd_core.o
    0x08003560   0x08003560   0x00000008   Code   RO         3337    i.USBD_LL_SetSpeed  usbd_core.o
    0x08003568   0x08003568   0x00000026   Code   RO          599    i.USBD_LL_SetUSBAddress  usbd_conf.o
    0x0800358e   0x0800358e   0x0000006e   Code   RO         3338    i.USBD_LL_SetupStage  usbd_core.o
    0x080035fc   0x080035fc   0x00000026   Code   RO          600    i.USBD_LL_StallEP   usbd_conf.o
    0x08003622   0x08003622   0x0000001e   Code   RO          601    i.USBD_LL_Start     usbd_conf.o
    0x08003640   0x08003640   0x00000014   Code   RO         3339    i.USBD_LL_Suspend   usbd_core.o
    0x08003654   0x08003654   0x00000030   Code   RO          603    i.USBD_LL_Transmit  usbd_conf.o
    0x08003684   0x08003684   0x00000028   Code   RO         3470    i.USBD_ParseSetupRequest  usbd_ctlreq.o
    0x080036ac   0x080036ac   0x00000010   Code   RO         3340    i.USBD_RegisterClass  usbd_core.o
    0x080036bc   0x080036bc   0x00000006   Code   RO         3341    i.USBD_RunTestMode  usbd_core.o
    0x080036c2   0x080036c2   0x0000005a   Code   RO         3471    i.USBD_SetAddress   usbd_ctlreq.o
    0x0800371c   0x0800371c   0x00000022   Code   RO         3342    i.USBD_SetClassConfig  usbd_core.o
    0x0800373e   0x0800373e   0x00000002   PAD
    0x08003740   0x08003740   0x000000e8   Code   RO         3472    i.USBD_SetConfig    usbd_ctlreq.o
    0x08003828   0x08003828   0x00000018   Code   RO         3473    i.USBD_SetFeature   usbd_ctlreq.o
    0x08003840   0x08003840   0x0000000e   Code   RO         3343    i.USBD_Start        usbd_core.o
    0x0800384e   0x0800384e   0x000000a2   Code   RO         3474    i.USBD_StdDevReq    usbd_ctlreq.o
    0x080038f0   0x080038f0   0x00000238   Code   RO         3475    i.USBD_StdEPReq     usbd_ctlreq.o
    0x08003b28   0x08003b28   0x0000007e   Code   RO         3476    i.USBD_StdItfReq    usbd_ctlreq.o
    0x08003ba6   0x08003ba6   0x00000002   PAD
    0x08003ba8   0x08003ba8   0x000000d0   Code   RO         1115    i.USB_ActivateEndpoint  stm32f4xx_ll_usb.o
    0x08003c78   0x08003c78   0x00000046   Code   RO         1117    i.USB_ActivateSetup  stm32f4xx_ll_usb.o
    0x08003cbe   0x08003cbe   0x00000002   PAD
    0x08003cc0   0x08003cc0   0x00000084   Code   RO         1119    i.USB_CoreInit      stm32f4xx_ll_usb.o
    0x08003d44   0x08003d44   0x0000004c   Code   RO         1120    i.USB_CoreReset     stm32f4xx_ll_usb.o
    0x08003d90   0x08003d90   0x000000c4   Code   RO         1123    i.USB_DeactivateEndpoint  stm32f4xx_ll_usb.o
    0x08003e54   0x08003e54   0x00000020   Code   RO         1124    i.USB_DevConnect    stm32f4xx_ll_usb.o
    0x08003e74   0x08003e74   0x00000020   Code   RO         1125    i.USB_DevDisconnect  stm32f4xx_ll_usb.o
    0x08003e94   0x08003e94   0x000001f4   Code   RO         1126    i.USB_DevInit       stm32f4xx_ll_usb.o
    0x08004088   0x08004088   0x0000000e   Code   RO         1127    i.USB_DisableGlobalInt  stm32f4xx_ll_usb.o
    0x08004096   0x08004096   0x00000002   PAD
    0x08004098   0x08004098   0x000001c0   Code   RO         1130    i.USB_EP0StartXfer  stm32f4xx_ll_usb.o
    0x08004258   0x08004258   0x00000070   Code   RO         1131    i.USB_EP0_OutStart  stm32f4xx_ll_usb.o
    0x080042c8   0x080042c8   0x0000008e   Code   RO         1132    i.USB_EPClearStall  stm32f4xx_ll_usb.o
    0x08004356   0x08004356   0x0000009a   Code   RO         1133    i.USB_EPSetStall    stm32f4xx_ll_usb.o
    0x080043f0   0x080043f0   0x000002f0   Code   RO         1134    i.USB_EPStartXfer   stm32f4xx_ll_usb.o
    0x080046e0   0x080046e0   0x0000000e   Code   RO         1135    i.USB_EnableGlobalInt  stm32f4xx_ll_usb.o
    0x080046ee   0x080046ee   0x00000002   PAD
    0x080046f0   0x080046f0   0x0000002c   Code   RO         1136    i.USB_FlushRxFifo   stm32f4xx_ll_usb.o
    0x0800471c   0x0800471c   0x00000030   Code   RO         1137    i.USB_FlushTxFifo   stm32f4xx_ll_usb.o
    0x0800474c   0x0800474c   0x00000026   Code   RO         1139    i.USB_GetDevSpeed   stm32f4xx_ll_usb.o
    0x08004772   0x08004772   0x0000000a   Code   RO         1141    i.USB_GetMode       stm32f4xx_ll_usb.o
    0x0800477c   0x0800477c   0x00000014   Code   RO         1148    i.USB_ReadDevAllInEpInterrupt  stm32f4xx_ll_usb.o
    0x08004790   0x08004790   0x00000014   Code   RO         1149    i.USB_ReadDevAllOutEpInterrupt  stm32f4xx_ll_usb.o
    0x080047a4   0x080047a4   0x00000032   Code   RO         1150    i.USB_ReadDevInEPInterrupt  stm32f4xx_ll_usb.o
    0x080047d6   0x080047d6   0x0000001a   Code   RO         1151    i.USB_ReadDevOutEPInterrupt  stm32f4xx_ll_usb.o
    0x080047f0   0x080047f0   0x0000000a   Code   RO         1152    i.USB_ReadInterrupts  stm32f4xx_ll_usb.o
    0x080047fa   0x080047fa   0x00000022   Code   RO         1153    i.USB_ReadPacket    stm32f4xx_ll_usb.o
    0x0800481c   0x0800481c   0x00000036   Code   RO         1155    i.USB_SetCurrentMode  stm32f4xx_ll_usb.o
    0x08004852   0x08004852   0x0000002a   Code   RO         1156    i.USB_SetDevAddress  stm32f4xx_ll_usb.o
    0x0800487c   0x0800487c   0x00000012   Code   RO         1157    i.USB_SetDevSpeed   stm32f4xx_ll_usb.o
    0x0800488e   0x0800488e   0x00000002   PAD
    0x08004890   0x08004890   0x000000e8   Code   RO         1158    i.USB_SetTurnaroundTime  stm32f4xx_ll_usb.o
    0x08004978   0x08004978   0x0000003c   Code   RO         1161    i.USB_WritePacket   stm32f4xx_ll_usb.o
    0x080049b4   0x080049b4   0x00000004   Code   RO          374    i.UsageFault_Handler  stm32f4xx_it.o
    0x080049b8   0x080049b8   0x00000148   Code   RO           14    i._Z12MX_GPIO_Initv  maincpp.o
    0x08004b00   0x08004b00   0x00000044   Code   RO           15    i._Z12MX_SPI1_Initv  maincpp.o
    0x08004b44   0x08004b44   0x00000038   Code   RO           16    i._Z13MX_UART4_Initv  maincpp.o
    0x08004b7c   0x08004b7c   0x00000040   Code   RO         3723    i._Z17delayMicrosecondsj  a_rf24.o
    0x08004bbc   0x08004bbc   0x000000a8   Code   RO           17    i._Z18SystemClock_Configv  maincpp.o
    0x08004c64   0x08004c64   0x0000000e   Code   RO         3725    i._ZN4RF2410getChannelEv  a_rf24.o
    0x08004c72   0x08004c72   0x0000000e   Code   RO         3727    i._ZN4RF2410get_statusEv  a_rf24.o
    0x08004c80   0x08004c80   0x0000001e   Code   RO         3732    i._ZN4RF2410setChannelEh  a_rf24.o
    0x08004c9e   0x08004c9e   0x00000034   Code   RO         3733    i._ZN4RF2410setPALevelEh  a_rf24.o
    0x08004cd2   0x08004cd2   0x0000001e   Code   RO         3734    i._ZN4RF2410setRetriesEhh  a_rf24.o
    0x08004cf0   0x08004cf0   0x00000026   Code   RO         3736    i._ZN4RF2411getDataRateEv  a_rf24.o
    0x08004d16   0x08004d16   0x00000056   Code   RO         3737    i._ZN4RF2411setDataRateE15rf24_datarate_e  a_rf24.o
    0x08004d6c   0x08004d6c   0x00000090   Code   RO         3739    i._ZN4RF2412digitalWriteEtb  a_rf24.o
    0x08004dfc   0x08004dfc   0x00000030   Code   RO         3745    i._ZN4RF2413read_registerEh  a_rf24.o
    0x08004e2c   0x08004e2c   0x00000068   Code   RO         3747    i._ZN4RF2413stopListeningEv  a_rf24.o
    0x08004e94   0x08004e94   0x0000007c   Code   RO         3749    i._ZN4RF2413write_payloadEPKvhh  a_rf24.o
    0x08004f10   0x08004f10   0x0000000e   Code   RO         4196    i._ZN4RF2414endTransactionEv  a_rf24.o
    0x08004f1e   0x08004f1e   0x00000036   Code   RO         3752    i._ZN4RF2414startFastWriteEPKvhbb  a_rf24.o
    0x08004f54   0x08004f54   0x00000048   Code   RO         3754    i._ZN4RF2414write_registerEhPKhh  a_rf24.o
    0x08004f9c   0x08004f9c   0x00000038   Code   RO         3755    i._ZN4RF2414write_registerEhh  a_rf24.o
    0x08004fd4   0x08004fd4   0x0000002a   Code   RO         3759    i._ZN4RF2415openWritingPipeEPKh  a_rf24.o
    0x08004ffe   0x08004ffe   0x00000002   PAD
    0x08005000   0x08005000   0x00000028   Code   RO         3762    i._ZN4RF2415toggle_featuresEv  a_rf24.o
    0x08005028   0x08005028   0x0000000e   Code   RO         4190    i._ZN4RF2416beginTransactionEv  a_rf24.o
    0x08005036   0x08005036   0x0000001a   Code   RO         3774    i._ZN4RF242ceEb     a_rf24.o
    0x08005050   0x08005050   0x00000018   Code   RO         3775    i._ZN4RF243csnEb    a_rf24.o
    0x08005068   0x08005068   0x000000c0   Code   RO         3777    i._ZN4RF245beginEv  a_rf24.o
    0x08005128   0x08005128   0x00000016   Code   RO         3778    i._ZN4RF245writeEPKvh  a_rf24.o
    0x0800513e   0x0800513e   0x00000056   Code   RO         3779    i._ZN4RF245writeEPKvhb  a_rf24.o
    0x08005194   0x08005194   0x00000028   Code   RO         3782    i._ZN4RF247powerUpEv  a_rf24.o
    0x080051bc   0x080051bc   0x0000000e   Code   RO         3785    i._ZN4RF248flush_rxEv  a_rf24.o
    0x080051ca   0x080051ca   0x0000000e   Code   RO         3786    i._ZN4RF248flush_txEv  a_rf24.o
    0x080051d8   0x080051d8   0x00000024   Code   RO         3787    i._ZN4RF248spiTransEh  a_rf24.o
    0x080051fc   0x080051fc   0x0000001c   Code   RO         3795    i._ZN4RF24C1Ett     a_rf24.o
    0x08005218   0x08005218   0x00000014   Code   RO         3796    i._ZN8SerialPI5beginEv  a_rf24.o
    0x0800522c   0x0800522c   0x00000080   Code   RO         3797    i._ZN8SerialPI8transferEh  a_rf24.o
    0x080052ac   0x080052ac   0x00000028   Code   RO         4449    i.__0sprintf$8      mc_w.l(printf8.o)
    0x080052d4   0x080052d4   0x00000010   Code   RO         2911    i.__NVIC_GetPriorityGrouping  stm32f4xx_hal_cortex.o
    0x080052e4   0x080052e4   0x00000028   Code   RO         2912    i.__NVIC_SetPriority  stm32f4xx_hal_cortex.o
    0x0800530c   0x0800530c   0x0000000e   Code   RO         4579    i.__scatterload_copy  mc_w.l(handlers.o)
    0x0800531a   0x0800531a   0x00000002   Code   RO         4580    i.__scatterload_null  mc_w.l(handlers.o)
    0x0800531c   0x0800531c   0x0000000e   Code   RO         4581    i.__scatterload_zeroinit  mc_w.l(handlers.o)
    0x0800532a   0x0800532a   0x00000002   PAD
    0x0800532c   0x0800532c   0x00000410   Code   RO         4454    i._printf_core      mc_w.l(printf8.o)
    0x0800573c   0x0800573c   0x00000024   Code   RO         4455    i._printf_post_padding  mc_w.l(printf8.o)
    0x08005760   0x08005760   0x0000002e   Code   RO         4456    i._printf_pre_padding  mc_w.l(printf8.o)
    0x0800578e   0x0800578e   0x0000000a   Code   RO         4458    i._sputc            mc_w.l(printf8.o)
    0x08005798   0x08005798   0x00000050   Code   RO         4501    i.free              mc_w.l(malloc.o)
    0x080057e8   0x080057e8   0x00000168   Code   RO           18    i.main              maincpp.o
    0x08005950   0x08005950   0x0000006c   Code   RO         4502    i.malloc            mc_w.l(malloc.o)
    0x080059bc   0x080059bc   0x00000018   Data   RO         3290    .constdata          system_stm32f4xx.o
    0x080059d4   0x080059d4   0x000000ae   Data   RO         3873    .constdata          a_rf24.o
    0x08005a82   0x08005a82   0x00000002   PAD
    0x08005a84   0x08005a84   0x00000020   Data   RO         4577    Region$$Table       anon$$obj.o


    Execution Region RW_IRAM1 (Exec base: 0x20000000, Load base: 0x08005aa4, Size: 0x00007b90, Max: 0x00020000, ABSOLUTE, COMPRESSED[0x000000c4])

    Exec Addr    Load Addr    Size         Type   Attr      Idx    E Section Name        Object

    0x20000000   COMPRESSED   0x00000010   Data   RW          516    .data               usbd_cdc_if.o
    0x20000010   COMPRESSED   0x0000004e   Data   RW          780    .data               usbd_desc.o
    0x2000005e   COMPRESSED   0x00000002   PAD
    0x20000060   COMPRESSED   0x00000009   Data   RW         3060    .data               stm32f4xx_hal.o
    0x20000069   COMPRESSED   0x00000003   PAD
    0x2000006c   COMPRESSED   0x00000004   Data   RW         3291    .data               system_stm32f4xx.o
    0x20000070   COMPRESSED   0x00000001   Data   RW         3477    .data               usbd_ctlreq.o
    0x20000071   COMPRESSED   0x00000003   PAD
    0x20000074   COMPRESSED   0x0000010f   Data   RW         3633    .data               usbd_cdc.o
    0x20000183   COMPRESSED   0x00000001   Data   RW         3874    .data               a_rf24.o
    0x20000184   COMPRESSED   0x00000004   Data   RW         4558    .data               mc_w.l(mvars.o)
    0x20000188   COMPRESSED   0x00000004   Data   RW         4559    .data               mc_w.l(mvars.o)
    0x2000018c        -       0x00000160   Zero   RW           25    .bss                maincpp.o
    0x200002ec        -       0x0000029c   Zero   RW          448    .bss                usb_device.o
    0x20000588        -       0x00001000   Zero   RW          515    .bss                usbd_cdc_if.o
    0x20001588        -       0x00000408   Zero   RW          604    .bss                usbd_conf.o
    0x20001990        -       0x00000200   Zero   RW          779    .bss                usbd_desc.o
    0x20001b90        -       0x00002000   Zero   RW            2    HEAP                startup_stm32f407xx.o
    0x20003b90        -       0x00004000   Zero   RW            1    STACK               startup_stm32f407xx.o


==============================================================================

Image component sizes


      Code (inc. data)   RO Data    RW Data    ZI Data      Debug   Object Name

      1670        106        174          1          0      19239   a_rf24.o
      1028        158          0          0        352     668000   maincpp.o
        36          8        392          0      24576        840   startup_stm32f407xx.o
       212         36          0          9          0       4577   stm32f4xx_hal.o
       304         22          0          0          0      34475   stm32f4xx_hal_cortex.o
       540         46          0          0          0       2995   stm32f4xx_hal_gpio.o
       208         18          0          0          0     675748   stm32f4xx_hal_msp.o
      3236         18          0          0          0      12893   stm32f4xx_hal_pcd.o
        90          0          0          0          0       2441   stm32f4xx_hal_pcd_ex.o
      1732         84          0          0          0       5548   stm32f4xx_hal_rcc.o
       902          0          0          0          0       4425   stm32f4xx_hal_spi.o
       988          8          0          0          0       2371   stm32f4xx_hal_uart.o
        48          6          0          0          0       4574   stm32f4xx_it.o
      3588        112          0          0          0      22710   stm32f4xx_ll_usb.o
       100         18         24          4          0       1147   system_stm32f4xx.o
        76         16          0          0        668       7023   usb_device.o
       964         24          0        271          0      13530   usbd_cdc.o
       192         22          0         16       4096       3488   usbd_cdc_if.o
       990         18          0          0       1032      15592   usbd_conf.o
       886          0          0          0          0      13025   usbd_core.o
      1944         28          0          1          0      11116   usbd_ctlreq.o
       386        122          0         78        512       6597   usbd_desc.o
       174          0          0          0          0       4732   usbd_ioreq.o

    ----------------------------------------------------------------------
     20322        870        624        388      31236    1537086   Object Totals
         0          0         32          0          0          0   (incl. Generated)
        28          0          2          8          0          0   (incl. Padding)

    ----------------------------------------------------------------------

      Code (inc. data)   RO Data    RW Data    ZI Data      Debug   Library Member Name

        86          0          0          0          0          0   __dczerorl2.o
         0          0          0          0          0          0   entry.o
         0          0          0          0          0          0   entry10a.o
         0          0          0          0          0          0   entry11a.o
         8          4          0          0          0          0   entry2.o
         4          0          0          0          0          0   entry5.o
         0          0          0          0          0          0   entry7b.o
         0          0          0          0          0          0   entry8b.o
         8          4          0          0          0          0   entry9a.o
        30          0          0          0          0          0   handlers.o
        36          8          0          0          0         68   init.o
         0          0          0          0          0          0   iusefp.o
        30          0          0          0          0         68   llshl.o
        32          0          0          0          0         68   llushr.o
       188         20          0          0          0        160   malloc.o
        36          0          0          0          0         68   memcpya.o
        36          0          0          0          0        108   memseta.o
         0          0          0          8          0          0   mvars.o
      1172         50          0          0          0        420   printf8.o
        98          0          0          0          0         92   uldiv.o
       186          0          0          0          0        176   depilogue.o
        50          0          0          0          0         76   dfixui.o
        26          0          0          0          0         76   dfltui.o
       228          0          0          0          0         96   dmul.o

    ----------------------------------------------------------------------
      2258         86          0          8          0       1476   Library Totals
         4          0          0          0          0          0   (incl. Padding)

    ----------------------------------------------------------------------

      Code (inc. data)   RO Data    RW Data    ZI Data      Debug   Library Name

      1764         86          0          8          0       1052   mc_w.l
       490          0          0          0          0        424   mf_w.l

    ----------------------------------------------------------------------
      2258         86          0          8          0       1476   Library Totals

    ----------------------------------------------------------------------

==============================================================================


      Code (inc. data)   RO Data    RW Data    ZI Data      Debug   

     22580        956        624        396      31236    1517166   Grand Totals
     22580        956        624        196      31236    1517166   ELF Image Totals (compressed)
     22580        956        624        196          0          0   ROM Totals

==============================================================================

    Total RO  Size (Code + RO Data)                23204 (  22.66kB)
    Total RW  Size (RW Data + ZI Data)             31632 (  30.89kB)
    Total ROM Size (Code + RO Data + RW Data)      23400 (  22.85kB)

==============================================================================

