Component: ARM Compiler 5.06 update 5 (build 528) Tool: armlink [4d35e2]

==============================================================================

Section Cross References

    startup_stm32f407xx.o(RESET) refers to startup_stm32f407xx.o(STACK) for __initial_sp
    startup_stm32f407xx.o(RESET) refers to startup_stm32f407xx.o(.text) for Reset_Handler
    startup_stm32f407xx.o(RESET) refers to stm32f4xx_it.o(i.NMI_Handler) for NMI_Handler
    startup_stm32f407xx.o(RESET) refers to stm32f4xx_it.o(i.HardFault_Handler) for HardFault_Handler
    startup_stm32f407xx.o(RESET) refers to stm32f4xx_it.o(i.MemManage_Handler) for MemManage_Handler
    startup_stm32f407xx.o(RESET) refers to stm32f4xx_it.o(i.BusFault_Handler) for BusFault_Handler
    startup_stm32f407xx.o(RESET) refers to stm32f4xx_it.o(i.UsageFault_Handler) for UsageFault_Handler
    startup_stm32f407xx.o(RESET) refers to stm32f4xx_it.o(i.SVC_Handler) for SVC_Handler
    startup_stm32f407xx.o(RESET) refers to stm32f4xx_it.o(i.DebugMon_Handler) for DebugMon_Handler
    startup_stm32f407xx.o(RESET) refers to stm32f4xx_it.o(i.PendSV_Handler) for PendSV_Handler
    startup_stm32f407xx.o(RESET) refers to stm32f4xx_it.o(i.SysTick_Handler) for SysTick_Handler
    startup_stm32f407xx.o(RESET) refers to stm32f4xx_it.o(i.OTG_FS_IRQHandler) for OTG_FS_IRQHandler
    startup_stm32f407xx.o(.text) refers to system_stm32f4xx.o(i.SystemInit) for SystemInit
    startup_stm32f407xx.o(.text) refers to entry.o(.ARM.Collect$$$$00000000) for __main
    maincpp.o(i._Z12MX_GPIO_Initv) refers to memseta.o(.text) for __aeabi_memclr4
    maincpp.o(i._Z12MX_GPIO_Initv) refers to stm32f4xx_hal_gpio.o(i.HAL_GPIO_WritePin) for HAL_GPIO_WritePin
    maincpp.o(i._Z12MX_GPIO_Initv) refers to stm32f4xx_hal_gpio.o(i.HAL_GPIO_Init) for HAL_GPIO_Init
    maincpp.o(i._Z12MX_SPI1_Initv) refers to stm32f4xx_hal_spi.o(i.HAL_SPI_Init) for HAL_SPI_Init
    maincpp.o(i._Z12MX_SPI1_Initv) refers to maincpp.o(i.Error_Handler) for Error_Handler
    maincpp.o(i._Z12MX_SPI1_Initv) refers to maincpp.o(.bss) for hspi1
    maincpp.o(i._Z13MX_UART4_Initv) refers to stm32f4xx_hal_uart.o(i.HAL_UART_Init) for HAL_UART_Init
    maincpp.o(i._Z13MX_UART4_Initv) refers to maincpp.o(i.Error_Handler) for Error_Handler
    maincpp.o(i._Z13MX_UART4_Initv) refers to maincpp.o(.bss) for huart4
    maincpp.o(i._Z18SystemClock_Configv) refers to memseta.o(.text) for __aeabi_memclr4
    maincpp.o(i._Z18SystemClock_Configv) refers to stm32f4xx_hal_rcc.o(i.HAL_RCC_OscConfig) for HAL_RCC_OscConfig
    maincpp.o(i._Z18SystemClock_Configv) refers to maincpp.o(i.Error_Handler) for Error_Handler
    maincpp.o(i._Z18SystemClock_Configv) refers to stm32f4xx_hal_rcc.o(i.HAL_RCC_ClockConfig) for HAL_RCC_ClockConfig
    maincpp.o(i.main) refers to stm32f4xx_hal.o(i.HAL_Init) for HAL_Init
    maincpp.o(i.main) refers to maincpp.o(i._Z18SystemClock_Configv) for SystemClock_Config()
    maincpp.o(i.main) refers to maincpp.o(i._Z12MX_GPIO_Initv) for MX_GPIO_Init()
    maincpp.o(i.main) refers to maincpp.o(i._Z12MX_SPI1_Initv) for MX_SPI1_Init()
    maincpp.o(i.main) refers to maincpp.o(i._Z13MX_UART4_Initv) for MX_UART4_Init()
    maincpp.o(i.main) refers to usb_device.o(i.MX_USB_DEVICE_Init) for MX_USB_DEVICE_Init
    maincpp.o(i.main) refers to stm32f4xx_hal_gpio.o(i.HAL_GPIO_ReadPin) for HAL_GPIO_ReadPin
    maincpp.o(i.main) refers to a_rf24.o(i._ZN4RF24C1Ett) for RF24::RF24(unsigned short, unsigned short)
    maincpp.o(i.main) refers to a_rf24.o(i._ZN4RF245beginEv) for RF24::begin()
    maincpp.o(i.main) refers to a_rf24.o(i._ZN4RF2415openWritingPipeEPKh) for RF24::openWritingPipe(const unsigned char*)
    maincpp.o(i.main) refers to a_rf24.o(i._ZN4RF2410setPALevelEh) for RF24::setPALevel(unsigned char)
    maincpp.o(i.main) refers to a_rf24.o(i._ZN4RF2411setDataRateE15rf24_datarate_e) for RF24::setDataRate(rf24_datarate_e)
    maincpp.o(i.main) refers to a_rf24.o(i._ZN4RF2410setChannelEh) for RF24::setChannel(unsigned char)
    maincpp.o(i.main) refers to a_rf24.o(i._ZN4RF2413stopListeningEv) for RF24::stopListening()
    maincpp.o(i.main) refers to memcpya.o(.text) for __aeabi_memcpy4
    maincpp.o(i.main) refers to a_rf24.o(i._ZN4RF245writeEPKvh) for RF24::write(const void*, unsigned char)
    maincpp.o(i.main) refers to stm32f4xx_hal.o(i.HAL_Delay) for HAL_Delay
    maincpp.o(i.main) refers to stm32f4xx_hal_gpio.o(i.HAL_GPIO_WritePin) for HAL_GPIO_WritePin
    maincpp.o(.ARM.exidx) refers to maincpp.o(i.Error_Handler) for i.Error_Handler
    maincpp.o(.ARM.exidx) refers to maincpp.o(i._Z13MX_UART4_Initv) for i._Z13MX_UART4_Initv
    maincpp.o(.ARM.exidx) refers to maincpp.o(i._Z12MX_SPI1_Initv) for i._Z12MX_SPI1_Initv
    maincpp.o(.ARM.exidx) refers to maincpp.o(i._Z12MX_GPIO_Initv) for i._Z12MX_GPIO_Initv
    maincpp.o(.ARM.exidx) refers to maincpp.o(i._Z18SystemClock_Configv) for i._Z18SystemClock_Configv
    maincpp.o(.ARM.exidx) refers to maincpp.o(i.main) for i.main
[...]
    i.USBD_CDC_GetFSCfgDesc                  0x08002b74   Section        0  usbd_cdc.o(i.USBD_CDC_GetFSCfgDesc)
    USBD_CDC_GetFSCfgDesc                    0x08002b75   Thumb Code    10  usbd_cdc.o(i.USBD_CDC_GetFSCfgDesc)
    i.USBD_CDC_GetHSCfgDesc                  0x08002b84   Section        0  usbd_cdc.o(i.USBD_CDC_GetHSCfgDesc)
    USBD_CDC_GetHSCfgDesc                    0x08002b85   Thumb Code    10  usbd_cdc.o(i.USBD_CDC_GetHSCfgDesc)
    i.USBD_CDC_GetOtherSpeedCfgDesc          0x08002b94   Section        0  usbd_cdc.o(i.USBD_CDC_GetOtherSpeedCfgDesc)
    USBD_CDC_GetOtherSpeedCfgDesc            0x08002b95   Thumb Code    10  usbd_cdc.o(i.USBD_CDC_GetOtherSpeedCfgDesc)
    i.USBD_CDC_Init                          0x08002ba4   Section        0  usbd_cdc.o(i.USBD_CDC_Init)
    USBD_CDC_Init                            0x08002ba5   Thumb Code   184  usbd_cdc.o(i.USBD_CDC_Init)
    i.USBD_CDC_ReceivePacket                 0x08002c5c   Section        0  usbd_cdc.o(i.USBD_CDC_ReceivePacket)
    i.USBD_CDC_RegisterInterface             0x08002c96   Section        0  usbd_cdc.o(i.USBD_CDC_RegisterInterface)
    i.USBD_CDC_SetRxBuffer                   0x08002ca4   Section        0  usbd_cdc.o(i.USBD_CDC_SetRxBuffer)
    i.USBD_CDC_SetTxBuffer                   0x08002cb2   Section        0  usbd_cdc.o(i.USBD_CDC_SetTxBuffer)
    i.USBD_CDC_Setup                         0x08002cc6   Section        0  usbd_cdc.o(i.USBD_CDC_Setup)
    USBD_CDC_Setup                           0x08002cc7   Thumb Code   244  usbd_cdc.o(i.USBD_CDC_Setup)
    i.USBD_CDC_TransmitPacket                0x08002dba   Section        0  usbd_cdc.o(i.USBD_CDC_TransmitPacket)
    i.USBD_ClrClassConfig                    0x08002df8   Section        0  usbd_core.o(i.USBD_ClrClassConfig)
    i.USBD_ClrFeature                        0x08002e0e   Section        0  usbd_ctlreq.o(i.USBD_ClrFeature)
    USBD_ClrFeature                          0x08002e0f   Thumb Code    62  usbd_ctlreq.o(i.USBD_ClrFeature)
    i.USBD_CtlContinueRx                     0x08002e4c   Section        0  usbd_ioreq.o(i.USBD_CtlContinueRx)
    i.USBD_CtlContinueSendData               0x08002e64   Section        0  usbd_ioreq.o(i.USBD_CtlContinueSendData)
    i.USBD_CtlError                          0x08002e7c   Section        0  usbd_ctlreq.o(i.USBD_CtlError)
    i.USBD_CtlPrepareRx                      0x08002e94   Section        0  usbd_ioreq.o(i.USBD_CtlPrepareRx)
    i.USBD_CtlReceiveStatus                  0x08002ebc   Section        0  usbd_ioreq.o(i.USBD_CtlReceiveStatus)
    i.USBD_CtlSendData                       0x08002ed6   Section        0  usbd_ioreq.o(i.USBD_CtlSendData)
    i.USBD_CtlSendStatus                     0x08002ef8   Section        0  usbd_ioreq.o(i.USBD_CtlSendStatus)
    i.USBD_FS_ConfigStrDescriptor            0x08002f14   Section        0  usbd_desc.o(i.USBD_FS_ConfigStrDescriptor)
    i.USBD_FS_DeviceDescriptor               0x08002f48   Section        0  usbd_desc.o(i.USBD_FS_DeviceDescriptor)
    i.USBD_FS_InterfaceStrDescriptor         0x08002f58   Section        0  usbd_desc.o(i.USBD_FS_InterfaceStrDescriptor)
    i.USBD_FS_LangIDStrDescriptor            0x08002f90   Section        0  usbd_desc.o(i.USBD_FS_LangIDStrDescriptor)
    i.USBD_FS_ManufacturerStrDescriptor      0x08002fa0   Section        0  usbd_desc.o(i.USBD_FS_ManufacturerStrDescriptor)
    i.USBD_FS_ProductStrDescriptor           0x08002fcc   Section        0  usbd_desc.o(i.USBD_FS_ProductStrDescriptor)
    i.USBD_FS_SerialStrDescriptor            0x0800300c   Section        0  usbd_desc.o(i.USBD_FS_SerialStrDescriptor)
    i.USBD_GetConfig                         0x08003024   Section        0  usbd_ctlreq.o(i.USBD_GetConfig)
    USBD_GetConfig                           0x08003025   Thumb Code    86  usbd_ctlreq.o(i.USBD_GetConfig)
    i.USBD_GetDescriptor                     0x0800307a   Section        0  usbd_ctlreq.o(i.USBD_GetDescriptor)
    USBD_GetDescriptor                       0x0800307b   Thumb Code   338  usbd_ctlreq.o(i.USBD_GetDescriptor)
    i.USBD_GetLen                            0x080031cc   Section        0  usbd_ctlreq.o(i.USBD_GetLen)
    USBD_GetLen                              0x080031cd   Thumb Code    20  usbd_ctlreq.o(i.USBD_GetLen)
    i.USBD_GetStatus                         0x080031e0   Section        0  usbd_ctlreq.o(i.USBD_GetStatus)
    USBD_GetStatus                           0x080031e1   Thumb Code    90  usbd_ctlreq.o(i.USBD_GetStatus)
    i.USBD_GetString                         0x0800323a   Section        0  usbd_ctlreq.o(i.USBD_GetString)
    i.USBD_Get_USB_Status                    0x0800328c   Section        0  usbd_conf.o(i.USBD_Get_USB_Status)
    i.USBD_Init                              0x080032b8   Section        0  usbd_core.o(i.USBD_Init)
    i.USBD_LL_ClearStallEP                   0x080032ea   Section        0  usbd_conf.o(i.USBD_LL_ClearStallEP)
    i.USBD_LL_CloseEP                        0x08003310   Section        0  usbd_conf.o(i.USBD_LL_CloseEP)
    i.USBD_LL_DataInStage                    0x08003336   Section        0  usbd_core.o(i.USBD_LL_DataInStage)
    i.USBD_LL_DataOutStage                   0x08003436   Section        0  usbd_core.o(i.USBD_LL_DataOutStage)
    i.USBD_LL_DevConnected                   0x080034dc   Section        0  usbd_core.o(i.USBD_LL_DevConnected)
    i.USBD_LL_DevDisconnected                0x080034e2   Section        0  usbd_core.o(i.USBD_LL_DevDisconnected)
    i.USBD_LL_GetRxDataSize                  0x080034fc   Section        0  usbd_conf.o(i.USBD_LL_GetRxDataSize)
    i.USBD_LL_Init                           0x08003510   Section        0  usbd_conf.o(i.USBD_LL_Init)
    i.USBD_LL_IsStallEP                      0x08003578   Section        0  usbd_conf.o(i.USBD_LL_IsStallEP)
    i.USBD_LL_IsoINIncomplete                0x080035b0   Section        0  usbd_core.o(i.USBD_LL_IsoINIncomplete)
    i.USBD_LL_IsoOUTIncomplete               0x080035b6   Section        0  usbd_core.o(i.USBD_LL_IsoOUTIncomplete)
    i.USBD_LL_OpenEP                         0x080035bc   Section        0  usbd_conf.o(i.USBD_LL_OpenEP)
    i.USBD_LL_PrepareReceive                 0x080035ec   Section        0  usbd_conf.o(i.USBD_LL_PrepareReceive)
    i.USBD_LL_Reset                          0x0800361c   Section        0  usbd_core.o(i.USBD_LL_Reset)
    i.USBD_LL_Resume                         0x08003678   Section        0  usbd_core.o(i.USBD_LL_Resume)
    i.USBD_LL_SOF                            0x08003686   Section        0  usbd_core.o(i.USBD_LL_SOF)
    i.USBD_LL_SetSpeed                       0x080036a8   Section        0  usbd_core.o(i.USBD_LL_SetSpeed)
    i.USBD_LL_SetUSBAddress                  0x080036b0   Section        0  usbd_conf.o(i.USBD_LL_SetUSBAddress)
    i.USBD_LL_SetupStage                     0x080036d6   Section        0  usbd_core.o(i.USBD_LL_SetupStage)
    i.USBD_LL_StallEP                        0x08003744   Section        0  usbd_conf.o(i.USBD_LL_StallEP)
    i.USBD_LL_Start                          0x0800376a   Section        0  usbd_conf.o(i.USBD_LL_Start)
    i.USBD_LL_Suspend                        0x08003788   Section        0  usbd_core.o(i.USBD_LL_Suspend)
    i.USBD_LL_Transmit                       0x0800379c   Section        0  usbd_conf.o(i.USBD_LL_Transmit)
    i.USBD_ParseSetupRequest                 0x080037cc   Section        0  usbd_ctlreq.o(i.USBD_ParseSetupRequest)
    i.USBD_RegisterClass                     0x080037f4   Section        0  usbd_core.o(i.USBD_RegisterClass)
    i.USBD_RunTestMode                       0x08003804   Section        0  usbd_core.o(i.USBD_RunTestMode)
    i.USBD_SetAddress                        0x0800380a   Section        0  usbd_ctlreq.o(i.USBD_SetAddress)
    USBD_SetAddress                          0x0800380b   Thumb Code    90  usbd_ctlreq.o(i.USBD_SetAddress)
    i.USBD_SetClassConfig                    0x08003864   Section        0  usbd_core.o(i.USBD_SetClassConfig)
    i.USBD_SetConfig                         0x08003888   Section        0  usbd_ctlreq.o(i.USBD_SetConfig)
    USBD_SetConfig                           0x08003889   Thumb Code   228  usbd_ctlreq.o(i.USBD_SetConfig)
    i.USBD_SetFeature                        0x08003970   Section        0  usbd_ctlreq.o(i.USBD_SetFeature)
    USBD_SetFeature                          0x08003971   Thumb Code    24  usbd_ctlreq.o(i.USBD_SetFeature)
    i.USBD_Start                             0x08003988   Section        0  usbd_core.o(i.USBD_Start)
    i.USBD_StdDevReq                         0x08003996   Section        0  usbd_ctlreq.o(i.USBD_StdDevReq)
    i.USBD_StdEPReq                          0x08003a38   Section        0  usbd_ctlreq.o(i.USBD_StdEPReq)
    i.USBD_StdItfReq                         0x08003c70   Section        0  usbd_ctlreq.o(i.USBD_StdItfReq)
    i.USB_ActivateEndpoint                   0x08003cf0   Section        0  stm32f4xx_ll_usb.o(i.USB_ActivateEndpoint)
    i.USB_ActivateSetup                      0x08003dc0   Section        0  stm32f4xx_ll_usb.o(i.USB_ActivateSetup)
    i.USB_CoreInit                           0x08003e08   Section        0  stm32f4xx_ll_usb.o(i.USB_CoreInit)
    i.USB_CoreReset                          0x08003e8c   Section        0  stm32f4xx_ll_usb.o(i.USB_CoreReset)
    USB_CoreReset                            0x08003e8d   Thumb Code    70  stm32f4xx_ll_usb.o(i.USB_CoreReset)
    i.USB_DeactivateEndpoint                 0x08003ed8   Section        0  stm32f4xx_ll_usb.o(i.USB_DeactivateEndpoint)
    i.USB_DevConnect                         0x08003f9c   Section        0  stm32f4xx_ll_usb.o(i.USB_DevConnect)
    i.USB_DevDisconnect                      0x08003fbc   Section        0  stm32f4xx_ll_usb.o(i.USB_DevDisconnect)
    i.USB_DevInit                            0x08003fdc   Section        0  stm32f4xx_ll_usb.o(i.USB_DevInit)
    i.USB_DisableGlobalInt                   0x080041d0   Section        0  stm32f4xx_ll_usb.o(i.USB_DisableGlobalInt)
    i.USB_EP0StartXfer                       0x080041e0   Section        0  stm32f4xx_ll_usb.o(i.USB_EP0StartXfer)
    i.USB_EP0_OutStart                       0x080043a0   Section        0  stm32f4xx_ll_usb.o(i.USB_EP0_OutStart)
    i.USB_EPClearStall                       0x08004410   Section        0  stm32f4xx_ll_usb.o(i.USB_EPClearStall)
    i.USB_EPSetStall                         0x0800449e   Section        0  stm32f4xx_ll_usb.o(i.USB_EPSetStall)
    i.USB_EPStartXfer                        0x08004538   Section        0  stm32f4xx_ll_usb.o(i.USB_EPStartXfer)
    i.USB_EnableGlobalInt                    0x08004828   Section        0  stm32f4xx_ll_usb.o(i.USB_EnableGlobalInt)
    i.USB_FlushRxFifo                        0x08004838   Section        0  stm32f4xx_ll_usb.o(i.USB_FlushRxFifo)
    i.USB_FlushTxFifo                        0x08004864   Section        0  stm32f4xx_ll_usb.o(i.USB_FlushTxFifo)
    i.USB_GetDevSpeed                        0x08004894   Section        0  stm32f4xx_ll_usb.o(i.USB_GetDevSpeed)
    i.USB_GetMode                            0x080048ba   Section        0  stm32f4xx_ll_usb.o(i.USB_GetMode)
    i.USB_ReadDevAllInEpInterrupt            0x080048c4   Section        0  stm32f4xx_ll_usb.o(i.USB_ReadDevAllInEpInterrupt)
    i.USB_ReadDevAllOutEpInterrupt           0x080048d8   Section        0  stm32f4xx_ll_usb.o(i.USB_ReadDevAllOutEpInterrupt)
    i.USB_ReadDevInEPInterrupt               0x080048ec   Section        0  stm32f4xx_ll_usb.o(i.USB_ReadDevInEPInterrupt)
    i.USB_ReadDevOutEPInterrupt              0x0800491e   Section        0  stm32f4xx_ll_usb.o(i.USB_ReadDevOutEPInterrupt)
    i.USB_ReadInterrupts                     0x08004938   Section        0  stm32f4xx_ll_usb.o(i.USB_ReadInterrupts)
    i.USB_ReadPacket                         0x08004942   Section        0  stm32f4xx_ll_usb.o(i.USB_ReadPacket)
    i.USB_SetCurrentMode                     0x08004964   Section        0  stm32f4xx_ll_usb.o(i.USB_SetCurrentMode)
    i.USB_SetDevAddress                      0x0800499a   Section        0  stm32f4xx_ll_usb.o(i.USB_SetDevAddress)
    i.USB_SetDevSpeed                        0x080049c4   Section        0  stm32f4xx_ll_usb.o(i.USB_SetDevSpeed)
    i.USB_SetTurnaroundTime                  0x080049d8   Section        0  stm32f4xx_ll_usb.o(i.USB_SetTurnaroundTime)
    i.USB_WritePacket                        0x08004ac0   Section        0  stm32f4xx_ll_usb.o(i.USB_WritePacket)
    i.UsageFault_Handler                     0x08004afc   Section        0  stm32f4xx_it.o(i.UsageFault_Handler)
    i._Z12MX_GPIO_Initv                      0x08004b00   Section        0  maincpp.o(i._Z12MX_GPIO_Initv)
    MX_GPIO_Init()                           0x08004b01   Thumb Code   306  maincpp.o(i._Z12MX_GPIO_Initv)
    i._Z12MX_SPI1_Initv                      0x08004c48   Section        0  maincpp.o(i._Z12MX_SPI1_Initv)
    MX_SPI1_Init()                           0x08004c49   Thumb Code    60  maincpp.o(i._Z12MX_SPI1_Initv)
    i._Z13MX_UART4_Initv                     0x08004c8c   Section        0  maincpp.o(i._Z13MX_UART4_Initv)
    MX_UART4_Init()                          0x08004c8d   Thumb Code    46  maincpp.o(i._Z13MX_UART4_Initv)
    i._Z18SystemClock_Configv                0x08004cc4   Section        0  maincpp.o(i._Z18SystemClock_Configv)
    i._ZN4RF2410get_statusEv                 0x08004d6c   Section        0  a_rf24.o(i._ZN4RF2410get_statusEv)
    i._ZN4RF2410setChannelEh                 0x08004d7a   Section        0  a_rf24.o(i._ZN4RF2410setChannelEh)
    i._ZN4RF2410setPALevelEh                 0x08004d98   Section        0  a_rf24.o(i._ZN4RF2410setPALevelEh)
    i._ZN4RF2410setRetriesEhh                0x08004dcc   Section        0  a_rf24.o(i._ZN4RF2410setRetriesEhh)
    i._ZN4RF2411setDataRateE15rf24_datarate_e 0x08004dea   Section        0  a_rf24.o(i._ZN4RF2411setDataRateE15rf24_datarate_e)
    i._ZN4RF2413read_registerEh              0x08004e40   Section        0  a_rf24.o(i._ZN4RF2413read_registerEh)
    i._ZN4RF2413stopListeningEv              0x08004e98   Section        0  a_rf24.o(i._ZN4RF2413stopListeningEv)
    i._ZN4RF2413write_payloadEPKvhh          0x08004f08   Section        0  a_rf24.o(i._ZN4RF2413write_payloadEPKvhh)
    i._ZN4RF2414startFastWriteEPKvhbb        0x08004fd8   Section        0  a_rf24.o(i._ZN4RF2414startFastWriteEPKvhbb)
    i._ZN4RF2414write_registerEhPKhh         0x08005010   Section        0  a_rf24.o(i._ZN4RF2414write_registerEhPKhh)
    i._ZN4RF2414write_registerEhh            0x08005074   Section        0  a_rf24.o(i._ZN4RF2414write_registerEhh)
    i._ZN4RF2415openWritingPipeEPKh          0x0800510c   Section        0  a_rf24.o(i._ZN4RF2415openWritingPipeEPKh)
    i._ZN4RF2415toggle_featuresEv            0x08005138   Section        0  a_rf24.o(i._ZN4RF2415toggle_featuresEv)
    i._ZN4RF242ceEb                          0x08005184   Section        0  a_rf24.o(i._ZN4RF242ceEb)
    i._ZN4RF245beginEv                       0x080051a8   Section        0  a_rf24.o(i._ZN4RF245beginEv)
    i._ZN4RF245writeEPKvh                    0x0800524e   Section        0  a_rf24.o(i._ZN4RF245writeEPKvh)
    i._ZN4RF245writeEPKvhb                   0x08005264   Section        0  a_rf24.o(i._ZN4RF245writeEPKvhb)
    i._ZN4RF247powerUpEv                     0x080052dc   Section        0  a_rf24.o(i._ZN4RF247powerUpEv)
    i._ZN4RF248flush_rxEv                    0x08005304   Section        0  a_rf24.o(i._ZN4RF248flush_rxEv)
    i._ZN4RF248flush_txEv                    0x08005312   Section        0  a_rf24.o(i._ZN4RF248flush_txEv)
    i._ZN4RF248spiTransEh                    0x08005320   Section        0  a_rf24.o(i._ZN4RF248spiTransEh)
    i._ZN4RF249errNotifyEv                   0x08005368   Section        0  a_rf24.o(i._ZN4RF249errNotifyEv)
    i._ZN4RF24C1Ett                          0x0800536e   Section        0  a_rf24.o(i._ZN4RF24C1Ett)
    i.__0sprintf$8                           0x0800538c   Section        0  printf8.o(i.__0sprintf$8)
    i.__NVIC_GetPriorityGrouping             0x080053b4   Section        0  stm32f4xx_hal_cortex.o(i.__NVIC_GetPriorityGrouping)
    __NVIC_GetPriorityGrouping               0x080053b5   Thumb Code    10  stm32f4xx_hal_cortex.o(i.__NVIC_GetPriorityGrouping)
    i.__NVIC_SetPriority                     0x080053c4   Section        0  stm32f4xx_hal_cortex.o(i.__NVIC_SetPriority)
    __NVIC_SetPriority                       0x080053c5   Thumb Code    32  stm32f4xx_hal_cortex.o(i.__NVIC_SetPriority)
    i.__scatterload_copy                     0x080053ec   Section       14  handlers.o(i.__scatterload_copy)
    i.__scatterload_null                     0x080053fa   Section        2  handlers.o(i.__scatterload_null)
    i.__scatterload_zeroinit                 0x080053fc   Section       14  handlers.o(i.__scatterload_zeroinit)
    i._printf_core                           0x0800540c   Section        0  printf8.o(i._printf_core)
    _printf_core                             0x0800540d   Thumb Code   996  printf8.o(i._printf_core)
    i._printf_post_padding                   0x0800581c   Section        0  printf8.o(i._printf_post_padding)
    _printf_post_padding                     0x0800581d   Thumb Code    36  printf8.o(i._printf_post_padding)
    i._printf_pre_padding                    0x08005840   Section        0  printf8.o(i._printf_pre_padding)
    _printf_pre_padding                      0x08005841   Thumb Code    46  printf8.o(i._printf_pre_padding)
    i._sputc                                 0x0800586e   Section        0  printf8.o(i._sputc)
    _sputc                                   0x0800586f   Thumb Code    10  printf8.o(i._sputc)
    i.free                                   0x08005878   Section        0  malloc.o(i.free)
    i.main                                   0x080058c8   Section        0  maincpp.o(i.main)
    i.malloc                                 0x080059a4   Section        0  malloc.o(i.malloc)
    .constdata                               0x08005a10   Section       24  system_stm32f4xx.o(.constdata)
    .data                                    0x20000000   Section       16  usbd_cdc_if.o(.data)
    .data                                    0x20000010   Section       78  usbd_desc.o(.data)
    .data                                    0x20000060   Section        9  stm32f4xx_hal.o(.data)
    .data                                    0x2000006c   Section        4  system_stm32f4xx.o(.data)
    .data                                    0x20000070   Section        1  usbd_ctlreq.o(.data)
    cfgidx                                   0x20000070   Data           1  usbd_ctlreq.o(.data)
    .data                                    0x20000074   Section      271  usbd_cdc.o(.data)
    USBD_CDC_DeviceQualifierDesc             0x20000074   Data          10  usbd_cdc.o(.data)
    .data                                    0x20000184   Section        4  mvars.o(.data)
    .data                                    0x20000188   Section        4  mvars.o(.data)
    .bss                                     0x2000018c   Section      352  maincpp.o(.bss)
    .bss                                     0x200002ec   Section      668  usb_device.o(.bss)
    .bss                                     0x20000588   Section     4096  usbd_cdc_if.o(.bss)
    .bss                                     0x20001588   Section     1032  usbd_conf.o(.bss)
    .bss                                     0x20001990   Section      512  usbd_desc.o(.bss)
    HEAP                                     0x20001b90   Section     8192  startup_stm32f407xx.o(HEAP)
    STACK                                    0x20003b90   Section    16384  startup_stm32f407xx.o(STACK)

    Global Symbols

    Symbol Name                              Value     Ov Type        Size  Object(Section)

    BuildAttributes$$THM_ISAv4$E$P$D$K$B$S$7EM$VFPi3$EXTD16$VFPS$VFMA$PE$A:L22UL41UL21$X:L11$S22US41US21$IEEE1$IW$USESV6$~STKCKD$USESV7$~SHL$OSPACE$ROPI$EBA8$MICROLIB$REQ8$PRES8$EABIv2 0x00000000   Number         0  anon$$obj.o ABSOLUTE
    __ARM_use_no_argv                        0x00000000   Number         0  maincpp.o ABSOLUTE
    _printf_a                                0x00000000   Number         0  stubs.o ABSOLUTE
    _printf_c                                0x00000000   Number         0  stubs.o ABSOLUTE
    _printf_charcount                        0x00000000   Number         0  stubs.o ABSOLUTE
    _printf_d                                0x00000000   Number         0  stubs.o ABSOLUTE
    _printf_e                                0x00000000   Number         0  stubs.o ABSOLUTE
    _printf_f                                0x00000000   Number         0  stubs.o ABSOLUTE
    _printf_flags                            0x00000000   Number         0  stubs.o ABSOLUTE
    _printf_fp_dec                           0x00000000   Number         0  stubs.o ABSOLUTE
    _printf_fp_hex                           0x00000000   Number         0  stubs.o ABSOLUTE
    _printf_g                                0x00000000   Number         0  stubs.o ABSOLUTE
    _printf_i                                0x00000000   Number         0  stubs.o ABSOLUTE
    _printf_int_dec                          0x00000000   Number         0  stubs.o ABSOLUTE
    _printf_l                                0x00000000   Number         0  stubs.o ABSOLUTE
    _printf_lc                               0x00000000   Number         0  stubs.o ABSOLUTE
    _printf_ll                               0x00000000   Number         0  stubs.o ABSOLUTE
    _printf_lld                              0x00000000   Number         0  stubs.o ABSOLUTE
    _printf_lli                              0x00000000   Number         0  stubs.o ABSOLUTE
    _printf_llo                              0x00000000   Number         0  stubs.o ABSOLUTE
    _printf_llu                              0x00000000   Number         0  stubs.o ABSOLUTE
    _printf_llx                              0x00000000   Number         0  stubs.o ABSOLUTE
    _printf_longlong_dec                     0x00000000   Number         0  stubs.o ABSOLUTE
    _printf_longlong_hex                     0x00000000   Number         0  stubs.o ABSOLUTE
    _printf_longlong_oct                     0x00000000   Number         0  stubs.o ABSOLUTE
    _printf_ls                               0x00000000   Number         0  stubs.o ABSOLUTE
    _printf_mbtowc                           0x00000000   Number         0  stubs.o ABSOLUTE
    _printf_n                                0x00000000   Number         0  stubs.o ABSOLUTE
    _printf_o                                0x00000000   Number         0  stubs.o ABSOLUTE
    _printf_p                                0x00000000   Number         0  stubs.o ABSOLUTE
    _printf_percent                          0x00000000   Number         0  stubs.o ABSOLUTE
    _printf_pre_padding                      0x00000000   Number         0  stubs.o ABSOLUTE
    _printf_return_value                     0x00000000   Number         0  stubs.o ABSOLUTE
    _printf_s                                0x00000000   Number         0  stubs.o ABSOLUTE
    _printf_sizespec                         0x00000000   Number         0  stubs.o ABSOLUTE
    _printf_str                              0x00000000   Number         0  stubs.o ABSOLUTE
    _printf_truncate_signed                  0x00000000   Number         0  stubs.o ABSOLUTE
    _printf_truncate_unsigned                0x00000000   Number         0  stubs.o ABSOLUTE
    _printf_u                                0x00000000   Number         0  stubs.o ABSOLUTE
    _printf_wc                               0x00000000   Number         0  stubs.o ABSOLUTE
    _printf_wctomb                           0x00000000   Number         0  stubs.o ABSOLUTE
    _printf_widthprec                        0x00000000   Number         0  stubs.o ABSOLUTE
    _printf_x                                0x00000000   Number         0  stubs.o ABSOLUTE
    __cpp_initialize__aeabi_                  - Undefined Weak Reference
    __cxa_finalize                            - Undefined Weak Reference
    _clock_init                               - Undefined Weak Reference
    _microlib_exit                            - Undefined Weak Reference
    __Vectors_Size                           0x00000188   Number         0  startup_stm32f407xx.o ABSOLUTE
    __Vectors                                0x08000000   Data           4  startup_stm32f407xx.o(RESET)
    __Vectors_End                            0x08000188   Data           0  startup_stm32f407xx.o(RESET)
    __main                                   0x08000189   Thumb Code     0  entry.o(.ARM.Collect$$$$00000000)
    _main_stk                                0x08000189   Thumb Code     0  entry2.o(.ARM.Collect$$$$00000001)
    _main_scatterload                        0x0800018d   Thumb Code     0  entry5.o(.ARM.Collect$$$$00000004)
    __main_after_scatterload                 0x08000191   Thumb Code     0  entry5.o(.ARM.Collect$$$$00000004)
    _main_clock                              0x08000191   Thumb Code     0  entry7b.o(.ARM.Collect$$$$00000008)
    _main_cpp_init                           0x08000191   Thumb Code     0  entry8b.o(.ARM.Collect$$$$0000000A)
    _main_init                               0x08000191   Thumb Code     0  entry9a.o(.ARM.Collect$$$$0000000B)
    __rt_final_cpp                           0x08000199   Thumb Code     0  entry10a.o(.ARM.Collect$$$$0000000D)
    __rt_final_exit                          0x08000199   Thumb Code     0  entry11a.o(.ARM.Collect$$$$0000000F)
    Reset_Handler                            0x0800019d   Thumb Code     8  startup_stm32f407xx.o(.text)
    ADC_IRQHandler                           0x080001b7   Thumb Code     0  startup_stm32f407xx.o(.text)
    CAN1_RX0_IRQHandler                      0x080001b7   Thumb Code     0  startup_stm32f407xx.o(.text)
    CAN1_RX1_IRQHandler                      0x080001b7   Thumb Code     0  startup_stm32f407xx.o(.text)
    CAN1_SCE_IRQHandler                      0x080001b7   Thumb Code     0  startup_stm32f407xx.o(.text)
    CAN1_TX_IRQHandler                       0x080001b7   Thumb Code     0  startup_stm32f407xx.o(.text)
    CAN2_RX0_IRQHandler                      0x080001b7   Thumb Code     0  startup_stm32f407xx.o(.text)
    CAN2_RX1_IRQHandler                      0x080001b7   Thumb Code     0  startup_stm32f407xx.o(.text)
    CAN2_SCE_IRQHandler                      0x080001b7   Thumb Code     0  startup_stm32f407xx.o(.text)
    CAN2_TX_IRQHandler                       0x080001b7   Thumb Code     0  startup_stm32f407xx.o(.text)
    DCMI_IRQHandler                          0x080001b7   Thumb Code     0  startup_stm32f407xx.o(.text)
    DMA1_Stream0_IRQHandler                  0x080001b7   Thumb Code     0  startup_stm32f407xx.o(.text)
    DMA1_Stream1_IRQHandler                  0x080001b7   Thumb Code     0  startup_stm32f407xx.o(.text)
    DMA1_Stream2_IRQHandler                  0x080001b7   Thumb Code     0  startup_stm32f407xx.o(.text)
    DMA1_Stream3_IRQHandler                  0x080001b7   Thumb Code     0  startup_stm32f407xx.o(.text)
    DMA1_Stream4_IRQHandler                  0x080001b7   Thumb Code     0  startup_stm32f407xx.o(.text)
    DMA1_Stream5_IRQHandler                  0x080001b7   Thumb Code     0  startup_stm32f407xx.o(.text)
    DMA1_Stream6_IRQHandler                  0x080001b7   Thumb Code     0  startup_stm32f407xx.o(.text)
    DMA1_Stream7_IRQHandler                  0x080001b7   Thumb Code     0  startup_stm32f407xx.o(.text)
    DMA2_Stream0_IRQHandler                  0x080001b7   Thumb Code     0  startup_stm32f407xx.o(.text)
    DMA2_Stream1_IRQHandler                  0x080001b7   Thumb Code     0  startup_stm32f407xx.o(.text)
    DMA2_Stream2_IRQHandler                  0x080001b7   Thumb Code     0  startup_stm32f407xx.o(.text)
    DMA2_Stream3_IRQHandler                  0x080001b7   Thumb Code     0  startup_stm32f407xx.o(.text)
    DMA2_Stream4_IRQHandler                  0x080001b7   Thumb Code     0  startup_stm32f407xx.o(.text)
    DMA2_Stream5_IRQHandler                  0x080001b7   Thumb Code     0  startup_stm32f407xx.o(.text)
    DMA2_Stream6_IRQHandler                  0x080001b7   Thumb Code     0  startup_stm32f407xx.o(.text)
    DMA2_Stream7_IRQHandler                  0x080001b7   Thumb Code     0  startup_stm32f407xx.o(.text)
    ETH_IRQHandler                           0x080001b7   Thumb Code     0  startup_stm32f407xx.o(.text)
    ETH_WKUP_IRQHandler                      0x080001b7   Thumb Code     0  startup_stm32f407xx.o(.text)
    EXTI0_IRQHandler                         0x080001b7   Thumb Code     0  startup_stm32f407xx.o(.text)
    EXTI15_10_IRQHandler                     0x080001b7   Thumb Code     0  startup_stm32f407xx.o(.text)
    EXTI1_IRQHandler                         0x080001b7   Thumb Code     0  startup_stm32f407xx.o(.text)
    EXTI2_IRQHandler                         0x080001b7   Thumb Code     0  startup_stm32f407xx.o(.text)
    EXTI3_IRQHandler                         0x080001b7   Thumb Code     0  startup_stm32f407xx.o(.text)
    EXTI4_IRQHandler                         0x080001b7   Thumb Code     0  startup_stm32f407xx.o(.text)
    EXTI9_5_IRQHandler                       0x080001b7   Thumb Code     0  startup_stm32f407xx.o(.text)
    FLASH_IRQHandler                         0x080001b7   Thumb Code     0  startup_stm32f407xx.o(.text)
    FMC_IRQHandler                           0x080001b7   Thumb Code     0  startup_stm32f407xx.o(.text)
    FPU_IRQHandler                           0x080001b7   Thumb Code     0  startup_stm32f407xx.o(.text)
    HASH_RNG_IRQHandler                      0x080001b7   Thumb Code     0  startup_stm32f407xx.o(.text)
    I2C1_ER_IRQHandler                       0x080001b7   Thumb Code     0  startup_stm32f407xx.o(.text)
    I2C1_EV_IRQHandler                       0x080001b7   Thumb Code     0  startup_stm32f407xx.o(.text)
    I2C2_ER_IRQHandler                       0x080001b7   Thumb Code     0  startup_stm32f407xx.o(.text)
    I2C2_EV_IRQHandler                       0x080001b7   Thumb Code     0  startup_stm32f407xx.o(.text)
    I2C3_ER_IRQHandler                       0x080001b7   Thumb Code     0  startup_stm32f407xx.o(.text)
    I2C3_EV_IRQHandler                       0x080001b7   Thumb Code     0  startup_stm32f407xx.o(.text)
    OTG_FS_WKUP_IRQHandler                   0x080001b7   Thumb Code     0  startup_stm32f407xx.o(.text)
    OTG_HS_EP1_IN_IRQHandler                 0x080001b7   Thumb Code     0  startup_stm32f407xx.o(.text)
    OTG_HS_EP1_OUT_IRQHandler                0x080001b7   Thumb Code     0  startup_stm32f407xx.o(.text)
    OTG_HS_IRQHandler                        0x080001b7   Thumb Code     0  startup_stm32f407xx.o(.text)
    OTG_HS_WKUP_IRQHandler                   0x080001b7   Thumb Code     0  startup_stm32f407xx.o(.text)
    PVD_IRQHandler                           0x080001b7   Thumb Code     0  startup_stm32f407xx.o(.text)
    RCC_IRQHandler                           0x080001b7   Thumb Code     0  startup_stm32f407xx.o(.text)
    RTC_Alarm_IRQHandler                     0x080001b7   Thumb Code     0  startup_stm32f407xx.o(.text)
    RTC_WKUP_IRQHandler                      0x080001b7   Thumb Code     0  startup_stm32f407xx.o(.text)
    SDIO_IRQHandler                          0x080001b7   Thumb Code     0  startup_stm32f407xx.o(.text)
    SPI1_IRQHandler                          0x080001b7   Thumb Code     0  startup_stm32f407xx.o(.text)
    SPI2_IRQHandler                          0x080001b7   Thumb Code     0  startup_stm32f407xx.o(.text)
    SPI3_IRQHandler                          0x080001b7   Thumb Code     0  startup_stm32f407xx.o(.text)
    TAMP_STAMP_IRQHandler                    0x080001b7   Thumb Code     0  startup_stm32f407xx.o(.text)
    TIM1_BRK_TIM9_IRQHandler                 0x080001b7   Thumb Code     0  startup_stm32f407xx.o(.text)
    TIM1_CC_IRQHandler                       0x080001b7   Thumb Code     0  startup_stm32f407xx.o(.text)
    TIM1_TRG_COM_TIM11_IRQHandler            0x080001b7   Thumb Code     0  startup_stm32f407xx.o(.text)
    TIM1_UP_TIM10_IRQHandler                 0x080001b7   Thumb Code     0  startup_stm32f407xx.o(.text)
    TIM2_IRQHandler                          0x080001b7   Thumb Code     0  startup_stm32f407xx.o(.text)
    TIM3_IRQHandler                          0x080001b7   Thumb Code     0  startup_stm32f407xx.o(.text)
    TIM4_IRQHandler                          0x080001b7   Thumb Code     0  startup_stm32f407xx.o(.text)
    TIM5_IRQHandler                          0x080001b7   Thumb Code     0  startup_stm32f407xx.o(.text)
    TIM6_DAC_IRQHandler                      0x080001b7   Thumb Code     0  startup_stm32f407xx.o(.text)
    TIM7_IRQHandler                          0x080001b7   Thumb Code     0  startup_stm32f407xx.o(.text)
    TIM8_BRK_TIM12_IRQHandler                0x080001b7   Thumb Code     0  startup_stm32f407xx.o(.text)
    TIM8_CC_IRQHandler                       0x080001b7   Thumb Code     0  startup_stm32f407xx.o(.text)
    TIM8_TRG_COM_TIM14_IRQHandler            0x080001b7   Thumb Code     0  startup_stm32f407xx.o(.text)
    TIM8_UP_TIM13_IRQHandler                 0x080001b7   Thumb Code     0  startup_stm32f407xx.o(.text)
    UART4_IRQHandler                         0x080001b7   Thumb Code     0  startup_stm32f407xx.o(.text)
    UART5_IRQHandler                         0x080001b7   Thumb Code     0  startup_stm32f407xx.o(.text)
    USART1_IRQHandler                        0x080001b7   Thumb Code     0  startup_stm32f407xx.o(.text)
    USART2_IRQHandler                        0x080001b7   Thumb Code     0  startup_stm32f407xx.o(.text)
    USART3_IRQHandler                        0x080001b7   Thumb Code     0  startup_stm32f407xx.o(.text)
    USART6_IRQHandler                        0x080001b7   Thumb Code     0  startup_stm32f407xx.o(.text)
    WWDG_IRQHandler                          0x080001b7   Thumb Code     0  startup_stm32f407xx.o(.text)
    __aeabi_uldivmod                         0x080001c1   Thumb Code    98  uldiv.o(.text)
    __aeabi_memcpy                           0x08000223   Thumb Code    36  memcpya.o(.text)
    __aeabi_memcpy4                          0x08000223   Thumb Code     0  memcpya.o(.text)
    __aeabi_memcpy8                          0x08000223   Thumb Code     0  memcpya.o(.text)
    __aeabi_memset                           0x08000247   Thumb Code    14  memseta.o(.text)
    __aeabi_memset4                          0x08000247   Thumb Code     0  memseta.o(.text)
    __aeabi_memset8                          0x08000247   Thumb Code     0  memseta.o(.text)
    __aeabi_memclr                           0x08000255   Thumb Code     4  memseta.o(.text)
    __aeabi_memclr4                          0x08000255   Thumb Code     0  memseta.o(.text)
    __aeabi_memclr8                          0x08000255   Thumb Code     0  memseta.o(.text)
    _memset$wrapper                          0x08000259   Thumb Code    18  memseta.o(.text)
    strlen                                   0x0800026b   Thumb Code    14  strlen.o(.text)
    __aeabi_llsl                             0x08000279   Thumb Code    30  llshl.o(.text)
    _ll_shift_l                              0x08000279   Thumb Code     0  llshl.o(.text)
    __aeabi_llsr                             0x08000297   Thumb Code    32  llushr.o(.text)
    _ll_ushift_r                             0x08000297   Thumb Code     0  llushr.o(.text)
    __scatterload                            0x080002b9   Thumb Code    28  init.o(.text)
    __scatterload_rt2                        0x080002b9   Thumb Code     0  init.o(.text)
    __decompress                             0x080002dd   Thumb Code     0  __dczerorl2.o(.text)
    __decompress1                            0x080002dd   Thumb Code    86  __dczerorl2.o(.text)
    BusFault_Handler                         0x08000333   Thumb Code     4  stm32f4xx_it.o(i.BusFault_Handler)
    CDC_Transmit_FS                          0x080003c1   Thumb Code    50  usbd_cdc_if.o(i.CDC_Transmit_FS)
    DebugMon_Handler                         0x080003f9   Thumb Code     2  stm32f4xx_it.o(i.DebugMon_Handler)
    Error_Handler                            0x080003fb   Thumb Code     2  maincpp.o(i.Error_Handler)
    HAL_Delay                                0x08000431   Thumb Code    36  stm32f4xx_hal.o(i.HAL_Delay)
    HAL_GPIO_Init                            0x08000459   Thumb Code   466  stm32f4xx_hal_gpio.o(i.HAL_GPIO_Init)
    HAL_GPIO_ReadPin                         0x08000659   Thumb Code    16  stm32f4xx_hal_gpio.o(i.HAL_GPIO_ReadPin)
    HAL_GPIO_WritePin                        0x08000669   Thumb Code    12  stm32f4xx_hal_gpio.o(i.HAL_GPIO_WritePin)
    HAL_GetTick                              0x08000675   Thumb Code     6  stm32f4xx_hal.o(i.HAL_GetTick)
    HAL_IncTick                              0x08000681   Thumb Code    16  stm32f4xx_hal.o(i.HAL_IncTick)
    HAL_Init                                 0x08000699   Thumb Code    54  stm32f4xx_hal.o(i.HAL_Init)
    HAL_InitTick                             0x080006d5   Thumb Code    64  stm32f4xx_hal.o(i.HAL_InitTick)
    HAL_MspInit                              0x08000721   Thumb Code    68  stm32f4xx_hal_msp.o(i.HAL_MspInit)
    HAL_NVIC_EnableIRQ                       0x08000769   Thumb Code    32  stm32f4xx_hal_cortex.o(i.HAL_NVIC_EnableIRQ)
    HAL_NVIC_SetPriority                     0x08000789   Thumb Code   124  stm32f4xx_hal_cortex.o(i.HAL_NVIC_SetPriority)
    HAL_NVIC_SetPriorityGrouping             0x08000805   Thumb Code    32  stm32f4xx_hal_cortex.o(i.HAL_NVIC_SetPriorityGrouping)
    HAL_PCDEx_LPM_Callback                   0x0800082d   Thumb Code     2  stm32f4xx_hal_pcd_ex.o(i.HAL_PCDEx_LPM_Callback)
    HAL_PCDEx_SetRxFiFo                      0x0800082f   Thumb Code    10  stm32f4xx_hal_pcd_ex.o(i.HAL_PCDEx_SetRxFiFo)
    HAL_PCDEx_SetTxFiFo                      0x08000839   Thumb Code    78  stm32f4xx_hal_pcd_ex.o(i.HAL_PCDEx_SetTxFiFo)
    HAL_PCD_ConnectCallback                  0x08000887   Thumb Code    14  usbd_conf.o(i.HAL_PCD_ConnectCallback)
    HAL_PCD_DataInStageCallback              0x08000895   Thumb Code    32  usbd_conf.o(i.HAL_PCD_DataInStageCallback)
    HAL_PCD_DataOutStageCallback             0x080008b5   Thumb Code    32  usbd_conf.o(i.HAL_PCD_DataOutStageCallback)
    HAL_PCD_DisconnectCallback               0x080008d5   Thumb Code    14  usbd_conf.o(i.HAL_PCD_DisconnectCallback)
    HAL_PCD_EP_Close                         0x080008e3   Thumb Code   106  stm32f4xx_hal_pcd.o(i.HAL_PCD_EP_Close)
    HAL_PCD_EP_ClrStall                      0x0800094d   Thumb Code   124  stm32f4xx_hal_pcd.o(i.HAL_PCD_EP_ClrStall)
    HAL_PCD_EP_GetRxCount                    0x080009c9   Thumb Code    22  stm32f4xx_hal_pcd.o(i.HAL_PCD_EP_GetRxCount)
    HAL_PCD_EP_Open                          0x080009df   Thumb Code   140  stm32f4xx_hal_pcd.o(i.HAL_PCD_EP_Open)
    HAL_PCD_EP_Receive                       0x08000a6b   Thumb Code    88  stm32f4xx_hal_pcd.o(i.HAL_PCD_EP_Receive)
    HAL_PCD_EP_SetStall                      0x08000ac3   Thumb Code   138  stm32f4xx_hal_pcd.o(i.HAL_PCD_EP_SetStall)
    HAL_PCD_EP_Transmit                      0x08000b4d   Thumb Code    90  stm32f4xx_hal_pcd.o(i.HAL_PCD_EP_Transmit)
    HAL_PCD_IRQHandler                       0x08000ba7   Thumb Code  1350  stm32f4xx_hal_pcd.o(i.HAL_PCD_IRQHandler)
    HAL_PCD_ISOINIncompleteCallback          0x080010ed   Thumb Code    18  usbd_conf.o(i.HAL_PCD_ISOINIncompleteCallback)
    HAL_PCD_ISOOUTIncompleteCallback         0x080010ff   Thumb Code    18  usbd_conf.o(i.HAL_PCD_ISOOUTIncompleteCallback)
    HAL_PCD_Init                             0x08001111   Thumb Code   344  stm32f4xx_hal_pcd.o(i.HAL_PCD_Init)
    HAL_PCD_MspInit                          0x08001269   Thumb Code   160  usbd_conf.o(i.HAL_PCD_MspInit)
    HAL_PCD_ResetCallback                    0x08001311   Thumb Code    48  usbd_conf.o(i.HAL_PCD_ResetCallback)
    HAL_PCD_ResumeCallback                   0x08001341   Thumb Code    14  usbd_conf.o(i.HAL_PCD_ResumeCallback)
    HAL_PCD_SOFCallback                      0x0800134f   Thumb Code    14  usbd_conf.o(i.HAL_PCD_SOFCallback)
    HAL_PCD_SetAddress                       0x0800135d   Thumb Code    54  stm32f4xx_hal_pcd.o(i.HAL_PCD_SetAddress)
    HAL_PCD_SetupStageCallback               0x08001393   Thumb Code    18  usbd_conf.o(i.HAL_PCD_SetupStageCallback)
    HAL_PCD_Start                            0x080013a5   Thumb Code    74  stm32f4xx_hal_pcd.o(i.HAL_PCD_Start)
    HAL_PCD_SuspendCallback                  0x080013f1   Thumb Code    46  usbd_conf.o(i.HAL_PCD_SuspendCallback)
    HAL_RCC_ClockConfig                      0x08001425   Thumb Code   366  stm32f4xx_hal_rcc.o(i.HAL_RCC_ClockConfig)
    HAL_RCC_GetHCLKFreq                      0x080015a5   Thumb Code     6  stm32f4xx_hal_rcc.o(i.HAL_RCC_GetHCLKFreq)
    HAL_RCC_GetPCLK1Freq                     0x080015b1   Thumb Code    22  stm32f4xx_hal_rcc.o(i.HAL_RCC_GetPCLK1Freq)
    HAL_RCC_GetPCLK2Freq                     0x080015d1   Thumb Code    22  stm32f4xx_hal_rcc.o(i.HAL_RCC_GetPCLK2Freq)
    HAL_RCC_GetSysClockFreq                  0x080015f1   Thumb Code   162  stm32f4xx_hal_rcc.o(i.HAL_RCC_GetSysClockFreq)
    HAL_RCC_OscConfig                        0x080016a1   Thumb Code  1086  stm32f4xx_hal_rcc.o(i.HAL_RCC_OscConfig)
    HAL_SPI_Init                             0x08001ae9   Thumb Code   140  stm32f4xx_hal_spi.o(i.HAL_SPI_Init)
    HAL_SPI_MspInit                          0x08001b75   Thumb Code   122  stm32f4xx_hal_msp.o(i.HAL_SPI_MspInit)
    HAL_SPI_Receive                          0x08001bfd   Thumb Code   356  stm32f4xx_hal_spi.o(i.HAL_SPI_Receive)
    HAL_SPI_Transmit                         0x08001d61   Thumb Code   418  stm32f4xx_hal_spi.o(i.HAL_SPI_Transmit)
    HAL_SPI_TransmitReceive                  0x08001f03   Thumb Code   554  stm32f4xx_hal_spi.o(i.HAL_SPI_TransmitReceive)
    HAL_SYSTICK_Config                       0x0800212d   Thumb Code    52  stm32f4xx_hal_cortex.o(i.HAL_SYSTICK_Config)
    HAL_UART_Init                            0x08002161   Thumb Code   114  stm32f4xx_hal_uart.o(i.HAL_UART_Init)
    HAL_UART_MspInit                         0x080021d3   Thumb Code     2  stm32f4xx_hal_uart.o(i.HAL_UART_MspInit)
    HardFault_Handler                        0x080021d5   Thumb Code     4  stm32f4xx_it.o(i.HardFault_Handler)
    MX_USB_DEVICE_Init                       0x08002219   Thumb Code    60  usb_device.o(i.MX_USB_DEVICE_Init)
    MemManage_Handler                        0x08002265   Thumb Code     4  stm32f4xx_it.o(i.MemManage_Handler)
    NMI_Handler                              0x08002269   Thumb Code     2  stm32f4xx_it.o(i.NMI_Handler)
    OTG_FS_IRQHandler                        0x0800226d   Thumb Code    10  stm32f4xx_it.o(i.OTG_FS_IRQHandler)
    PendSV_Handler                           0x0800253f   Thumb Code     2  stm32f4xx_it.o(i.PendSV_Handler)
    SVC_Handler                              0x0800265d   Thumb Code     2  stm32f4xx_it.o(i.SVC_Handler)
    SysTick_Handler                          0x0800265f   Thumb Code     8  stm32f4xx_it.o(i.SysTick_Handler)
    SystemInit                               0x08002669   Thumb Code    82  system_stm32f4xx.o(i.SystemInit)
    USBD_CDC_GetDeviceQualifierDescriptor    0x08002b65   Thumb Code    10  usbd_cdc.o(i.USBD_CDC_GetDeviceQualifierDescriptor)
    USBD_CDC_ReceivePacket                   0x08002c5d   Thumb Code    58  usbd_cdc.o(i.USBD_CDC_ReceivePacket)
    USBD_CDC_RegisterInterface               0x08002c97   Thumb Code    14  usbd_cdc.o(i.USBD_CDC_RegisterInterface)
    USBD_CDC_SetRxBuffer                     0x08002ca5   Thumb Code    14  usbd_cdc.o(i.USBD_CDC_SetRxBuffer)
    USBD_CDC_SetTxBuffer                     0x08002cb3   Thumb Code    20  usbd_cdc.o(i.USBD_CDC_SetTxBuffer)
    USBD_CDC_TransmitPacket                  0x08002dbb   Thumb Code    62  usbd_cdc.o(i.USBD_CDC_TransmitPacket)
    USBD_ClrClassConfig                      0x08002df9   Thumb Code    22  usbd_core.o(i.USBD_ClrClassConfig)
    USBD_CtlContinueRx                       0x08002e4d   Thumb Code    24  usbd_ioreq.o(i.USBD_CtlContinueRx)
    USBD_CtlContinueSendData                 0x08002e65   Thumb Code    24  usbd_ioreq.o(i.USBD_CtlContinueSendData)
    USBD_CtlError                            0x08002e7d   Thumb Code    24  usbd_ctlreq.o(i.USBD_CtlError)
    USBD_CtlPrepareRx                        0x08002e95   Thumb Code    40  usbd_ioreq.o(i.USBD_CtlPrepareRx)
    USBD_CtlReceiveStatus                    0x08002ebd   Thumb Code    26  usbd_ioreq.o(i.USBD_CtlReceiveStatus)
    USBD_CtlSendData                         0x08002ed7   Thumb Code    34  usbd_ioreq.o(i.USBD_CtlSendData)
    USBD_CtlSendStatus                       0x08002ef9   Thumb Code    26  usbd_ioreq.o(i.USBD_CtlSendStatus)
    USBD_FS_ConfigStrDescriptor              0x08002f15   Thumb Code    34  usbd_desc.o(i.USBD_FS_ConfigStrDescriptor)
    USBD_FS_DeviceDescriptor                 0x08002f49   Thumb Code    10  usbd_desc.o(i.USBD_FS_DeviceDescriptor)
    USBD_FS_InterfaceStrDescriptor           0x08002f59   Thumb Code    34  usbd_desc.o(i.USBD_FS_InterfaceStrDescriptor)
    USBD_FS_LangIDStrDescriptor              0x08002f91   Thumb Code    10  usbd_desc.o(i.USBD_FS_LangIDStrDescriptor)
    USBD_FS_ManufacturerStrDescriptor        0x08002fa1   Thumb Code    20  usbd_desc.o(i.USBD_FS_ManufacturerStrDescriptor)
    USBD_FS_ProductStrDescriptor             0x08002fcd   Thumb Code    34  usbd_desc.o(i.USBD_FS_ProductStrDescriptor)
    USBD_FS_SerialStrDescriptor              0x0800300d   Thumb Code    18  usbd_desc.o(i.USBD_FS_SerialStrDescriptor)
    USBD_GetString                           0x0800323b   Thumb Code    82  usbd_ctlreq.o(i.USBD_GetString)
    USBD_Get_USB_Status                      0x0800328d   Thumb Code    44  usbd_conf.o(i.USBD_Get_USB_Status)
    USBD_Init                                0x080032b9   Thumb Code    50  usbd_core.o(i.USBD_Init)
    USBD_LL_ClearStallEP                     0x080032eb   Thumb Code    38  usbd_conf.o(i.USBD_LL_ClearStallEP)
    USBD_LL_CloseEP                          0x08003311   Thumb Code    38  usbd_conf.o(i.USBD_LL_CloseEP)
    USBD_LL_DataInStage                      0x08003337   Thumb Code   256  usbd_core.o(i.USBD_LL_DataInStage)
    USBD_LL_DataOutStage                     0x08003437   Thumb Code   166  usbd_core.o(i.USBD_LL_DataOutStage)
    USBD_LL_DevConnected                     0x080034dd   Thumb Code     6  usbd_core.o(i.USBD_LL_DevConnected)
    USBD_LL_DevDisconnected                  0x080034e3   Thumb Code    26  usbd_core.o(i.USBD_LL_DevDisconnected)
    USBD_LL_GetRxDataSize                    0x080034fd   Thumb Code    18  usbd_conf.o(i.USBD_LL_GetRxDataSize)
    USBD_LL_Init                             0x08003511   Thumb Code   100  usbd_conf.o(i.USBD_LL_Init)
    USBD_LL_IsStallEP                        0x08003579   Thumb Code    56  usbd_conf.o(i.USBD_LL_IsStallEP)
    USBD_LL_IsoINIncomplete                  0x080035b1   Thumb Code     6  usbd_core.o(i.USBD_LL_IsoINIncomplete)
    USBD_LL_IsoOUTIncomplete                 0x080035b7   Thumb Code     6  usbd_core.o(i.USBD_LL_IsoOUTIncomplete)
    USBD_LL_OpenEP                           0x080035bd   Thumb Code    48  usbd_conf.o(i.USBD_LL_OpenEP)
    USBD_LL_PrepareReceive                   0x080035ed   Thumb Code    48  usbd_conf.o(i.USBD_LL_PrepareReceive)
    USBD_LL_Reset                            0x0800361d   Thumb Code    92  usbd_core.o(i.USBD_LL_Reset)
    USBD_LL_Resume                           0x08003679   Thumb Code    14  usbd_core.o(i.USBD_LL_Resume)
    USBD_LL_SOF                              0x08003687   Thumb Code    34  usbd_core.o(i.USBD_LL_SOF)
    USBD_LL_SetSpeed                         0x080036a9   Thumb Code     8  usbd_core.o(i.USBD_LL_SetSpeed)
    USBD_LL_SetUSBAddress                    0x080036b1   Thumb Code    38  usbd_conf.o(i.USBD_LL_SetUSBAddress)
    USBD_LL_SetupStage                       0x080036d7   Thumb Code   110  usbd_core.o(i.USBD_LL_SetupStage)
    USBD_LL_StallEP                          0x08003745   Thumb Code    38  usbd_conf.o(i.USBD_LL_StallEP)
    USBD_LL_Start                            0x0800376b   Thumb Code    30  usbd_conf.o(i.USBD_LL_Start)
    USBD_LL_Suspend                          0x08003789   Thumb Code    20  usbd_core.o(i.USBD_LL_Suspend)
    USBD_LL_Transmit                         0x0800379d   Thumb Code    48  usbd_conf.o(i.USBD_LL_Transmit)
    USBD_ParseSetupRequest                   0x080037cd   Thumb Code    40  usbd_ctlreq.o(i.USBD_ParseSetupRequest)
    USBD_RegisterClass                       0x080037f5   Thumb Code    16  usbd_core.o(i.USBD_RegisterClass)
    USBD_RunTestMode                         0x08003805   Thumb Code     6  usbd_core.o(i.USBD_RunTestMode)
    USBD_SetClassConfig                      0x08003865   Thumb Code    34  usbd_core.o(i.USBD_SetClassConfig)
    USBD_Start                               0x08003989   Thumb Code    14  usbd_core.o(i.USBD_Start)
    USBD_StdDevReq                           0x08003997   Thumb Code   162  usbd_ctlreq.o(i.USBD_StdDevReq)
    USBD_StdEPReq                            0x08003a39   Thumb Code   568  usbd_ctlreq.o(i.USBD_StdEPReq)
    USBD_StdItfReq                           0x08003c71   Thumb Code   126  usbd_ctlreq.o(i.USBD_StdItfReq)
    USB_ActivateEndpoint                     0x08003cf1   Thumb Code   202  stm32f4xx_ll_usb.o(i.USB_ActivateEndpoint)
    USB_ActivateSetup                        0x08003dc1   Thumb Code    70  stm32f4xx_ll_usb.o(i.USB_ActivateSetup)
    USB_CoreInit                             0x08003e09   Thumb Code   128  stm32f4xx_ll_usb.o(i.USB_CoreInit)
    USB_DeactivateEndpoint                   0x08003ed9   Thumb Code   182  stm32f4xx_ll_usb.o(i.USB_DeactivateEndpoint)
    USB_DevConnect                           0x08003f9d   Thumb Code    32  stm32f4xx_ll_usb.o(i.USB_DevConnect)
    USB_DevDisconnect                        0x08003fbd   Thumb Code    32  stm32f4xx_ll_usb.o(i.USB_DevDisconnect)
    USB_DevInit                              0x08003fdd   Thumb Code   482  stm32f4xx_ll_usb.o(i.USB_DevInit)
    USB_DisableGlobalInt                     0x080041d1   Thumb Code    14  stm32f4xx_ll_usb.o(i.USB_DisableGlobalInt)
    USB_EP0StartXfer                         0x080041e1   Thumb Code   444  stm32f4xx_ll_usb.o(i.USB_EP0StartXfer)
    USB_EP0_OutStart                         0x080043a1   Thumb Code   106  stm32f4xx_ll_usb.o(i.USB_EP0_OutStart)
    USB_EPClearStall                         0x08004411   Thumb Code   142  stm32f4xx_ll_usb.o(i.USB_EPClearStall)
    USB_EPSetStall                           0x0800449f   Thumb Code   154  stm32f4xx_ll_usb.o(i.USB_EPSetStall)
    USB_EPStartXfer                          0x08004539   Thumb Code   748  stm32f4xx_ll_usb.o(i.USB_EPStartXfer)
    USB_EnableGlobalInt                      0x08004829   Thumb Code    14  stm32f4xx_ll_usb.o(i.USB_EnableGlobalInt)
    USB_FlushRxFifo                          0x08004839   Thumb Code    38  stm32f4xx_ll_usb.o(i.USB_FlushRxFifo)
    USB_FlushTxFifo                          0x08004865   Thumb Code    44  stm32f4xx_ll_usb.o(i.USB_FlushTxFifo)
    USB_GetDevSpeed                          0x08004895   Thumb Code    38  stm32f4xx_ll_usb.o(i.USB_GetDevSpeed)
    USB_GetMode                              0x080048bb   Thumb Code    10  stm32f4xx_ll_usb.o(i.USB_GetMode)
    USB_ReadDevAllInEpInterrupt              0x080048c5   Thumb Code    20  stm32f4xx_ll_usb.o(i.USB_ReadDevAllInEpInterrupt)
    USB_ReadDevAllOutEpInterrupt             0x080048d9   Thumb Code    20  stm32f4xx_ll_usb.o(i.USB_ReadDevAllOutEpInterrupt)
    USB_ReadDevInEPInterrupt                 0x080048ed   Thumb Code    50  stm32f4xx_ll_usb.o(i.USB_ReadDevInEPInterrupt)
    USB_ReadDevOutEPInterrupt                0x0800491f   Thumb Code    26  stm32f4xx_ll_usb.o(i.USB_ReadDevOutEPInterrupt)
    USB_ReadInterrupts                       0x08004939   Thumb Code    10  stm32f4xx_ll_usb.o(i.USB_ReadInterrupts)
    USB_ReadPacket                           0x08004943   Thumb Code    34  stm32f4xx_ll_usb.o(i.USB_ReadPacket)
    USB_SetCurrentMode                       0x08004965   Thumb Code    54  stm32f4xx_ll_usb.o(i.USB_SetCurrentMode)
    USB_SetDevAddress                        0x0800499b   Thumb Code    42  stm32f4xx_ll_usb.o(i.USB_SetDevAddress)
    USB_SetDevSpeed                          0x080049c5   Thumb Code    18  stm32f4xx_ll_usb.o(i.USB_SetDevSpeed)
    USB_SetTurnaroundTime                    0x080049d9   Thumb Code   192  stm32f4xx_ll_usb.o(i.USB_SetTurnaroundTime)
    USB_WritePacket                          0x08004ac1   Thumb Code    60  stm32f4xx_ll_usb.o(i.USB_WritePacket)
    UsageFault_Handler                       0x08004afd   Thumb Code     4  stm32f4xx_it.o(i.UsageFault_Handler)
    SystemClock_Config()                     0x08004cc5   Thumb Code   160  maincpp.o(i._Z18SystemClock_Configv)
    RF24::get_status()                       0x08004d6d   Thumb Code    14  a_rf24.o(i._ZN4RF2410get_statusEv)
    RF24::setChannel(unsigned char)          0x08004d7b   Thumb Code    30  a_rf24.o(i._ZN4RF2410setChannelEh)
    RF24::setPALevel(unsigned char)          0x08004d99   Thumb Code    52  a_rf24.o(i._ZN4RF2410setPALevelEh)
    RF24::setRetries(unsigned char, unsigned char) 0x08004dcd   Thumb Code    30  a_rf24.o(i._ZN4RF2410setRetriesEhh)
    RF24::setDataRate(rf24_datarate_e)       0x08004deb   Thumb Code    86  a_rf24.o(i._ZN4RF2411setDataRateE15rf24_datarate_e)
    RF24::read_register(unsigned char)       0x08004e41   Thumb Code    78  a_rf24.o(i._ZN4RF2413read_registerEh)
    RF24::stopListening()                    0x08004e99   Thumb Code   108  a_rf24.o(i._ZN4RF2413stopListeningEv)
    RF24::write_payload(const void*, unsigned char, unsigned char) 0x08004f09   Thumb Code   166  a_rf24.o(i._ZN4RF2413write_payloadEPKvhh)
    RF24::startFastWrite(const void*, unsigned char, bool, bool) 0x08004fd9   Thumb Code    54  a_rf24.o(i._ZN4RF2414startFastWriteEPKvhbb)
    RF24::write_register(unsigned char, const unsigned char*, unsigned char) 0x08005011   Thumb Code    90  a_rf24.o(i._ZN4RF2414write_registerEhPKhh)
    RF24::write_register(unsigned char, unsigned char) 0x08005075   Thumb Code   116  a_rf24.o(i._ZN4RF2414write_registerEhh)
    RF24::openWritingPipe(const unsigned char*) 0x0800510d   Thumb Code    42  a_rf24.o(i._ZN4RF2415openWritingPipeEPKh)
    RF24::toggle_features()                  0x08005139   Thumb Code    68  a_rf24.o(i._ZN4RF2415toggle_featuresEv)
    RF24::ce(bool)                           0x08005185   Thumb Code    32  a_rf24.o(i._ZN4RF242ceEb)
    RF24::begin()                            0x080051a9   Thumb Code   166  a_rf24.o(i._ZN4RF245beginEv)
    RF24::write(const void*, unsigned char)  0x0800524f   Thumb Code    22  a_rf24.o(i._ZN4RF245writeEPKvh)
    RF24::write(const void*, unsigned char, bool) 0x08005265   Thumb Code   116  a_rf24.o(i._ZN4RF245writeEPKvhb)
    RF24::powerUp()                          0x080052dd   Thumb Code    40  a_rf24.o(i._ZN4RF247powerUpEv)
    RF24::flush_rx()                         0x08005305   Thumb Code    14  a_rf24.o(i._ZN4RF248flush_rxEv)
    RF24::flush_tx()                         0x08005313   Thumb Code    14  a_rf24.o(i._ZN4RF248flush_txEv)
    RF24::spiTrans(unsigned char)            0x08005321   Thumb Code    62  a_rf24.o(i._ZN4RF248spiTransEh)
    RF24::errNotify()                        0x08005369   Thumb Code     6  a_rf24.o(i._ZN4RF249errNotifyEv)
    RF24::RF24(unsigned short, unsigned short) 0x0800536f   Thumb Code    28  a_rf24.o(i._ZN4RF24C1Ett)
    RF24::RF24__sub_object(unsigned short, unsigned short) 0x0800536f   Thumb Code     0  a_rf24.o(i._ZN4RF24C1Ett)
    __0sprintf$8                             0x0800538d   Thumb Code    34  printf8.o(i.__0sprintf$8)
    __1sprintf$8                             0x0800538d   Thumb Code     0  printf8.o(i.__0sprintf$8)
    __2sprintf                               0x0800538d   Thumb Code     0  printf8.o(i.__0sprintf$8)
    __scatterload_copy                       0x080053ed   Thumb Code    14  handlers.o(i.__scatterload_copy)
    __scatterload_null                       0x080053fb   Thumb Code     2  handlers.o(i.__scatterload_null)
    __scatterload_zeroinit                   0x080053fd   Thumb Code    14  handlers.o(i.__scatterload_zeroinit)
    free                                     0x08005879   Thumb Code    76  malloc.o(i.free)
    main                                     0x080058c9   Thumb Code   178  maincpp.o(i.main)
    malloc                                   0x080059a5   Thumb Code    92  malloc.o(i.malloc)
    AHBPrescTable                            0x08005a10   Data          16  system_stm32f4xx.o(.constdata)
    APBPrescTable                            0x08005a20   Data           8  system_stm32f4xx.o(.constdata)
    Region$$Table$$Base                      0x08005a28   Number         0  anon$$obj.o(Region$$Table)
    Region$$Table$$Limit                     0x08005a48   Number         0  anon$$obj.o(Region$$Table)
    USBD_Interface_fops_FS                   0x20000000   Data          16  usbd_cdc_if.o(.data)
    FS_Desc                                  0x20000010   Data          28  usbd_desc.o(.data)
    USBD_FS_DeviceDesc                       0x2000002c   Data          18  usbd_desc.o(.data)
    USBD_LangIDDesc                          0x20000040   Data           4  usbd_desc.o(.data)
    USBD_StringSerial                        0x20000044   Data          26  usbd_desc.o(.data)
    uwTick                                   0x20000060   Data           4  stm32f4xx_hal.o(.data)
    uwTickPrio                               0x20000064   Data           4  stm32f4xx_hal.o(.data)
    uwTickFreq                               0x20000068   Data           1  stm32f4xx_hal.o(.data)
    SystemCoreClock                          0x2000006c   Data           4  system_stm32f4xx.o(.data)
    USBD_CDC                                 0x20000080   Data          56  usbd_cdc.o(.data)
    USBD_CDC_CfgHSDesc                       0x200000b8   Data          67  usbd_cdc.o(.data)
    USBD_CDC_CfgFSDesc                       0x200000fc   Data          67  usbd_cdc.o(.data)
    USBD_CDC_OtherSpeedCfgDesc               0x20000140   Data          67  usbd_cdc.o(.data)
    __microlib_freelist                      0x20000184   Data           4  mvars.o(.data)
    __microlib_freelist_initialised          0x20000188   Data           4  mvars.o(.data)
    hspi1                                    0x2000018c   Data          88  maincpp.o(.bss)
    huart4                                   0x200001e4   Data          64  maincpp.o(.bss)
    print_buffer                             0x20000224   Data         100  maincpp.o(.bss)
    nrf_receive                              0x20000288   Data         100  maincpp.o(.bss)
    hUsbDeviceFS                             0x200002ec   Data         668  usb_device.o(.bss)
    UserRxBufferFS                           0x20000588   Data        2048  usbd_cdc_if.o(.bss)
    UserTxBufferFS                           0x20000d88   Data        2048  usbd_cdc_if.o(.bss)
    hpcd_USB_OTG_FS                          0x20001588   Data        1032  usbd_conf.o(.bss)
    USBD_StrDesc                             0x20001990   Data         512  usbd_desc.o(.bss)
    __heap_base                              0x20001b90   Data           0  startup_stm32f407xx.o(HEAP)
    __heap_limit                             0x20003b90   Data           0  startup_stm32f407xx.o(HEAP)
    __initial_sp                             0x20007b90   Data           0  startup_stm32f407xx.o(STACK)



==============================================================================

Memory Map of the image

  Image Entry point : 0x08000189

  Load Region LR_IROM1 (Base: 0x08000000, Size: 0x00005bd4, Max: 0x00100000, ABSOLUTE, COMPRESSED[0x00005b0c])

    Execution Region ER_IROM1 (Exec base: 0x08000000, Load base: 0x08000000, Size: 0x00005a48, Max: 0x00100000, ABSOLUTE)

    Exec Addr    Load Addr    Size         Type   Attr      Idx    E Section Name        Object

    0x08000000   0x08000000   0x00000188   Data   RO            3    RESET               startup_stm32f407xx.o
    0x08000188   0x08000188   0x00000000   Code   RO         4162  * .ARM.Collect$$$$00000000  mc_w.l(entry.o)
    0x08000188   0x08000188   0x00000004   Code   RO         4464    .ARM.Collect$$$$00000001  mc_w.l(entry2.o)
    0x0800018c   0x0800018c   0x00000004   Code   RO         4467    .ARM.Collect$$$$00000004  mc_w.l(entry5.o)
    0x08000190   0x08000190   0x00000000   Code   RO         4469    .ARM.Collect$$$$00000008  mc_w.l(entry7b.o)
    0x08000190   0x08000190   0x00000000   Code   RO         4471    .ARM.Collect$$$$0000000A  mc_w.l(entry8b.o)
    0x08000190   0x08000190   0x00000008   Code   RO         4472    .ARM.Collect$$$$0000000B  mc_w.l(entry9a.o)
    0x08000198   0x08000198   0x00000000   Code   RO         4474    .ARM.Collect$$$$0000000D  mc_w.l(entry10a.o)
    0x08000198   0x08000198   0x00000000   Code   RO         4476    .ARM.Collect$$$$0000000F  mc_w.l(entry11a.o)
    0x08000198   0x08000198   0x00000004   Code   RO         4465    .ARM.Collect$$$$00002712  mc_w.l(entry2.o)
    0x0800019c   0x0800019c   0x00000024   Code   RO            4    .text               startup_stm32f407xx.o
    0x080001c0   0x080001c0   0x00000062   Code   RO         4165    .text               mc_w.l(uldiv.o)
    0x08000222   0x08000222   0x00000024   Code   RO         4167    .text               mc_w.l(memcpya.o)
    0x08000246   0x08000246   0x00000024   Code   RO         4169    .text               mc_w.l(memseta.o)
    0x0800026a   0x0800026a   0x0000000e   Code   RO         4171    .text               mc_w.l(strlen.o)
    0x08000278   0x08000278   0x0000001e   Code   RO         4483    .text               mc_w.l(llshl.o)
    0x08000296   0x08000296   0x00000020   Code   RO         4485    .text               mc_w.l(llushr.o)
    0x080002b6   0x080002b6   0x00000002   PAD
    0x080002b8   0x080002b8   0x00000024   Code   RO         4500    .text               mc_w.l(init.o)
    0x080002dc   0x080002dc   0x00000056   Code   RO         4516    .text               mc_w.l(__dczerorl2.o)
    0x08000332   0x08000332   0x00000004   Code   RO          365    i.BusFault_Handler  stm32f4xx_it.o
    0x08000336   0x08000336   0x00000044   Code   RO          510    i.CDC_Control_FS    usbd_cdc_if.o
    0x0800037a   0x0800037a   0x00000004   Code   RO          511    i.CDC_DeInit_FS     usbd_cdc_if.o
    0x0800037e   0x0800037e   0x00000002   PAD
    0x08000380   0x08000380   0x00000024   Code   RO          512    i.CDC_Init_FS       usbd_cdc_if.o
    0x080003a4   0x080003a4   0x0000001c   Code   RO          513    i.CDC_Receive_FS    usbd_cdc_if.o
    0x080003c0   0x080003c0   0x00000038   Code   RO          514    i.CDC_Transmit_FS   usbd_cdc_if.o
    0x080003f8   0x080003f8   0x00000002   Code   RO          366    i.DebugMon_Handler  stm32f4xx_it.o
    0x080003fa   0x080003fa   0x00000002   Code   RO           13    i.Error_Handler     maincpp.o
    0x080003fc   0x080003fc   0x00000034   Code   RO          770    i.Get_SerialNum     usbd_desc.o
    0x08000430   0x08000430   0x00000028   Code   RO         3040    i.HAL_Delay         stm32f4xx_hal.o
    0x08000458   0x08000458   0x00000200   Code   RO         2509    i.HAL_GPIO_Init     stm32f4xx_hal_gpio.o
    0x08000658   0x08000658   0x00000010   Code   RO         2511    i.HAL_GPIO_ReadPin  stm32f4xx_hal_gpio.o
    0x08000668   0x08000668   0x0000000c   Code   RO         2513    i.HAL_GPIO_WritePin  stm32f4xx_hal_gpio.o
    0x08000674   0x08000674   0x0000000c   Code   RO         3046    i.HAL_GetTick       stm32f4xx_hal.o
    0x08000680   0x08000680   0x00000018   Code   RO         3052    i.HAL_IncTick       stm32f4xx_hal.o
    0x08000698   0x08000698   0x0000003c   Code   RO         3053    i.HAL_Init          stm32f4xx_hal.o
    0x080006d4   0x080006d4   0x0000004c   Code   RO         3054    i.HAL_InitTick      stm32f4xx_hal.o
    0x08000720   0x08000720   0x00000048   Code   RO          223    i.HAL_MspInit       stm32f4xx_hal_msp.o
    0x08000768   0x08000768   0x00000020   Code   RO         2898    i.HAL_NVIC_EnableIRQ  stm32f4xx_hal_cortex.o
    0x08000788   0x08000788   0x0000007c   Code   RO         2904    i.HAL_NVIC_SetPriority  stm32f4xx_hal_cortex.o
    0x08000804   0x08000804   0x00000028   Code   RO         2905    i.HAL_NVIC_SetPriorityGrouping  stm32f4xx_hal_cortex.o
    0x0800082c   0x0800082c   0x00000002   Code   RO         1073    i.HAL_PCDEx_LPM_Callback  stm32f4xx_hal_pcd_ex.o
    0x0800082e   0x0800082e   0x0000000a   Code   RO         1074    i.HAL_PCDEx_SetRxFiFo  stm32f4xx_hal_pcd_ex.o
    0x08000838   0x08000838   0x0000004e   Code   RO         1075    i.HAL_PCDEx_SetTxFiFo  stm32f4xx_hal_pcd_ex.o
    0x08000886   0x08000886   0x0000000e   Code   RO          575    i.HAL_PCD_ConnectCallback  usbd_conf.o
    0x08000894   0x08000894   0x00000020   Code   RO          576    i.HAL_PCD_DataInStageCallback  usbd_conf.o
    0x080008b4   0x080008b4   0x00000020   Code   RO          577    i.HAL_PCD_DataOutStageCallback  usbd_conf.o
    0x080008d4   0x080008d4   0x0000000e   Code   RO          578    i.HAL_PCD_DisconnectCallback  usbd_conf.o
    0x080008e2   0x080008e2   0x0000006a   Code   RO          856    i.HAL_PCD_EP_Close  stm32f4xx_hal_pcd.o
    0x0800094c   0x0800094c   0x0000007c   Code   RO          857    i.HAL_PCD_EP_ClrStall  stm32f4xx_hal_pcd.o
    0x080009c8   0x080009c8   0x00000016   Code   RO          859    i.HAL_PCD_EP_GetRxCount  stm32f4xx_hal_pcd.o
    0x080009de   0x080009de   0x0000008c   Code   RO          860    i.HAL_PCD_EP_Open   stm32f4xx_hal_pcd.o
    0x08000a6a   0x08000a6a   0x00000058   Code   RO          861    i.HAL_PCD_EP_Receive  stm32f4xx_hal_pcd.o
    0x08000ac2   0x08000ac2   0x0000008a   Code   RO          862    i.HAL_PCD_EP_SetStall  stm32f4xx_hal_pcd.o
    0x08000b4c   0x08000b4c   0x0000005a   Code   RO          863    i.HAL_PCD_EP_Transmit  stm32f4xx_hal_pcd.o
    0x08000ba6   0x08000ba6   0x00000546   Code   RO          865    i.HAL_PCD_IRQHandler  stm32f4xx_hal_pcd.o
    0x080010ec   0x080010ec   0x00000012   Code   RO          579    i.HAL_PCD_ISOINIncompleteCallback  usbd_conf.o
    0x080010fe   0x080010fe   0x00000012   Code   RO          580    i.HAL_PCD_ISOOUTIncompleteCallback  usbd_conf.o
    0x08001110   0x08001110   0x00000158   Code   RO          868    i.HAL_PCD_Init      stm32f4xx_hal_pcd.o
    0x08001268   0x08001268   0x000000a8   Code   RO          582    i.HAL_PCD_MspInit   usbd_conf.o
    0x08001310   0x08001310   0x00000030   Code   RO          583    i.HAL_PCD_ResetCallback  usbd_conf.o
    0x08001340   0x08001340   0x0000000e   Code   RO          584    i.HAL_PCD_ResumeCallback  usbd_conf.o
    0x0800134e   0x0800134e   0x0000000e   Code   RO          585    i.HAL_PCD_SOFCallback  usbd_conf.o
    0x0800135c   0x0800135c   0x00000036   Code   RO          874    i.HAL_PCD_SetAddress  stm32f4xx_hal_pcd.o
    0x08001392   0x08001392   0x00000012   Code   RO          586    i.HAL_PCD_SetupStageCallback  usbd_conf.o
    0x080013a4   0x080013a4   0x0000004a   Code   RO          876    i.HAL_PCD_Start     stm32f4xx_hal_pcd.o
    0x080013ee   0x080013ee   0x00000002   PAD
    0x080013f0   0x080013f0   0x00000034   Code   RO          587    i.HAL_PCD_SuspendCallback  usbd_conf.o
    0x08001424   0x08001424   0x00000180   Code   RO         2110    i.HAL_RCC_ClockConfig  stm32f4xx_hal_rcc.o
    0x080015a4   0x080015a4   0x0000000c   Code   RO         2115    i.HAL_RCC_GetHCLKFreq  stm32f4xx_hal_rcc.o
    0x080015b0   0x080015b0   0x00000020   Code   RO         2117    i.HAL_RCC_GetPCLK1Freq  stm32f4xx_hal_rcc.o
    0x080015d0   0x080015d0   0x00000020   Code   RO         2118    i.HAL_RCC_GetPCLK2Freq  stm32f4xx_hal_rcc.o
    0x080015f0   0x080015f0   0x000000b0   Code   RO         2119    i.HAL_RCC_GetSysClockFreq  stm32f4xx_hal_rcc.o
    0x080016a0   0x080016a0   0x00000448   Code   RO         2122    i.HAL_RCC_OscConfig  stm32f4xx_hal_rcc.o
    0x08001ae8   0x08001ae8   0x0000008c   Code   RO         1431    i.HAL_SPI_Init      stm32f4xx_hal_spi.o
    0x08001b74   0x08001b74   0x00000088   Code   RO          225    i.HAL_SPI_MspInit   stm32f4xx_hal_msp.o
    0x08001bfc   0x08001bfc   0x00000164   Code   RO         1434    i.HAL_SPI_Receive   stm32f4xx_hal_spi.o
    0x08001d60   0x08001d60   0x000001a2   Code   RO         1439    i.HAL_SPI_Transmit  stm32f4xx_hal_spi.o
    0x08001f02   0x08001f02   0x0000022a   Code   RO         1440    i.HAL_SPI_TransmitReceive  stm32f4xx_hal_spi.o
    0x0800212c   0x0800212c   0x00000034   Code   RO         2909    i.HAL_SYSTICK_Config  stm32f4xx_hal_cortex.o
    0x08002160   0x08002160   0x00000072   Code   RO         1803    i.HAL_UART_Init     stm32f4xx_hal_uart.o
    0x080021d2   0x080021d2   0x00000002   Code   RO         1805    i.HAL_UART_MspInit  stm32f4xx_hal_uart.o
    0x080021d4   0x080021d4   0x00000004   Code   RO          367    i.HardFault_Handler  stm32f4xx_it.o
    0x080021d8   0x080021d8   0x0000003e   Code   RO          771    i.IntToUnicode      usbd_desc.o
    0x08002216   0x08002216   0x00000002   PAD
    0x08002218   0x08002218   0x0000004c   Code   RO          447    i.MX_USB_DEVICE_Init  usb_device.o
    0x08002264   0x08002264   0x00000004   Code   RO          368    i.MemManage_Handler  stm32f4xx_it.o
    0x08002268   0x08002268   0x00000002   Code   RO          369    i.NMI_Handler       stm32f4xx_it.o
    0x0800226a   0x0800226a   0x00000002   PAD
    0x0800226c   0x0800226c   0x00000010   Code   RO          370    i.OTG_FS_IRQHandler  stm32f4xx_it.o
    0x0800227c   0x0800227c   0x0000008c   Code   RO          879    i.PCD_EP_OutSetupPacket_int  stm32f4xx_hal_pcd.o
    0x08002308   0x08002308   0x00000180   Code   RO          880    i.PCD_EP_OutXfrComplete_int  stm32f4xx_hal_pcd.o
    0x08002488   0x08002488   0x000000b6   Code   RO          881    i.PCD_WriteEmptyTxFifo  stm32f4xx_hal_pcd.o
    0x0800253e   0x0800253e   0x00000002   Code   RO          371    i.PendSV_Handler    stm32f4xx_it.o
    0x08002540   0x08002540   0x0000004c   Code   RO         1468    i.SPI_EndRxTransaction  stm32f4xx_hal_spi.o
    0x0800258c   0x0800258c   0x00000028   Code   RO         1469    i.SPI_EndRxTxTransaction  stm32f4xx_hal_spi.o
    0x080025b4   0x080025b4   0x000000a8   Code   RO         1474    i.SPI_WaitFlagStateUntilTimeout  stm32f4xx_hal_spi.o
    0x0800265c   0x0800265c   0x00000002   Code   RO          372    i.SVC_Handler       stm32f4xx_it.o
    0x0800265e   0x0800265e   0x00000008   Code   RO          373    i.SysTick_Handler   stm32f4xx_it.o
    0x08002666   0x08002666   0x00000002   PAD
    0x08002668   0x08002668   0x00000064   Code   RO         3289    i.SystemInit        system_stm32f4xx.o
    0x080026cc   0x080026cc   0x00000368   Code   RO         1830    i.UART_SetConfig    stm32f4xx_hal_uart.o
    0x08002a34   0x08002a34   0x0000007c   Code   RO         3618    i.USBD_CDC_DataIn   usbd_cdc.o
    0x08002ab0   0x08002ab0   0x00000034   Code   RO         3619    i.USBD_CDC_DataOut  usbd_cdc.o
    0x08002ae4   0x08002ae4   0x0000004e   Code   RO         3620    i.USBD_CDC_DeInit   usbd_cdc.o
    0x08002b32   0x08002b32   0x00000032   Code   RO         3621    i.USBD_CDC_EP0_RxReady  usbd_cdc.o
    0x08002b64   0x08002b64   0x00000010   Code   RO         3622    i.USBD_CDC_GetDeviceQualifierDescriptor  usbd_cdc.o
    0x08002b74   0x08002b74   0x00000010   Code   RO         3623    i.USBD_CDC_GetFSCfgDesc  usbd_cdc.o
    0x08002b84   0x08002b84   0x00000010   Code   RO         3624    i.USBD_CDC_GetHSCfgDesc  usbd_cdc.o
    0x08002b94   0x08002b94   0x00000010   Code   RO         3625    i.USBD_CDC_GetOtherSpeedCfgDesc  usbd_cdc.o
    0x08002ba4   0x08002ba4   0x000000b8   Code   RO         3626    i.USBD_CDC_Init     usbd_cdc.o
    0x08002c5c   0x08002c5c   0x0000003a   Code   RO         3627    i.USBD_CDC_ReceivePacket  usbd_cdc.o
    0x08002c96   0x08002c96   0x0000000e   Code   RO         3628    i.USBD_CDC_RegisterInterface  usbd_cdc.o
    0x08002ca4   0x08002ca4   0x0000000e   Code   RO         3629    i.USBD_CDC_SetRxBuffer  usbd_cdc.o
    0x08002cb2   0x08002cb2   0x00000014   Code   RO         3630    i.USBD_CDC_SetTxBuffer  usbd_cdc.o
    0x08002cc6   0x08002cc6   0x000000f4   Code   RO         3631    i.USBD_CDC_Setup    usbd_cdc.o
    0x08002dba   0x08002dba   0x0000003e   Code   RO         3632    i.USBD_CDC_TransmitPacket  usbd_cdc.o
    0x08002df8   0x08002df8   0x00000016   Code   RO         3325    i.USBD_ClrClassConfig  usbd_core.o
    0x08002e0e   0x08002e0e   0x0000003e   Code   RO         3463    i.USBD_ClrFeature   usbd_ctlreq.o
    0x08002e4c   0x08002e4c   0x00000018   Code   RO         3558    i.USBD_CtlContinueRx  usbd_ioreq.o
    0x08002e64   0x08002e64   0x00000018   Code   RO         3559    i.USBD_CtlContinueSendData  usbd_ioreq.o
    0x08002e7c   0x08002e7c   0x00000018   Code   RO         3464    i.USBD_CtlError     usbd_ctlreq.o
    0x08002e94   0x08002e94   0x00000028   Code   RO         3560    i.USBD_CtlPrepareRx  usbd_ioreq.o
    0x08002ebc   0x08002ebc   0x0000001a   Code   RO         3561    i.USBD_CtlReceiveStatus  usbd_ioreq.o
    0x08002ed6   0x08002ed6   0x00000022   Code   RO         3562    i.USBD_CtlSendData  usbd_ioreq.o
    0x08002ef8   0x08002ef8   0x0000001a   Code   RO         3563    i.USBD_CtlSendStatus  usbd_ioreq.o
    0x08002f12   0x08002f12   0x00000002   PAD
    0x08002f14   0x08002f14   0x00000034   Code   RO          772    i.USBD_FS_ConfigStrDescriptor  usbd_desc.o
    0x08002f48   0x08002f48   0x00000010   Code   RO          773    i.USBD_FS_DeviceDescriptor  usbd_desc.o
    0x08002f58   0x08002f58   0x00000038   Code   RO          774    i.USBD_FS_InterfaceStrDescriptor  usbd_desc.o
    0x08002f90   0x08002f90   0x00000010   Code   RO          775    i.USBD_FS_LangIDStrDescriptor  usbd_desc.o
    0x08002fa0   0x08002fa0   0x0000002c   Code   RO          776    i.USBD_FS_ManufacturerStrDescriptor  usbd_desc.o
    0x08002fcc   0x08002fcc   0x00000040   Code   RO          777    i.USBD_FS_ProductStrDescriptor  usbd_desc.o
    0x0800300c   0x0800300c   0x00000018   Code   RO          778    i.USBD_FS_SerialStrDescriptor  usbd_desc.o
    0x08003024   0x08003024   0x00000056   Code   RO         3465    i.USBD_GetConfig    usbd_ctlreq.o
    0x0800307a   0x0800307a   0x00000152   Code   RO         3466    i.USBD_GetDescriptor  usbd_ctlreq.o
    0x080031cc   0x080031cc   0x00000014   Code   RO         3467    i.USBD_GetLen       usbd_ctlreq.o
    0x080031e0   0x080031e0   0x0000005a   Code   RO         3468    i.USBD_GetStatus    usbd_ctlreq.o
    0x0800323a   0x0800323a   0x00000052   Code   RO         3469    i.USBD_GetString    usbd_ctlreq.o
    0x0800328c   0x0800328c   0x0000002c   Code   RO          588    i.USBD_Get_USB_Status  usbd_conf.o
    0x080032b8   0x080032b8   0x00000032   Code   RO         3327    i.USBD_Init         usbd_core.o
    0x080032ea   0x080032ea   0x00000026   Code   RO          589    i.USBD_LL_ClearStallEP  usbd_conf.o
    0x08003310   0x08003310   0x00000026   Code   RO          590    i.USBD_LL_CloseEP   usbd_conf.o
    0x08003336   0x08003336   0x00000100   Code   RO         3328    i.USBD_LL_DataInStage  usbd_core.o
    0x08003436   0x08003436   0x000000a6   Code   RO         3329    i.USBD_LL_DataOutStage  usbd_core.o
    0x080034dc   0x080034dc   0x00000006   Code   RO         3330    i.USBD_LL_DevConnected  usbd_core.o
    0x080034e2   0x080034e2   0x0000001a   Code   RO         3331    i.USBD_LL_DevDisconnected  usbd_core.o
    0x080034fc   0x080034fc   0x00000012   Code   RO          594    i.USBD_LL_GetRxDataSize  usbd_conf.o
    0x0800350e   0x0800350e   0x00000002   PAD
    0x08003510   0x08003510   0x00000068   Code   RO          595    i.USBD_LL_Init      usbd_conf.o
    0x08003578   0x08003578   0x00000038   Code   RO          596    i.USBD_LL_IsStallEP  usbd_conf.o
    0x080035b0   0x080035b0   0x00000006   Code   RO         3332    i.USBD_LL_IsoINIncomplete  usbd_core.o
    0x080035b6   0x080035b6   0x00000006   Code   RO         3333    i.USBD_LL_IsoOUTIncomplete  usbd_core.o
    0x080035bc   0x080035bc   0x00000030   Code   RO          597    i.USBD_LL_OpenEP    usbd_conf.o
    0x080035ec   0x080035ec   0x00000030   Code   RO          598    i.USBD_LL_PrepareReceive  usbd_conf.o
    0x0800361c   0x0800361c   0x0000005c   Code   RO         3334    i.USBD_LL_Reset     usbd_core.o
    0x08003678   0x08003678   0x0000000e   Code   RO         3335    i.USBD_LL_Resume    usbd_core.o
    0x08003686   0x08003686   0x00000022   Code   RO         3336    i.USBD_LL_SOF       usbd_core.o
    0x080036a8   0x080036a8   0x00000008   Code   RO         3337    i.USBD_LL_SetSpeed  usbd_core.o
    0x080036b0   0x080036b0   0x00000026   Code   RO          599    i.USBD_LL_SetUSBAddress  usbd_conf.o
    0x080036d6   0x080036d6   0x0000006e   Code   RO         3338    i.USBD_LL_SetupStage  usbd_core.o
    0x08003744   0x08003744   0x00000026   Code   RO          600    i.USBD_LL_StallEP   usbd_conf.o
    0x0800376a   0x0800376a   0x0000001e   Code   RO          601    i.USBD_LL_Start     usbd_conf.o
    0x08003788   0x08003788   0x00000014   Code   RO         3339    i.USBD_LL_Suspend   usbd_core.o
    0x0800379c   0x0800379c   0x00000030   Code   RO          603    i.USBD_LL_Transmit  usbd_conf.o
    0x080037cc   0x080037cc   0x00000028   Code   RO         3470    i.USBD_ParseSetupRequest  usbd_ctlreq.o
    0x080037f4   0x080037f4   0x00000010   Code   RO         3340    i.USBD_RegisterClass  usbd_core.o
    0x08003804   0x08003804   0x00000006   Code   RO         3341    i.USBD_RunTestMode  usbd_core.o
    0x0800380a   0x0800380a   0x0000005a   Code   RO         3471    i.USBD_SetAddress   usbd_ctlreq.o
    0x08003864   0x08003864   0x00000022   Code   RO         3342    i.USBD_SetClassConfig  usbd_core.o
    0x08003886   0x08003886   0x00000002   PAD
    0x08003888   0x08003888   0x000000e8   Code   RO         3472    i.USBD_SetConfig    usbd_ctlreq.o
    0x08003970   0x08003970   0x00000018   Code   RO         3473    i.USBD_SetFeature   usbd_ctlreq.o
    0x08003988   0x08003988   0x0000000e   Code   RO         3343    i.USBD_Start        usbd_core.o
    0x08003996   0x08003996   0x000000a2   Code   RO         3474    i.USBD_StdDevReq    usbd_ctlreq.o
    0x08003a38   0x08003a38   0x00000238   Code   RO         3475    i.USBD_StdEPReq     usbd_ctlreq.o
    0x08003c70   0x08003c70   0x0000007e   Code   RO         3476    i.USBD_StdItfReq    usbd_ctlreq.o
    0x08003cee   0x08003cee   0x00000002   PAD
    0x08003cf0   0x08003cf0   0x000000d0   Code   RO         1115    i.USB_ActivateEndpoint  stm32f4xx_ll_usb.o
    0x08003dc0   0x08003dc0   0x00000046   Code   RO         1117    i.USB_ActivateSetup  stm32f4xx_ll_usb.o
    0x08003e06   0x08003e06   0x00000002   PAD
    0x08003e08   0x08003e08   0x00000084   Code   RO         1119    i.USB_CoreInit      stm32f4xx_ll_usb.o
    0x08003e8c   0x08003e8c   0x0000004c   Code   RO         1120    i.USB_CoreReset     stm32f4xx_ll_usb.o
    0x08003ed8   0x08003ed8   0x000000c4   Code   RO         1123    i.USB_DeactivateEndpoint  stm32f4xx_ll_usb.o
    0x08003f9c   0x08003f9c   0x00000020   Code   RO         1124    i.USB_DevConnect    stm32f4xx_ll_usb.o
    0x08003fbc   0x08003fbc   0x00000020   Code   RO         1125    i.USB_DevDisconnect  stm32f4xx_ll_usb.o
    0x08003fdc   0x08003fdc   0x000001f4   Code   RO         1126    i.USB_DevInit       stm32f4xx_ll_usb.o
    0x080041d0   0x080041d0   0x0000000e   Code   RO         1127    i.USB_DisableGlobalInt  stm32f4xx_ll_usb.o
    0x080041de   0x080041de   0x00000002   PAD
    0x080041e0   0x080041e0   0x000001c0   Code   RO         1130    i.USB_EP0StartXfer  stm32f4xx_ll_usb.o
    0x080043a0   0x080043a0   0x00000070   Code   RO         1131    i.USB_EP0_OutStart  stm32f4xx_ll_usb.o
    0x08004410   0x08004410   0x0000008e   Code   RO         1132    i.USB_EPClearStall  stm32f4xx_ll_usb.o
    0x0800449e   0x0800449e   0x0000009a   Code   RO         1133    i.USB_EPSetStall    stm32f4xx_ll_usb.o
    0x08004538   0x08004538   0x000002f0   Code   RO         1134    i.USB_EPStartXfer   stm32f4xx_ll_usb.o
    0x08004828   0x08004828   0x0000000e   Code   RO         1135    i.USB_EnableGlobalInt  stm32f4xx_ll_usb.o
    0x08004836   0x08004836   0x00000002   PAD
    0x08004838   0x08004838   0x0000002c   Code   RO         1136    i.USB_FlushRxFifo   stm32f4xx_ll_usb.o
    0x08004864   0x08004864   0x00000030   Code   RO         1137    i.USB_FlushTxFifo   stm32f4xx_ll_usb.o
    0x08004894   0x08004894   0x00000026   Code   RO         1139    i.USB_GetDevSpeed   stm32f4xx_ll_usb.o
    0x080048ba   0x080048ba   0x0000000a   Code   RO         1141    i.USB_GetMode       stm32f4xx_ll_usb.o
    0x080048c4   0x080048c4   0x00000014   Code   RO         1148    i.USB_ReadDevAllInEpInterrupt  stm32f4xx_ll_usb.o
    0x080048d8   0x080048d8   0x00000014   Code   RO         1149    i.USB_ReadDevAllOutEpInterrupt  stm32f4xx_ll_usb.o
    0x080048ec   0x080048ec   0x00000032   Code   RO         1150    i.USB_ReadDevInEPInterrupt  stm32f4xx_ll_usb.o
    0x0800491e   0x0800491e   0x0000001a   Code   RO         1151    i.USB_ReadDevOutEPInterrupt  stm32f4xx_ll_usb.o
    0x08004938   0x08004938   0x0000000a   Code   RO         1152    i.USB_ReadInterrupts  stm32f4xx_ll_usb.o
    0x08004942   0x08004942   0x00000022   Code   RO         1153    i.USB_ReadPacket    stm32f4xx_ll_usb.o
    0x08004964   0x08004964   0x00000036   Code   RO         1155    i.USB_SetCurrentMode  stm32f4xx_ll_usb.o
    0x0800499a   0x0800499a   0x0000002a   Code   RO         1156    i.USB_SetDevAddress  stm32f4xx_ll_usb.o
    0x080049c4   0x080049c4   0x00000012   Code   RO         1157    i.USB_SetDevSpeed   stm32f4xx_ll_usb.o
    0x080049d6   0x080049d6   0x00000002   PAD
    0x080049d8   0x080049d8   0x000000e8   Code   RO         1158    i.USB_SetTurnaroundTime  stm32f4xx_ll_usb.o
    0x08004ac0   0x08004ac0   0x0000003c   Code   RO         1161    i.USB_WritePacket   stm32f4xx_ll_usb.o
    0x08004afc   0x08004afc   0x00000004   Code   RO          374    i.UsageFault_Handler  stm32f4xx_it.o
    0x08004b00   0x08004b00   0x00000148   Code   RO           14    i._Z12MX_GPIO_Initv  maincpp.o
    0x08004c48   0x08004c48   0x00000044   Code   RO           15    i._Z12MX_SPI1_Initv  maincpp.o
    0x08004c8c   0x08004c8c   0x00000038   Code   RO           16    i._Z13MX_UART4_Initv  maincpp.o
    0x08004cc4   0x08004cc4   0x000000a8   Code   RO           17    i._Z18SystemClock_Configv  maincpp.o
    0x08004d6c   0x08004d6c   0x0000000e   Code   RO         3726    i._ZN4RF2410get_statusEv  a_rf24.o
    0x08004d7a   0x08004d7a   0x0000001e   Code   RO         3731    i._ZN4RF2410setChannelEh  a_rf24.o
    0x08004d98   0x08004d98   0x00000034   Code   RO         3732    i._ZN4RF2410setPALevelEh  a_rf24.o
    0x08004dcc   0x08004dcc   0x0000001e   Code   RO         3733    i._ZN4RF2410setRetriesEhh  a_rf24.o
    0x08004dea   0x08004dea   0x00000056   Code   RO         3736    i._ZN4RF2411setDataRateE15rf24_datarate_e  a_rf24.o
    0x08004e40   0x08004e40   0x00000058   Code   RO         3742    i._ZN4RF2413read_registerEh  a_rf24.o
    0x08004e98   0x08004e98   0x00000070   Code   RO         3744    i._ZN4RF2413stopListeningEv  a_rf24.o
    0x08004f08   0x08004f08   0x000000d0   Code   RO         3746    i._ZN4RF2413write_payloadEPKvhh  a_rf24.o
    0x08004fd8   0x08004fd8   0x00000036   Code   RO         3749    i._ZN4RF2414startFastWriteEPKvhbb  a_rf24.o
    0x0800500e   0x0800500e   0x00000002   PAD
    0x08005010   0x08005010   0x00000064   Code   RO         3751    i._ZN4RF2414write_registerEhPKhh  a_rf24.o
    0x08005074   0x08005074   0x00000098   Code   RO         3752    i._ZN4RF2414write_registerEhh  a_rf24.o
    0x0800510c   0x0800510c   0x0000002a   Code   RO         3756    i._ZN4RF2415openWritingPipeEPKh  a_rf24.o
    0x08005136   0x08005136   0x00000002   PAD
    0x08005138   0x08005138   0x0000004c   Code   RO         3759    i._ZN4RF2415toggle_featuresEv  a_rf24.o
    0x08005184   0x08005184   0x00000024   Code   RO         3768    i._ZN4RF242ceEb     a_rf24.o
    0x080051a8   0x080051a8   0x000000a6   Code   RO         3771    i._ZN4RF245beginEv  a_rf24.o
    0x0800524e   0x0800524e   0x00000016   Code   RO         3772    i._ZN4RF245writeEPKvh  a_rf24.o
    0x08005264   0x08005264   0x00000078   Code   RO         3773    i._ZN4RF245writeEPKvhb  a_rf24.o
    0x080052dc   0x080052dc   0x00000028   Code   RO         3775    i._ZN4RF247powerUpEv  a_rf24.o
    0x08005304   0x08005304   0x0000000e   Code   RO         3778    i._ZN4RF248flush_rxEv  a_rf24.o
    0x08005312   0x08005312   0x0000000e   Code   RO         3779    i._ZN4RF248flush_txEv  a_rf24.o
    0x08005320   0x08005320   0x00000048   Code   RO         3780    i._ZN4RF248spiTransEh  a_rf24.o
    0x08005368   0x08005368   0x00000006   Code   RO         3783    i._ZN4RF249errNotifyEv  a_rf24.o
    0x0800536e   0x0800536e   0x0000001c   Code   RO         3789    i._ZN4RF24C1Ett     a_rf24.o
    0x0800538a   0x0800538a   0x00000002   PAD
    0x0800538c   0x0800538c   0x00000028   Code   RO         4384    i.__0sprintf$8      mc_w.l(printf8.o)
    0x080053b4   0x080053b4   0x00000010   Code   RO         2911    i.__NVIC_GetPriorityGrouping  stm32f4xx_hal_cortex.o
    0x080053c4   0x080053c4   0x00000028   Code   RO         2912    i.__NVIC_SetPriority  stm32f4xx_hal_cortex.o
    0x080053ec   0x080053ec   0x0000000e   Code   RO         4510    i.__scatterload_copy  mc_w.l(handlers.o)
    0x080053fa   0x080053fa   0x00000002   Code   RO         4511    i.__scatterload_null  mc_w.l(handlers.o)
    0x080053fc   0x080053fc   0x0000000e   Code   RO         4512    i.__scatterload_zeroinit  mc_w.l(handlers.o)
    0x0800540a   0x0800540a   0x00000002   PAD
    0x0800540c   0x0800540c   0x00000410   Code   RO         4389    i._printf_core      mc_w.l(printf8.o)
    0x0800581c   0x0800581c   0x00000024   Code   RO         4390    i._printf_post_padding  mc_w.l(printf8.o)
    0x08005840   0x08005840   0x0000002e   Code   RO         4391    i._printf_pre_padding  mc_w.l(printf8.o)
    0x0800586e   0x0800586e   0x0000000a   Code   RO         4393    i._sputc            mc_w.l(printf8.o)
    0x08005878   0x08005878   0x00000050   Code   RO         4436    i.free              mc_w.l(malloc.o)
    0x080058c8   0x080058c8   0x000000dc   Code   RO           18    i.main              maincpp.o
    0x080059a4   0x080059a4   0x0000006c   Code   RO         4437    i.malloc            mc_w.l(malloc.o)
    0x08005a10   0x08005a10   0x00000018   Data   RO         3290    .constdata          system_stm32f4xx.o
    0x08005a28   0x08005a28   0x00000020   Data   RO         4508    Region$$Table       anon$$obj.o


    Execution Region RW_IRAM1 (Exec base: 0x20000000, Load base: 0x08005a48, Size: 0x00007b90, Max: 0x00020000, ABSOLUTE, COMPRESSED[0x000000c4])

    Exec Addr    Load Addr    Size         Type   Attr      Idx    E Section Name        Object

    0x20000000   COMPRESSED   0x00000010   Data   RW          516    .data               usbd_cdc_if.o
    0x20000010   COMPRESSED   0x0000004e   Data   RW          780    .data               usbd_desc.o
    0x2000005e   COMPRESSED   0x00000002   PAD
    0x20000060   COMPRESSED   0x00000009   Data   RW         3060    .data               stm32f4xx_hal.o
    0x20000069   COMPRESSED   0x00000003   PAD
    0x2000006c   COMPRESSED   0x00000004   Data   RW         3291    .data               system_stm32f4xx.o
    0x20000070   COMPRESSED   0x00000001   Data   RW         3477    .data               usbd_ctlreq.o
    0x20000071   COMPRESSED   0x00000003   PAD
    0x20000074   COMPRESSED   0x0000010f   Data   RW         3633    .data               usbd_cdc.o
    0x20000183   COMPRESSED   0x00000001   PAD
    0x20000184   COMPRESSED   0x00000004   Data   RW         4487    .data               mc_w.l(mvars.o)
    0x20000188   COMPRESSED   0x00000004   Data   RW         4488    .data               mc_w.l(mvars.o)
    0x2000018c        -       0x00000160   Zero   RW           25    .bss                maincpp.o
    0x200002ec        -       0x0000029c   Zero   RW          448    .bss                usb_device.o
    0x20000588        -       0x00001000   Zero   RW          515    .bss                usbd_cdc_if.o
    0x20001588        -       0x00000408   Zero   RW          604    .bss                usbd_conf.o
    0x20001990        -       0x00000200   Zero   RW          779    .bss                usbd_desc.o
    0x20001b90        -       0x00002000   Zero   RW            2    HEAP                startup_stm32f407xx.o
    0x20003b90        -       0x00004000   Zero   RW            1    STACK               startup_stm32f407xx.o


==============================================================================

Image component sizes


      Code (inc. data)   RO Data    RW Data    ZI Data      Debug   Object Name

      1562        128          0          0          0      14060   a_rf24.o
       842         90          0          0        352     667884   maincpp.o
        36          8        392          0      24576        840   startup_stm32f407xx.o
       212         36          0          9          0       4577   stm32f4xx_hal.o
       304         22          0          0          0      34475   stm32f4xx_hal_cortex.o
       540         46          0          0          0       2995   stm32f4xx_hal_gpio.o
       208         18          0          0          0     675748   stm32f4xx_hal_msp.o
      3236         18          0          0          0      12893   stm32f4xx_hal_pcd.o
        90          0          0          0          0       2441   stm32f4xx_hal_pcd_ex.o
      1732         84          0          0          0       5548   stm32f4xx_hal_rcc.o
      1752          0          0          0          0       7622   stm32f4xx_hal_spi.o
       988          8          0          0          0       2371   stm32f4xx_hal_uart.o
        48          6          0          0          0       4574   stm32f4xx_it.o
      3588        112          0          0          0      22710   stm32f4xx_ll_usb.o
       100         18         24          4          0       1147   system_stm32f4xx.o
        76         16          0          0        668       7023   usb_device.o
       964         24          0        271          0      13530   usbd_cdc.o
       192         22          0         16       4096       3488   usbd_cdc_if.o
       990         18          0          0       1032      15592   usbd_conf.o
       886          0          0          0          0      13025   usbd_core.o
      1944         28          0          1          0      11116   usbd_ctlreq.o
       386        122          0         78        512       6597   usbd_desc.o
       174          0          0          0          0       4732   usbd_ioreq.o

    ----------------------------------------------------------------------
     20882        824        448        388      31236    1534988   Object Totals
         0          0         32          0          0          0   (incl. Generated)
        32          0          0          9          0          0   (incl. Padding)

    ----------------------------------------------------------------------

      Code (inc. data)   RO Data    RW Data    ZI Data      Debug   Library Member Name

        86          0          0          0          0          0   __dczerorl2.o
         0          0          0          0          0          0   entry.o
         0          0          0          0          0          0   entry10a.o
         0          0          0          0          0          0   entry11a.o
         8          4          0          0          0          0   entry2.o
         4          0          0          0          0          0   entry5.o
         0          0          0          0          0          0   entry7b.o
         0          0          0          0          0          0   entry8b.o
         8          4          0          0          0          0   entry9a.o
        30          0          0          0          0          0   handlers.o
        36          8          0          0          0         68   init.o
        30          0          0          0          0         68   llshl.o
        32          0          0          0          0         68   llushr.o
       188         20          0          0          0        160   malloc.o
        36          0          0          0          0         68   memcpya.o
        36          0          0          0          0        108   memseta.o
         0          0          0          8          0          0   mvars.o
      1172         50          0          0          0        420   printf8.o
        14          0          0          0          0         68   strlen.o
        98          0          0          0          0         92   uldiv.o

    ----------------------------------------------------------------------
      1782         86          0          8          0       1120   Library Totals
         4          0          0          0          0          0   (incl. Padding)

    ----------------------------------------------------------------------

      Code (inc. data)   RO Data    RW Data    ZI Data      Debug   Library Name

      1778         86          0          8          0       1120   mc_w.l

    ----------------------------------------------------------------------
      1782         86          0          8          0       1120   Library Totals

    ----------------------------------------------------------------------

==============================================================================


      Code (inc. data)   RO Data    RW Data    ZI Data      Debug   

     22664        910        448        396      31236    1515472   Grand Totals
     22664        910        448        196      31236    1515472   ELF Image Totals (compressed)
     22664        910        448        196          0          0   ROM Totals

==============================================================================

    Total RO  Size (Code + RO Data)                23112 (  22.57kB)
    Total RW  Size (RW Data + ZI Data)             31632 (  30.89kB)
    Total ROM Size (Code + RO Data + RW Data)      23308 (  22.76kB)

==============================================================================

